typed outputs 80
[
  {
    "block": 1,
    "query": "q01",
    "query_ratio": 0.9801687055042984,
    "parent_ms": 5534.125421,
    "candidate_ms": 5424.37655,
    "parent_plan_ms": 243.466725,
    "candidate_plan_ms": 246.921352,
    "parent_execute_ms": 5246.171779,
    "candidate_execute_ms": 5119.392369,
    "optimized_plan_equal": true,
    "physical_plan_equal": true
  },
  {
    "block": 1,
    "query": "q06",
    "query_ratio": 0.9919205942810816,
    "parent_ms": 293.990311,
    "candidate_ms": 291.615044,
    "parent_plan_ms": 134.232782,
    "candidate_plan_ms": 128.065438,
    "parent_execute_ms": 154.801147,
    "candidate_execute_ms": 151.700149,
    "optimized_plan_equal": true,
    "physical_plan_equal": true
  },
  {
    "block": 1,
    "query": "q12",
    "query_ratio": 1.0443568373725254,
    "parent_ms": 331.19320200000004,
    "candidate_ms": 345.883885,
    "parent_plan_ms": 245.632531,
    "candidate_plan_ms": 248.984558,
    "parent_execute_ms": 89.12650900000001,
    "candidate_execute_ms": 86.397362,
    "optimized_plan_equal": true,
    "physical_plan_equal": true
  },
  {
    "block": 1,
    "query": "q18",
    "query_ratio": 0.969470424764929,
    "parent_ms": 4127.919633,
    "candidate_ms": 4001.896,
    "parent_plan_ms": 162.219653,
    "candidate_plan_ms": 187.849916,
    "parent_execute_ms": 3939.248067,
    "candidate_execute_ms": 3802.640798,
    "optimized_plan_equal": true,
    "physical_plan_equal": true
  },
  {
    "block": 1,
    "query": "q09",
    "query_ratio": 1.0033080220687332,
    "parent_ms": 1277.16258,
    "candidate_ms": 1281.3874620000001,
    "parent_plan_ms": 220.460227,
    "candidate_plan_ms": 222.59357,
    "parent_execute_ms": 1044.639415,
    "candidate_execute_ms": 1048.031551,
    "optimized_plan_equal": true,
    "physical_plan_equal": true
  },
  {
    "block": 2,
    "query": "q01",
    "query_ratio": 0.9919304447097739,
    "parent_ms": 5536.323675000001,
    "candidate_ms": 5491.648005,
    "parent_plan_ms": 265.38925800000004,
    "candidate_plan_ms": 246.38417900000002,
    "parent_execute_ms": 5258.788744,
    "candidate_execute_ms": 5240.92886,
    "optimized_plan_equal": true,
    "physical_plan_equal": true
  },
  {
    "block": 2,
    "query": "q06",
    "query_ratio": 0.8325784320996532,
    "parent_ms": 360.131217,
    "candidate_ms": 299.83748399999996,
    "parent_plan_ms": 147.628534,
    "candidate_plan_ms": 134.14747599999998,
    "parent_execute_ms": 166.44460999999998,
    "candidate_execute_ms": 158.377624,
    "optimized_plan_equal": true,
    "physical_plan_equal": true
  },
  {
    "block": 2,
    "query": "q12",
    "query_ratio": 0.9662763315110209,
    "parent_ms": 352.84293,
    "candidate_ms": 340.94377199999997,
    "parent_plan_ms": 269.799782,
    "candidate_plan_ms": 242.858565,
    "parent_execute_ms": 97.694368,
    "candidate_execute_ms": 88.319089,
    "optimized_plan_equal": true,
    "physical_plan_equal": true
  },
  {
    "block": 2,
    "query": "q18",
    "query_ratio": 1.002913115132803,
    "parent_ms": 4045.3135089999996,
    "candidate_ms": 4057.0979730000004,
    "parent_plan_ms": 180.88970500000002,
    "candidate_plan_ms": 173.733406,
    "parent_execute_ms": 3857.606846,
    "candidate_execute_ms": 3876.7036479999997,
    "optimized_plan_equal": true,
    "physical_plan_equal": true
  },
  {
    "block": 2,
    "query": "q09",
    "query_ratio": 1.0334596678991375,
    "parent_ms": 1266.8641579999999,
    "candidate_ms": 1309.2530120000001,
    "parent_plan_ms": 223.184777,
    "candidate_plan_ms": 237.507239,
    "parent_execute_ms": 1040.048612,
    "candidate_execute_ms": 1077.244426,
    "optimized_plan_equal": true,
    "physical_plan_equal": true
  }
]
