1 baseline raw_parquet_generic q06 exit 0 typed [True] ms [186.588138]
1 control raw_parquet_generic q06 exit 0 typed [True] ms [376.338644]
1 candidate raw_parquet_generic q06 exit 0 typed [True] ms [341.709958]
1 baseline raw_parquet q06 exit 0 typed [True] ms [174.602115]
1 baseline raw_parquet q09 exit 0 typed [True] ms [1390.822206]
1 control raw_parquet q06 exit 0 typed [True] ms [195.543577]
1 control raw_parquet q09 exit 0 typed [True] ms [1377.6360240000001]
1 candidate raw_parquet q06 exit 0 typed [True] ms [187.279478]
1 candidate raw_parquet q09 exit 0 typed [True] ms [1302.32331]
1 baseline native q06 exit 0 typed [True] ms [837.731016]
1 baseline native q09 exit 0 typed [True] ms [2577.167406]
1 control native q06 exit 0 typed [True] ms [803.152913]
1 control native q09 exit 0 typed [True] ms [2577.7630839999997]
1 candidate native q06 exit 0 typed [True] ms [941.995507]
1 candidate native q09 exit 0 typed [True] ms [2661.087878]
1 baseline cpu_resident_4t_32g q06 exit 0 typed [True] ms [626.46154]
1 baseline cpu_resident_4t_32g q09 exit 0 typed [True] ms [2374.480882]
1 control cpu_resident_4t_32g q06 exit 0 typed [True] ms [748.210276]
1 control cpu_resident_4t_32g q09 exit 0 typed [True] ms [2321.482646]
1 candidate cpu_resident_4t_32g q06 exit 0 typed [True] ms [755.375043]
1 candidate cpu_resident_4t_32g q09 exit 0 typed [True] ms [2395.054195]
2 candidate raw_parquet_generic q06 exit 0 typed [True] ms [340.935506]
2 control raw_parquet_generic q06 exit 0 typed [True] ms [384.03472700000003]
2 baseline raw_parquet_generic q06 exit 0 typed [True] ms [186.68838]
2 candidate raw_parquet q06 exit 0 typed [True] ms [190.368022]
2 candidate raw_parquet q09 exit 0 typed [True] ms [1425.579379]
2 control raw_parquet q06 exit 0 typed [True] ms [206.399888]
2 control raw_parquet q09 exit 0 typed [True] ms [1411.566007]
2 baseline raw_parquet q06 exit 0 typed [True] ms [173.522173]
2 baseline raw_parquet q09 exit 0 typed [True] ms [1376.551134]
2 candidate native q06 exit 0 typed [True] ms [987.7587960000001]
2 candidate native q09 exit 0 typed [True] ms [2628.916945]
2 control native q06 exit 0 typed [True] ms [1344.857107]
2 control native q09 exit 0 typed [True] ms [2548.606086]
2 baseline native q06 exit 0 typed [True] ms [776.4369730000001]
2 baseline native q09 exit 0 typed [True] ms [2605.7459120000003]
2 candidate cpu_resident_4t_32g q06 exit 0 typed [True] ms [750.699918]
2 candidate cpu_resident_4t_32g q09 exit 0 typed [True] ms [2412.7864720000002]
2 control cpu_resident_4t_32g q06 exit 0 typed [True] ms [768.960122]
2 control cpu_resident_4t_32g q09 exit 0 typed [True] ms [2323.082822]
2 baseline cpu_resident_4t_32g q06 exit 0 typed [True] ms [629.4437859999999]
2 baseline cpu_resident_4t_32g q09 exit 0 typed [True] ms [2388.913489]
