[mem-cap] process hard-capped at 12.0G anonymous memory (RLIMIT_DATA; the engine aborts if exceeded, the terminal survives; size with QE_MEM_CAP)
[lance-scan]     3.6ms           5 rows 1 cols ["r_regionkey"]
[lance-scan]     1.2ms           5 rows 2 cols ["r_name", "r_comment"]
[lance-scan]     0.8ms          25 rows 2 cols ["n_nationkey", "n_regionkey"]
[lance-scan]     1.0ms          25 rows 2 cols ["n_name", "n_comment"]
[lance-scan]     2.2ms      100000 rows 2 cols ["s_suppkey", "s_nationkey"]
[lance-scan]    13.4ms      100000 rows 4 cols ["s_name", "s_address", "s_phone", "s_comment"]
[lance-scan]     9.0ms     1500000 rows 2 cols ["c_custkey", "c_nationkey"]
[lance-scan]    24.4ms     1048576 rows 5 cols ["c_name", "c_address", "c_phone", "c_mktsegment", "c_comment"]
[lance-scan]     3.1ms     2000000 rows 2 cols ["p_partkey", "p_size"]
[lance-scan]    17.7ms     1048576 rows 6 cols ["p_name", "p_mfgr", "p_brand", "p_type", "p_container", "p_comment"]
[lance-scan]    11.6ms     8000000 rows 3 cols ["ps_partkey", "ps_suppkey", "ps_availqty"]
[lance-scan]    23.8ms     1048576 rows 1 cols ["ps_comment"]
[lance-scan]    18.2ms    15000000 rows 4 cols ["o_orderkey", "o_custkey", "o_orderdate", "o_shippriority"]
[lance-scan]    17.4ms     1048576 rows 4 cols ["o_orderstatus", "o_orderpriority", "o_clerk", "o_comment"]
[lance-scan]   145.0ms    59986052 rows 7 cols ["l_orderkey", "l_partkey", "l_suppkey", "l_linenumber", "l_shipdate", "l_commitdate", "l_receiptdate"]
[lance-scan]    17.7ms     1048576 rows 5 cols ["l_returnflag", "l_linestatus", "l_shipinstruct", "l_shipmode", "l_comment"]
[lance-scan]   137.6ms    59986052 rows 4 cols ["l_quantity", "l_extendedprice", "l_discount", "l_shipdate"]
[lance-scan]   127.1ms    59986052 rows 4 cols ["l_quantity", "l_extendedprice", "l_discount", "l_shipdate"]
[lance-scan]   127.9ms    59986052 rows 4 cols ["l_quantity", "l_extendedprice", "l_discount", "l_shipdate"]
[lance-scan]   175.7ms    59986052 rows 4 cols ["l_quantity", "l_extendedprice", "l_discount", "l_shipdate"]
