[mem-cap] process hard-capped at 12.0G anonymous memory (RLIMIT_DATA; the engine aborts if exceeded, the terminal survives; size with QE_MEM_CAP)
[input-queue] {"completed":true,"detail":{"admitted_buffers":false,"declared_bound":null,"envelope_bytes":null,"label":"join build input queue","max_slots":8,"operator":"Project","partitions":8,"prepared":false,"slots":1},"id":2,"ms":0.025944000000000002,"phase":"queue_prepare","unwinding":false}
[input-queue] {"completed":true,"detail":{"batches":112,"charge_ms":0.17515599999999995,"charged_copy_bytes":651104,"copy_ms":0.891711,"execute_ms":0.013819,"partition":3,"permit_ms":749.1131600000001,"poll_ms":103.15188899999998,"queue":2,"rows":37947,"send_ms":0.21513800000000002},"id":4,"ms":853.699357,"phase":"queue_producer","unwinding":false}
[input-queue] {"completed":true,"detail":{"batches":112,"charge_ms":0.183059,"charged_copy_bytes":653472,"copy_ms":0.9018910000000002,"execute_ms":0.000816,"partition":5,"permit_ms":747.9022990000001,"poll_ms":105.14013700000002,"queue":2,"rows":38144,"send_ms":0.2160789999999999},"id":7,"ms":854.473464,"phase":"queue_producer","unwinding":false}
[input-queue] {"completed":true,"detail":{"batches":112,"charge_ms":0.1807429999999999,"charged_copy_bytes":653328,"copy_ms":0.8650240000000001,"execute_ms":0.001223,"partition":6,"permit_ms":749.5663890000002,"poll_ms":104.34520699999987,"queue":2,"rows":38137,"send_ms":0.2038480000000001},"id":8,"ms":855.298858,"phase":"queue_producer","unwinding":false}
[input-queue] {"completed":true,"detail":{"batches":112,"charge_ms":0.16515200000000005,"charged_copy_bytes":655920,"copy_ms":0.9048340000000002,"execute_ms":0.0019089999999999999,"partition":7,"permit_ms":749.931426,"poll_ms":104.77779799999996,"queue":2,"rows":38345,"send_ms":0.21312999999999996},"id":9,"ms":856.1224629999999,"phase":"queue_producer","unwinding":false}
[input-queue] {"completed":true,"detail":{"batches":112,"charge_ms":0.17072699999999996,"charged_copy_bytes":648512,"copy_ms":0.8320519999999997,"execute_ms":0.012455,"partition":2,"permit_ms":751.5190889999998,"poll_ms":104.13296499999998,"queue":2,"rows":37722,"send_ms":0.20513500000000004},"id":6,"ms":857.0186359999999,"phase":"queue_producer","unwinding":false}
[input-queue] {"completed":true,"detail":{"batches":112,"charge_ms":0.16149400000000005,"charged_copy_bytes":650432,"copy_ms":0.8903079999999999,"execute_ms":0.009906,"partition":4,"permit_ms":752.1077180000001,"poll_ms":104.48393599999999,"queue":2,"rows":37882,"send_ms":0.19692799999999994},"id":10,"ms":857.997368,"phase":"queue_producer","unwinding":false}
[input-queue] {"completed":true,"detail":{"batches":116,"charge_ms":0.17202000000000012,"charged_copy_bytes":671832,"copy_ms":0.868585,"execute_ms":0.012242000000000001,"partition":1,"permit_ms":754.2500239999999,"poll_ms":106.39792199999998,"queue":2,"rows":39096,"send_ms":0.2289370000000002},"id":3,"ms":862.062236,"phase":"queue_producer","unwinding":false}
[input-queue] {"completed":true,"detail":{"batches":128,"charge_ms":0.19144699999999995,"charged_copy_bytes":746128,"copy_ms":0.9389769999999998,"execute_ms":0.011947,"partition":0,"permit_ms":754.409949,"poll_ms":113.10400599999996,"queue":2,"rows":43530,"send_ms":0.225559},"id":5,"ms":869.017932,"phase":"queue_producer","unwinding":false}
[hj] build drain: 310803 rows, 1 batches; vht build: 4.558667ms; vht=true row_store=false build_keys=["l_orderkey"] on=["l_orderkey=o_orderkey"] swapped=false
[aggregate-frontier] {"admitted_buffers":true,"copy_bound":null,"envelope_bytes":null,"operator":"SpillableHashJoin","partitions":16,"slots":16}
live_aggregate_routing key_preparation_ms=12.926 row_dispatch_ms=2.380 prepared_batches=229 unprepared_batches=0
live_aggregate_workers workers=4 ownership=disjoint routing_ms=15.319 processing_wall_ms=54.672 serial_batches=0 parallel_batches=229
live_aggregate_profile input_rows=310803 input_batches=229 evaluation_ms=19.697 ingestion_ms=70.164 finish_ms=0.099 output_ms=0.008 output_rows=2 output_batches=2 spilled_bytes=0
[input-queue] {"completed":true,"detail":{"label":"sort input queue","operator":"Project","partitions":1},"id":1,"ms":1008.1242909999999,"phase":"queue_prepare","unwinding":false}
[input-queue] {"completed":true,"detail":{"admitted_buffers":false,"declared_bound":null,"envelope_bytes":null,"label":"join build input queue","max_slots":8,"operator":"Project","partitions":8,"prepared":false,"slots":1},"id":12,"ms":0.011849,"phase":"queue_prepare","unwinding":false}
[input-queue] {"completed":true,"detail":{"batches":112,"charge_ms":0.07097999999999995,"charged_copy_bytes":650432,"copy_ms":0.3121439999999998,"execute_ms":0.0011510000000000001,"partition":4,"permit_ms":370.82060799999977,"poll_ms":51.747991,"queue":12,"rows":37882,"send_ms":0.089482},"id":17,"ms":423.104872,"phase":"queue_producer","unwinding":false}
[input-queue] {"completed":true,"detail":{"batches":112,"charge_ms":0.06698499999999999,"charged_copy_bytes":651104,"copy_ms":0.32744499999999976,"execute_ms":0.010419,"partition":3,"permit_ms":371.012037,"poll_ms":52.27314999999998,"queue":12,"rows":37947,"send_ms":0.08750899999999996},"id":16,"ms":423.84749700000003,"phase":"queue_producer","unwinding":false}
[input-queue] {"completed":true,"detail":{"batches":112,"charge_ms":0.06931999999999998,"charged_copy_bytes":653472,"copy_ms":0.5048860000000001,"execute_ms":0.010669999999999999,"partition":5,"permit_ms":371.653031,"poll_ms":52.187315,"queue":12,"rows":38144,"send_ms":0.08758100000000002},"id":18,"ms":424.582291,"phase":"queue_producer","unwinding":false}
[input-queue] {"completed":true,"detail":{"batches":112,"charge_ms":0.06690500000000002,"charged_copy_bytes":648512,"copy_ms":0.2938230000000001,"execute_ms":0.021316,"partition":2,"permit_ms":372.80726299999986,"poll_ms":51.991722000000024,"queue":12,"rows":37722,"send_ms":0.08114199999999995},"id":15,"ms":425.33680699999996,"phase":"queue_producer","unwinding":false}
[input-queue] {"completed":true,"detail":{"batches":112,"charge_ms":0.07954199999999999,"charged_copy_bytes":655920,"copy_ms":0.36486999999999986,"execute_ms":0.011473,"partition":7,"permit_ms":373.6857419999999,"poll_ms":51.77541,"queue":12,"rows":38345,"send_ms":0.08423099999999999},"id":19,"ms":426.06621900000005,"phase":"queue_producer","unwinding":false}
[input-queue] {"completed":true,"detail":{"batches":112,"charge_ms":0.06874599999999999,"charged_copy_bytes":653328,"copy_ms":0.32184,"execute_ms":0.015063,"partition":6,"permit_ms":374.04266200000006,"poll_ms":52.242204000000015,"queue":12,"rows":38137,"send_ms":0.08499899999999998},"id":20,"ms":426.85274200000003,"phase":"queue_producer","unwinding":false}
[input-queue] {"completed":true,"detail":{"batches":116,"charge_ms":0.07483299999999997,"charged_copy_bytes":671832,"copy_ms":0.3482659999999998,"execute_ms":0.013264999999999999,"partition":1,"permit_ms":376.1916899999999,"poll_ms":53.859818000000004,"queue":12,"rows":39096,"send_ms":0.08884299999999999},"id":14,"ms":430.655487,"phase":"queue_producer","unwinding":false}
[input-queue] {"completed":true,"detail":{"batches":128,"charge_ms":0.08700599999999997,"charged_copy_bytes":746128,"copy_ms":0.376655,"execute_ms":0.029011000000000002,"partition":0,"permit_ms":375.36431400000026,"poll_ms":61.77024800000001,"queue":12,"rows":43530,"send_ms":0.10930400000000003},"id":13,"ms":437.82131499999997,"phase":"queue_producer","unwinding":false}
[hj] build drain: 310803 rows, 1 batches; vht build: 3.619848ms; vht=true row_store=false build_keys=["l_orderkey"] on=["l_orderkey=o_orderkey"] swapped=false
[aggregate-frontier] {"admitted_buffers":true,"copy_bound":null,"envelope_bytes":null,"operator":"SpillableHashJoin","partitions":16,"slots":16}
live_aggregate_routing key_preparation_ms=12.914 row_dispatch_ms=2.430 prepared_batches=229 unprepared_batches=0
live_aggregate_workers workers=4 ownership=disjoint routing_ms=15.358 processing_wall_ms=45.918 serial_batches=0 parallel_batches=229
live_aggregate_profile input_rows=310803 input_batches=229 evaluation_ms=20.155 ingestion_ms=61.475 finish_ms=0.103 output_ms=0.010 output_rows=2 output_batches=2 spilled_bytes=0
[input-queue] {"completed":true,"detail":{"label":"sort input queue","operator":"Project","partitions":1},"id":11,"ms":576.833078,"phase":"queue_prepare","unwinding":false}
[input-queue] {"completed":true,"detail":{"admitted_buffers":false,"declared_bound":null,"envelope_bytes":null,"label":"join build input queue","max_slots":8,"operator":"Project","partitions":8,"prepared":false,"slots":1},"id":22,"ms":0.011838000000000001,"phase":"queue_prepare","unwinding":false}
[input-queue] {"completed":true,"detail":{"batches":112,"charge_ms":0.10686699999999995,"charged_copy_bytes":651104,"copy_ms":6.402369999999999,"execute_ms":0.002359,"partition":3,"permit_ms":518.219436,"poll_ms":72.22006599999999,"queue":22,"rows":37947,"send_ms":0.12778899999999999},"id":26,"ms":597.177428,"phase":"queue_producer","unwinding":false}
[input-queue] {"completed":true,"detail":{"batches":112,"charge_ms":0.10910400000000008,"charged_copy_bytes":650432,"copy_ms":0.49423399999999995,"execute_ms":0.0031810000000000002,"partition":4,"permit_ms":525.3459820000002,"poll_ms":71.992196,"queue":22,"rows":37882,"send_ms":0.12261400000000001},"id":27,"ms":598.164651,"phase":"queue_producer","unwinding":false}
[input-queue] {"completed":true,"detail":{"batches":112,"charge_ms":0.11066900000000002,"charged_copy_bytes":653328,"copy_ms":0.526894,"execute_ms":0.002987,"partition":6,"permit_ms":526.6126479999999,"poll_ms":73.44223200000003,"queue":22,"rows":38137,"send_ms":0.135682},"id":28,"ms":600.933737,"phase":"queue_producer","unwinding":false}
[input-queue] {"completed":true,"detail":{"batches":112,"charge_ms":0.10570400000000002,"charged_copy_bytes":655920,"copy_ms":0.49511700000000014,"execute_ms":0.010044,"partition":7,"permit_ms":528.4088300000001,"poll_ms":72.77087999999996,"queue":22,"rows":38345,"send_ms":0.12210400000000002},"id":30,"ms":602.014993,"phase":"queue_producer","unwinding":false}
[input-queue] {"completed":true,"detail":{"batches":112,"charge_ms":0.12302400000000002,"charged_copy_bytes":653472,"copy_ms":0.5158569999999999,"execute_ms":0.012198,"partition":5,"permit_ms":528.8807569999999,"poll_ms":73.315125,"queue":22,"rows":38144,"send_ms":0.12981899999999996},"id":29,"ms":603.092889,"phase":"queue_producer","unwinding":false}
[input-queue] {"completed":true,"detail":{"batches":112,"charge_ms":0.10995399999999998,"charged_copy_bytes":648512,"copy_ms":0.4986799999999998,"execute_ms":0.043968,"partition":2,"permit_ms":529.892779,"poll_ms":73.41511199999998,"queue":22,"rows":37722,"send_ms":0.126048},"id":25,"ms":604.200949,"phase":"queue_producer","unwinding":false}
[input-queue] {"completed":true,"detail":{"batches":116,"charge_ms":0.12083099999999998,"charged_copy_bytes":671832,"copy_ms":0.516121,"execute_ms":0.004558,"partition":1,"permit_ms":532.7640050000002,"poll_ms":75.04117000000002,"queue":22,"rows":39096,"send_ms":0.140742},"id":24,"ms":608.6945569999999,"phase":"queue_producer","unwinding":false}
[input-queue] {"completed":true,"detail":{"batches":128,"charge_ms":0.13157200000000002,"charged_copy_bytes":746128,"copy_ms":0.6182679999999999,"execute_ms":0.016585000000000003,"partition":0,"permit_ms":532.3516689999999,"poll_ms":86.82726600000005,"queue":22,"rows":43530,"send_ms":0.14418100000000003},"id":23,"ms":620.228778,"phase":"queue_producer","unwinding":false}
[hj] build drain: 310803 rows, 1 batches; vht build: 8.911422ms; vht=true row_store=false build_keys=["l_orderkey"] on=["l_orderkey=o_orderkey"] swapped=false
[aggregate-frontier] {"admitted_buffers":true,"copy_bound":null,"envelope_bytes":null,"operator":"SpillableHashJoin","partitions":16,"slots":16}
live_aggregate_routing key_preparation_ms=12.341 row_dispatch_ms=2.374 prepared_batches=229 unprepared_batches=0
live_aggregate_workers workers=4 ownership=disjoint routing_ms=14.728 processing_wall_ms=58.140 serial_batches=0 parallel_batches=229
live_aggregate_profile input_rows=310803 input_batches=229 evaluation_ms=19.281 ingestion_ms=73.052 finish_ms=0.092 output_ms=0.008 output_rows=2 output_batches=2 spilled_bytes=0
[input-queue] {"completed":true,"detail":{"label":"sort input queue","operator":"Project","partitions":1},"id":21,"ms":768.256003,"phase":"queue_prepare","unwinding":false}
[input-queue] {"completed":true,"detail":{"admitted_buffers":false,"declared_bound":null,"envelope_bytes":null,"label":"join build input queue","max_slots":8,"operator":"Project","partitions":8,"prepared":false,"slots":1},"id":32,"ms":0.013164,"phase":"queue_prepare","unwinding":false}
[input-queue] {"completed":true,"detail":{"batches":112,"charge_ms":0.19258200000000003,"charged_copy_bytes":648512,"copy_ms":0.8398010000000004,"execute_ms":0.002028,"partition":2,"permit_ms":795.3550230000002,"poll_ms":110.62235899999993,"queue":32,"rows":37722,"send_ms":0.21703700000000006},"id":34,"ms":907.440756,"phase":"queue_producer","unwinding":false}
[input-queue] {"completed":true,"detail":{"batches":112,"charge_ms":0.18530099999999997,"charged_copy_bytes":650432,"copy_ms":0.8329309999999999,"execute_ms":0.0041860000000000005,"partition":4,"permit_ms":795.6016870000001,"poll_ms":111.235386,"queue":32,"rows":37882,"send_ms":0.21528299999999995},"id":37,"ms":908.2476320000001,"phase":"queue_producer","unwinding":false}
[input-queue] {"completed":true,"detail":{"batches":112,"charge_ms":0.18411200000000003,"charged_copy_bytes":653328,"copy_ms":8.342353000000003,"execute_ms":0.001312,"partition":6,"permit_ms":789.9405039999998,"poll_ms":110.15895399999998,"queue":32,"rows":38137,"send_ms":0.20801100000000008},"id":39,"ms":909.022597,"phase":"queue_producer","unwinding":false}
[input-queue] {"completed":true,"detail":{"batches":112,"charge_ms":0.18459600000000007,"charged_copy_bytes":653472,"copy_ms":0.7910290000000003,"execute_ms":0.003698,"partition":5,"permit_ms":799.7602069999997,"poll_ms":108.68710500000005,"queue":32,"rows":38144,"send_ms":0.19838099999999992},"id":38,"ms":909.792865,"phase":"queue_producer","unwinding":false}
[input-queue] {"completed":true,"detail":{"batches":112,"charge_ms":0.179655,"charged_copy_bytes":655920,"copy_ms":0.798688,"execute_ms":0.001229,"partition":7,"permit_ms":800.7147529999999,"poll_ms":108.47344499999998,"queue":32,"rows":38345,"send_ms":0.20823999999999995},"id":40,"ms":910.5508209999999,"phase":"queue_producer","unwinding":false}
[input-queue] {"completed":true,"detail":{"batches":112,"charge_ms":0.19058199999999997,"charged_copy_bytes":651104,"copy_ms":0.8599479999999999,"execute_ms":0.023503,"partition":3,"permit_ms":799.9301749999997,"poll_ms":109.95480600000005,"queue":32,"rows":37947,"send_ms":0.220142},"id":35,"ms":911.361678,"phase":"queue_producer","unwinding":false}
[input-queue] {"completed":true,"detail":{"batches":116,"charge_ms":0.199387,"charged_copy_bytes":671832,"copy_ms":0.8199139999999998,"execute_ms":0.014497,"partition":1,"permit_ms":801.6266150000004,"poll_ms":112.46915500000001,"queue":32,"rows":39096,"send_ms":0.21452000000000004},"id":36,"ms":915.528169,"phase":"queue_producer","unwinding":false}
[input-queue] {"completed":true,"detail":{"batches":128,"charge_ms":0.19952499999999995,"charged_copy_bytes":746128,"copy_ms":0.8867219999999998,"execute_ms":0.004977,"partition":0,"permit_ms":801.202782,"poll_ms":117.96499500000006,"queue":32,"rows":43530,"send_ms":0.238497},"id":33,"ms":920.6933710000001,"phase":"queue_producer","unwinding":false}
[hj] build drain: 310803 rows, 1 batches; vht build: 4.906343ms; vht=true row_store=false build_keys=["l_orderkey"] on=["l_orderkey=o_orderkey"] swapped=false
[aggregate-frontier] {"admitted_buffers":true,"copy_bound":null,"envelope_bytes":null,"operator":"SpillableHashJoin","partitions":16,"slots":16}
live_aggregate_routing key_preparation_ms=12.533 row_dispatch_ms=2.353 prepared_batches=229 unprepared_batches=0
live_aggregate_workers workers=4 ownership=disjoint routing_ms=14.901 processing_wall_ms=51.860 serial_batches=0 parallel_batches=229
live_aggregate_profile input_rows=310803 input_batches=229 evaluation_ms=19.557 ingestion_ms=66.945 finish_ms=0.096 output_ms=0.008 output_rows=2 output_batches=2 spilled_bytes=0
[input-queue] {"completed":true,"detail":{"label":"sort input queue","operator":"Project","partitions":1},"id":31,"ms":1050.753692,"phase":"queue_prepare","unwinding":false}
