[mem-cap] process hard-capped at 12.0G anonymous memory (RLIMIT_DATA; the engine aborts if exceeded, the terminal survives; size with QE_MEM_CAP)
[input-queue] {"completed":true,"detail":{"admitted_buffers":false,"declared_bound":null,"envelope_bytes":null,"label":"join build input queue","max_slots":8,"operator":"Project","partitions":8,"prepared":false,"slots":1},"id":2,"ms":0.018837,"phase":"queue_prepare","unwinding":false}
[input-queue] {"completed":true,"detail":{"batches":112,"charge_ms":0.14972200000000005,"charged_copy_bytes":653328,"copy_ms":0.8248940000000001,"execute_ms":0.000829,"partition":6,"permit_ms":657.638502,"poll_ms":91.797907,"queue":2,"rows":38137,"send_ms":0.17690900000000004},"id":9,"ms":750.739676,"phase":"queue_producer","unwinding":false}
[input-queue] {"completed":true,"detail":{"batches":112,"charge_ms":0.13966999999999993,"charged_copy_bytes":655920,"copy_ms":0.8181490000000001,"execute_ms":0.000746,"partition":7,"permit_ms":658.7400919999999,"poll_ms":91.42641600000005,"queue":2,"rows":38345,"send_ms":0.17159599999999997},"id":10,"ms":751.454789,"phase":"queue_producer","unwinding":false}
[input-queue] {"completed":true,"detail":{"batches":112,"charge_ms":0.13891900000000007,"charged_copy_bytes":648512,"copy_ms":0.767436,"execute_ms":0.015766000000000002,"partition":2,"permit_ms":660.8354419999997,"poll_ms":90.13155300000008,"queue":2,"rows":37722,"send_ms":0.17034699999999997},"id":5,"ms":752.202513,"phase":"queue_producer","unwinding":false}
[input-queue] {"completed":true,"detail":{"batches":112,"charge_ms":0.14817199999999997,"charged_copy_bytes":651104,"copy_ms":0.801472,"execute_ms":0.015632,"partition":3,"permit_ms":658.5374029999996,"poll_ms":93.11035700000006,"queue":2,"rows":37947,"send_ms":0.1878709999999999},"id":6,"ms":752.945763,"phase":"queue_producer","unwinding":false}
[input-queue] {"completed":true,"detail":{"batches":112,"charge_ms":0.15422399999999994,"charged_copy_bytes":650432,"copy_ms":0.8235819999999996,"execute_ms":0.014012,"partition":4,"permit_ms":660.3296389999998,"poll_ms":92.10176899999999,"queue":2,"rows":37882,"send_ms":0.17142899999999994},"id":7,"ms":753.736443,"phase":"queue_producer","unwinding":false}
[input-queue] {"completed":true,"detail":{"batches":112,"charge_ms":0.150747,"charged_copy_bytes":653472,"copy_ms":0.8156419999999999,"execute_ms":0.011241,"partition":5,"permit_ms":661.3439820000006,"poll_ms":91.83381099999998,"queue":2,"rows":38144,"send_ms":0.17169900000000005},"id":8,"ms":754.468387,"phase":"queue_producer","unwinding":false}
[input-queue] {"completed":true,"detail":{"batches":116,"charge_ms":0.1484829999999999,"charged_copy_bytes":671832,"copy_ms":0.7824090000000005,"execute_ms":0.015047,"partition":1,"permit_ms":663.2307799999999,"poll_ms":93.28890799999999,"queue":2,"rows":39096,"send_ms":0.17311900000000002},"id":4,"ms":757.791517,"phase":"queue_producer","unwinding":false}
[input-queue] {"completed":true,"detail":{"batches":128,"charge_ms":0.15687700000000002,"charged_copy_bytes":746128,"copy_ms":0.8629780000000002,"execute_ms":0.014755,"partition":0,"permit_ms":663.0982420000001,"poll_ms":100.24611600000004,"queue":2,"rows":43530,"send_ms":0.20271099999999997},"id":3,"ms":764.7397900000001,"phase":"queue_producer","unwinding":false}
[hj] build drain: 310803 rows, 1 batches; vht build: 6.079924ms; vht=true row_store=false build_keys=["l_orderkey"] on=["l_orderkey=o_orderkey"] swapped=false
[aggregate-frontier] {"admitted_buffers":true,"copy_bound":null,"envelope_bytes":null,"operator":"SpillableHashJoin","partitions":16,"slots":16}
live_aggregate_routing key_preparation_ms=12.587 row_dispatch_ms=2.454 prepared_batches=229 unprepared_batches=0
live_aggregate_workers workers=4 ownership=disjoint routing_ms=15.054 processing_wall_ms=46.619 serial_batches=0 parallel_batches=229
live_aggregate_profile input_rows=310803 input_batches=229 evaluation_ms=20.101 ingestion_ms=61.867 finish_ms=0.092 output_ms=0.008 output_rows=2 output_batches=2 spilled_bytes=0
[input-queue] {"completed":true,"detail":{"label":"sort input queue","operator":"Project","partitions":1},"id":1,"ms":911.385669,"phase":"queue_prepare","unwinding":false}
[input-queue] {"completed":true,"detail":{"admitted_buffers":false,"declared_bound":null,"envelope_bytes":null,"label":"join build input queue","max_slots":8,"operator":"Project","partitions":8,"prepared":false,"slots":1},"id":12,"ms":0.012145,"phase":"queue_prepare","unwinding":false}
[input-queue] {"completed":true,"detail":{"batches":112,"charge_ms":0.136566,"charged_copy_bytes":651104,"copy_ms":0.6662360000000003,"execute_ms":0.001298,"partition":3,"permit_ms":600.9671349999995,"poll_ms":82.01992599999998,"queue":12,"rows":37947,"send_ms":0.15024600000000016},"id":15,"ms":684.067955,"phase":"queue_producer","unwinding":false}
[input-queue] {"completed":true,"detail":{"batches":112,"charge_ms":0.13052399999999997,"charged_copy_bytes":650432,"copy_ms":0.6667570000000004,"execute_ms":0.000871,"partition":4,"permit_ms":600.949007,"poll_ms":82.77757200000002,"queue":12,"rows":37882,"send_ms":0.14940799999999999},"id":17,"ms":684.80624,"phase":"queue_producer","unwinding":false}
[input-queue] {"completed":true,"detail":{"batches":112,"charge_ms":0.13956200000000002,"charged_copy_bytes":653328,"copy_ms":0.7175529999999994,"execute_ms":0.0035329999999999997,"partition":6,"permit_ms":602.1485839999999,"poll_ms":83.35224400000001,"queue":12,"rows":38137,"send_ms":0.1562439999999999},"id":18,"ms":686.650959,"phase":"queue_producer","unwinding":false}
[input-queue] {"completed":true,"detail":{"batches":112,"charge_ms":0.12726099999999999,"charged_copy_bytes":655920,"copy_ms":0.683688,"execute_ms":0.005364,"partition":7,"permit_ms":603.697595,"poll_ms":82.55911400000002,"queue":12,"rows":38345,"send_ms":0.15505300000000005},"id":19,"ms":687.3581720000001,"phase":"queue_producer","unwinding":false}
[input-queue] {"completed":true,"detail":{"batches":112,"charge_ms":0.13464800000000002,"charged_copy_bytes":648512,"copy_ms":10.171347,"execute_ms":0.017029,"partition":2,"permit_ms":594.7162460000004,"poll_ms":82.737061,"queue":12,"rows":37722,"send_ms":0.15893800000000005},"id":16,"ms":688.082214,"phase":"queue_producer","unwinding":false}
[input-queue] {"completed":true,"detail":{"batches":112,"charge_ms":0.13040899999999997,"charged_copy_bytes":653472,"copy_ms":0.6957610000000003,"execute_ms":0.020586,"partition":5,"permit_ms":604.8842090000002,"poll_ms":82.78380299999999,"queue":12,"rows":38144,"send_ms":0.15020300000000003},"id":20,"ms":688.7950470000001,"phase":"queue_producer","unwinding":false}
[input-queue] {"completed":true,"detail":{"batches":116,"charge_ms":0.13027199999999992,"charged_copy_bytes":671832,"copy_ms":0.7077639999999998,"execute_ms":0.014939999999999998,"partition":1,"permit_ms":606.5846009999997,"poll_ms":84.11295799999998,"queue":12,"rows":39096,"send_ms":0.162383},"id":14,"ms":691.849595,"phase":"queue_producer","unwinding":false}
[input-queue] {"completed":true,"detail":{"batches":128,"charge_ms":0.15182599999999996,"charged_copy_bytes":746128,"copy_ms":0.7325600000000003,"execute_ms":0.019431999999999998,"partition":0,"permit_ms":606.8425290000001,"poll_ms":88.968823,"queue":12,"rows":43530,"send_ms":0.18144400000000005},"id":13,"ms":697.0436060000001,"phase":"queue_producer","unwinding":false}
[hj] build drain: 310803 rows, 1 batches; vht build: 4.105326ms; vht=true row_store=false build_keys=["l_orderkey"] on=["l_orderkey=o_orderkey"] swapped=false
[aggregate-frontier] {"admitted_buffers":true,"copy_bound":null,"envelope_bytes":null,"operator":"SpillableHashJoin","partitions":16,"slots":16}
live_aggregate_routing key_preparation_ms=12.163 row_dispatch_ms=2.373 prepared_batches=229 unprepared_batches=0
live_aggregate_workers workers=4 ownership=disjoint routing_ms=14.548 processing_wall_ms=54.788 serial_batches=0 parallel_batches=229
live_aggregate_profile input_rows=310803 input_batches=229 evaluation_ms=19.676 ingestion_ms=69.522 finish_ms=0.089 output_ms=0.009 output_rows=2 output_batches=2 spilled_bytes=0
[input-queue] {"completed":true,"detail":{"label":"sort input queue","operator":"Project","partitions":1},"id":11,"ms":832.790233,"phase":"queue_prepare","unwinding":false}
[input-queue] {"completed":true,"detail":{"admitted_buffers":false,"declared_bound":null,"envelope_bytes":null,"label":"join build input queue","max_slots":8,"operator":"Project","partitions":8,"prepared":false,"slots":1},"id":22,"ms":0.011559,"phase":"queue_prepare","unwinding":false}
[input-queue] {"completed":true,"detail":{"batches":112,"charge_ms":0.21650099999999997,"charged_copy_bytes":648512,"copy_ms":0.886982,"execute_ms":0.005034,"partition":2,"permit_ms":839.2258830000004,"poll_ms":114.08033700000004,"queue":22,"rows":37722,"send_ms":0.24022000000000002},"id":25,"ms":954.847666,"phase":"queue_producer","unwinding":false}
[input-queue] {"completed":true,"detail":{"batches":112,"charge_ms":0.19122799999999995,"charged_copy_bytes":650432,"copy_ms":0.8760439999999996,"execute_ms":0.001138,"partition":4,"permit_ms":839.284699,"poll_ms":114.859376,"queue":22,"rows":37882,"send_ms":0.2323909999999999},"id":26,"ms":955.6249489999999,"phase":"queue_producer","unwinding":false}
[input-queue] {"completed":true,"detail":{"batches":112,"charge_ms":0.19977300000000006,"charged_copy_bytes":653472,"copy_ms":0.9034749999999998,"execute_ms":0.001358,"partition":5,"permit_ms":840.4038480000003,"poll_ms":114.42280899999997,"queue":22,"rows":38144,"send_ms":0.23059300000000005},"id":27,"ms":956.353877,"phase":"queue_producer","unwinding":false}
[input-queue] {"completed":true,"detail":{"batches":112,"charge_ms":0.19764700000000016,"charged_copy_bytes":653328,"copy_ms":0.9273569999999998,"execute_ms":0.001189,"partition":6,"permit_ms":839.7288489999999,"poll_ms":115.79574300000009,"queue":22,"rows":38137,"send_ms":0.24367099999999994},"id":28,"ms":957.082052,"phase":"queue_producer","unwinding":false}
[input-queue] {"completed":true,"detail":{"batches":112,"charge_ms":0.213621,"charged_copy_bytes":655920,"copy_ms":0.939399,"execute_ms":0.001801,"partition":7,"permit_ms":839.303854,"poll_ms":116.85433299999997,"queue":22,"rows":38345,"send_ms":0.24503299999999995},"id":30,"ms":957.789017,"phase":"queue_producer","unwinding":false}
[input-queue] {"completed":true,"detail":{"batches":112,"charge_ms":0.21151799999999998,"charged_copy_bytes":651104,"copy_ms":0.969229,"execute_ms":0.0035080000000000003,"partition":3,"permit_ms":840.4644299999999,"poll_ms":116.36787799999996,"queue":22,"rows":37947,"send_ms":0.2630759999999999},"id":29,"ms":958.491611,"phase":"queue_producer","unwinding":false}
[input-queue] {"completed":true,"detail":{"batches":116,"charge_ms":0.20227200000000006,"charged_copy_bytes":671832,"copy_ms":9.568336000000002,"execute_ms":0.004848,"partition":1,"permit_ms":834.0138900000003,"poll_ms":117.77121300000003,"queue":22,"rows":39096,"send_ms":0.24224500000000002},"id":24,"ms":962.0052770000001,"phase":"queue_producer","unwinding":false}
[input-queue] {"completed":true,"detail":{"batches":128,"charge_ms":0.211594,"charged_copy_bytes":746128,"copy_ms":1.0162749999999998,"execute_ms":0.013517,"partition":0,"permit_ms":842.9905800000003,"poll_ms":122.91102800000002,"queue":22,"rows":43530,"send_ms":0.249689},"id":23,"ms":967.617927,"phase":"queue_producer","unwinding":false}
[hj] build drain: 310803 rows, 1 batches; vht build: 4.584708ms; vht=true row_store=false build_keys=["l_orderkey"] on=["l_orderkey=o_orderkey"] swapped=false
[aggregate-frontier] {"admitted_buffers":true,"copy_bound":null,"envelope_bytes":null,"operator":"SpillableHashJoin","partitions":16,"slots":16}
live_aggregate_routing key_preparation_ms=11.815 row_dispatch_ms=2.336 prepared_batches=229 unprepared_batches=0
live_aggregate_workers workers=4 ownership=disjoint routing_ms=14.163 processing_wall_ms=43.418 serial_batches=0 parallel_batches=229
live_aggregate_profile input_rows=310803 input_batches=229 evaluation_ms=19.183 ingestion_ms=57.775 finish_ms=0.088 output_ms=0.009 output_rows=2 output_batches=2 spilled_bytes=0
[input-queue] {"completed":true,"detail":{"label":"sort input queue","operator":"Project","partitions":1},"id":21,"ms":1102.821077,"phase":"queue_prepare","unwinding":false}
[input-queue] {"completed":true,"detail":{"admitted_buffers":false,"declared_bound":null,"envelope_bytes":null,"label":"join build input queue","max_slots":8,"operator":"Project","partitions":8,"prepared":false,"slots":1},"id":32,"ms":0.012140999999999999,"phase":"queue_prepare","unwinding":false}
[input-queue] {"completed":true,"detail":{"batches":112,"charge_ms":0.08878200000000003,"charged_copy_bytes":648512,"copy_ms":0.44406099999999993,"execute_ms":0.001956,"partition":2,"permit_ms":423.81410200000016,"poll_ms":58.441714000000005,"queue":32,"rows":37722,"send_ms":0.10186599999999996},"id":35,"ms":482.983959,"phase":"queue_producer","unwinding":false}
[input-queue] {"completed":true,"detail":{"batches":112,"charge_ms":0.08729500000000001,"charged_copy_bytes":651104,"copy_ms":0.4423499999999999,"execute_ms":0.002971,"partition":3,"permit_ms":420.511562,"poll_ms":62.47735699999999,"queue":32,"rows":37947,"send_ms":0.09989899999999993},"id":36,"ms":483.71379399999995,"phase":"queue_producer","unwinding":false}
[input-queue] {"completed":true,"detail":{"batches":112,"charge_ms":0.09196300000000002,"charged_copy_bytes":653328,"copy_ms":0.46676300000000004,"execute_ms":0.000945,"partition":6,"permit_ms":425.1631229999999,"poll_ms":58.542272,"queue":32,"rows":38137,"send_ms":0.10149700000000005},"id":38,"ms":484.456462,"phase":"queue_producer","unwinding":false}
[input-queue] {"completed":true,"detail":{"batches":112,"charge_ms":0.08731099999999997,"charged_copy_bytes":655920,"copy_ms":0.42284,"execute_ms":0.001014,"partition":7,"permit_ms":425.8274920000002,"poll_ms":58.63918699999999,"queue":32,"rows":38345,"send_ms":0.10302000000000001},"id":39,"ms":485.171697,"phase":"queue_producer","unwinding":false}
[input-queue] {"completed":true,"detail":{"batches":112,"charge_ms":0.09640900000000001,"charged_copy_bytes":650432,"copy_ms":0.45091600000000004,"execute_ms":0.017499,"partition":4,"permit_ms":426.241811,"poll_ms":58.910269000000014,"queue":32,"rows":37882,"send_ms":0.10258699999999998},"id":40,"ms":485.920022,"phase":"queue_producer","unwinding":false}
[input-queue] {"completed":true,"detail":{"batches":112,"charge_ms":0.08758400000000001,"charged_copy_bytes":653472,"copy_ms":0.42286300000000016,"execute_ms":0.042925,"partition":5,"permit_ms":426.61964200000017,"poll_ms":59.31240500000002,"queue":32,"rows":38144,"send_ms":0.097991},"id":37,"ms":486.67447000000004,"phase":"queue_producer","unwinding":false}
[input-queue] {"completed":true,"detail":{"batches":116,"charge_ms":0.09083800000000004,"charged_copy_bytes":671832,"copy_ms":0.45097000000000037,"execute_ms":0.002965,"partition":1,"permit_ms":428.4972540000003,"poll_ms":60.22022100000002,"queue":32,"rows":39096,"send_ms":0.10838},"id":34,"ms":489.470582,"phase":"queue_producer","unwinding":false}
[input-queue] {"completed":true,"detail":{"batches":128,"charge_ms":0.10162299999999994,"charged_copy_bytes":746128,"copy_ms":0.4950429999999998,"execute_ms":0.004328,"partition":0,"permit_ms":427.8303320000001,"poll_ms":65.858697,"queue":32,"rows":43530,"send_ms":0.12019500000000001},"id":33,"ms":494.51507,"phase":"queue_producer","unwinding":false}
[hj] build drain: 310803 rows, 1 batches; vht build: 4.779862ms; vht=true row_store=false build_keys=["l_orderkey"] on=["l_orderkey=o_orderkey"] swapped=false
[aggregate-frontier] {"admitted_buffers":true,"copy_bound":null,"envelope_bytes":null,"operator":"SpillableHashJoin","partitions":16,"slots":16}
live_aggregate_routing key_preparation_ms=12.390 row_dispatch_ms=2.396 prepared_batches=229 unprepared_batches=0
live_aggregate_workers workers=4 ownership=disjoint routing_ms=14.798 processing_wall_ms=44.730 serial_batches=0 parallel_batches=229
live_aggregate_profile input_rows=310803 input_batches=229 evaluation_ms=19.789 ingestion_ms=59.754 finish_ms=0.086 output_ms=0.008 output_rows=2 output_batches=2 spilled_bytes=0
[input-queue] {"completed":true,"detail":{"label":"sort input queue","operator":"Project","partitions":1},"id":31,"ms":631.239679,"phase":"queue_prepare","unwinding":false}
