[mem-cap] process hard-capped at 12.0G anonymous memory (RLIMIT_DATA; the engine aborts if exceeded, the terminal survives; size with QE_MEM_CAP)
[lance-scan]     2.7ms           5 rows 1 cols ["r_regionkey"]
[lance-scan]     0.8ms           5 rows 2 cols ["r_name", "r_comment"]
[lance-scan]     0.7ms          25 rows 2 cols ["n_nationkey", "n_regionkey"]
[lance-scan]     0.8ms          25 rows 2 cols ["n_name", "n_comment"]
[lance-scan]     2.1ms      100000 rows 2 cols ["s_suppkey", "s_nationkey"]
[lance-scan]    13.6ms      100000 rows 4 cols ["s_name", "s_address", "s_phone", "s_comment"]
[lance-scan]     8.7ms     1500000 rows 2 cols ["c_custkey", "c_nationkey"]
[lance-scan]    32.4ms     1048576 rows 5 cols ["c_name", "c_address", "c_phone", "c_mktsegment", "c_comment"]
[lance-scan]     2.7ms     2000000 rows 2 cols ["p_partkey", "p_size"]
[lance-scan]    15.2ms     1048576 rows 6 cols ["p_name", "p_mfgr", "p_brand", "p_type", "p_container", "p_comment"]
[lance-scan]    10.5ms     8000000 rows 3 cols ["ps_partkey", "ps_suppkey", "ps_availqty"]
[lance-scan]    23.4ms     1048576 rows 1 cols ["ps_comment"]
[lance-scan]    18.2ms    15000000 rows 4 cols ["o_orderkey", "o_custkey", "o_orderdate", "o_shippriority"]
[lance-scan]    17.7ms     1048576 rows 4 cols ["o_orderstatus", "o_orderpriority", "o_clerk", "o_comment"]
[lance-scan]   143.5ms    59986052 rows 7 cols ["l_orderkey", "l_partkey", "l_suppkey", "l_linenumber", "l_shipdate", "l_commitdate", "l_receiptdate"]
[lance-scan]    22.4ms     1048576 rows 5 cols ["l_returnflag", "l_linestatus", "l_shipinstruct", "l_shipmode", "l_comment"]
[lance-scan]   249.1ms    59986052 rows 7 cols ["l_quantity", "l_extendedprice", "l_discount", "l_tax", "l_returnflag", "l_linestatus", "l_shipdate"]
[aggregate-frontier] {"admitted_buffers":true,"copy_bound":null,"envelope_bytes":null,"operator":"Project","partitions":16,"slots":16}
live_aggregate_routing key_preparation_ms=921.349 row_dispatch_ms=352.131 prepared_batches=7323 unprepared_batches=0
live_aggregate_workers workers=4 ownership=disjoint routing_ms=1273.773 processing_wall_ms=3332.326 serial_batches=0 parallel_batches=7323
live_aggregate_profile input_rows=59142609 input_batches=7323 evaluation_ms=1417.592 ingestion_ms=4612.266 finish_ms=0.110 output_ms=0.022 output_rows=4 output_batches=3 spilled_bytes=0
[lance-scan]   232.6ms    59986052 rows 7 cols ["l_quantity", "l_extendedprice", "l_discount", "l_tax", "l_returnflag", "l_linestatus", "l_shipdate"]
[aggregate-frontier] {"admitted_buffers":true,"copy_bound":null,"envelope_bytes":null,"operator":"Project","partitions":16,"slots":16}
live_aggregate_routing key_preparation_ms=902.933 row_dispatch_ms=352.680 prepared_batches=7323 unprepared_batches=0
live_aggregate_workers workers=4 ownership=disjoint routing_ms=1255.902 processing_wall_ms=2462.594 serial_batches=0 parallel_batches=7323
live_aggregate_profile input_rows=59142609 input_batches=7323 evaluation_ms=1406.377 ingestion_ms=3725.143 finish_ms=0.108 output_ms=0.020 output_rows=4 output_batches=3 spilled_bytes=0
[lance-scan]   236.4ms    59986052 rows 7 cols ["l_quantity", "l_extendedprice", "l_discount", "l_tax", "l_returnflag", "l_linestatus", "l_shipdate"]
[aggregate-frontier] {"admitted_buffers":true,"copy_bound":null,"envelope_bytes":null,"operator":"Project","partitions":16,"slots":16}
live_aggregate_routing key_preparation_ms=973.515 row_dispatch_ms=363.026 prepared_batches=7323 unprepared_batches=0
live_aggregate_workers workers=4 ownership=disjoint routing_ms=1336.860 processing_wall_ms=2481.835 serial_batches=0 parallel_batches=7323
live_aggregate_profile input_rows=59142609 input_batches=7323 evaluation_ms=1484.363 ingestion_ms=3825.658 finish_ms=0.107 output_ms=0.020 output_rows=4 output_batches=3 spilled_bytes=0
[lance-scan]   259.1ms    59986052 rows 7 cols ["l_quantity", "l_extendedprice", "l_discount", "l_tax", "l_returnflag", "l_linestatus", "l_shipdate"]
[aggregate-frontier] {"admitted_buffers":true,"copy_bound":null,"envelope_bytes":null,"operator":"Project","partitions":16,"slots":16}
live_aggregate_routing key_preparation_ms=876.604 row_dispatch_ms=351.254 prepared_batches=7323 unprepared_batches=0
live_aggregate_workers workers=4 ownership=disjoint routing_ms=1228.143 processing_wall_ms=2339.899 serial_batches=0 parallel_batches=7323
live_aggregate_profile input_rows=59142609 input_batches=7323 evaluation_ms=1419.953 ingestion_ms=3574.422 finish_ms=0.116 output_ms=0.021 output_rows=4 output_batches=3 spilled_bytes=0
