[mem-cap] process hard-capped at 12.0G anonymous memory (RLIMIT_DATA; the engine aborts if exceeded, the terminal survives; size with QE_MEM_CAP)
[lance-scan]     1.0ms           5 rows 1 cols ["r_regionkey"]
[lance-scan]     0.2ms           5 rows 2 cols ["r_name", "r_comment"]
[lance-scan]     0.1ms          25 rows 2 cols ["n_nationkey", "n_regionkey"]
[lance-scan]     0.2ms          25 rows 2 cols ["n_name", "n_comment"]
[lance-scan]     0.6ms      100000 rows 2 cols ["s_suppkey", "s_nationkey"]
[lance-scan]     4.1ms      100000 rows 4 cols ["s_name", "s_address", "s_phone", "s_comment"]
[lance-scan]     4.9ms     1500000 rows 2 cols ["c_custkey", "c_nationkey"]
[lance-scan]    25.6ms     1048576 rows 5 cols ["c_name", "c_address", "c_phone", "c_mktsegment", "c_comment"]
[lance-scan]     2.9ms     2000000 rows 2 cols ["p_partkey", "p_size"]
[lance-scan]    15.9ms     1048576 rows 6 cols ["p_name", "p_mfgr", "p_brand", "p_type", "p_container", "p_comment"]
[lance-scan]    11.5ms     8000000 rows 3 cols ["ps_partkey", "ps_suppkey", "ps_availqty"]
[lance-scan]    24.4ms     1048576 rows 1 cols ["ps_comment"]
[lance-scan]    17.2ms    15000000 rows 4 cols ["o_orderkey", "o_custkey", "o_orderdate", "o_shippriority"]
[lance-scan]    19.4ms     1048576 rows 4 cols ["o_orderstatus", "o_orderpriority", "o_clerk", "o_comment"]
[lance-scan]   147.9ms    59986052 rows 7 cols ["l_orderkey", "l_partkey", "l_suppkey", "l_linenumber", "l_shipdate", "l_commitdate", "l_receiptdate"]
[lance-scan]    21.6ms     1048576 rows 5 cols ["l_returnflag", "l_linestatus", "l_shipinstruct", "l_shipmode", "l_comment"]
[lance-scan]    12.1ms     8000000 rows 3 cols ["ps_partkey", "ps_suppkey", "ps_supplycost"]
[lance-scan]     0.4ms          25 rows 2 cols ["n_nationkey", "n_name"]
[lance-scan]     0.4ms      100000 rows 2 cols ["s_suppkey", "s_nationkey"]
[lance-scan]    11.4ms    15000000 rows 2 cols ["o_orderkey", "o_orderdate"]
[lance-scan]    13.9ms     2000000 rows 2 cols ["p_partkey", "p_name"]
[lance-scan]   217.5ms    59986052 rows 6 cols ["l_orderkey", "l_partkey", "l_suppkey", "l_quantity", "l_extendedprice", "l_discount"]
[aggregate-frontier] {"admitted_buffers":true,"copy_bound":null,"envelope_bytes":null,"operator":"Project","partitions":16,"slots":16}
live_aggregate_routing key_preparation_ms=356.513 row_dispatch_ms=117.430 prepared_batches=7323 unprepared_batches=0
live_aggregate_workers workers=4 ownership=disjoint routing_ms=474.263 processing_wall_ms=151.579 serial_batches=7323 parallel_batches=0
live_aggregate_profile input_rows=3261613 input_batches=7323 evaluation_ms=8.918 ingestion_ms=637.355 finish_ms=0.129 output_ms=0.032 output_rows=175 output_batches=4 spilled_bytes=0
[lance-scan]    12.4ms     8000000 rows 3 cols ["ps_partkey", "ps_suppkey", "ps_supplycost"]
[lance-scan]     0.4ms          25 rows 2 cols ["n_nationkey", "n_name"]
[lance-scan]     0.5ms      100000 rows 2 cols ["s_suppkey", "s_nationkey"]
[lance-scan]    10.9ms    15000000 rows 2 cols ["o_orderkey", "o_orderdate"]
[lance-scan]    12.8ms     2000000 rows 2 cols ["p_partkey", "p_name"]
[lance-scan]   214.2ms    59986052 rows 6 cols ["l_orderkey", "l_partkey", "l_suppkey", "l_quantity", "l_extendedprice", "l_discount"]
[aggregate-frontier] {"admitted_buffers":true,"copy_bound":null,"envelope_bytes":null,"operator":"Project","partitions":16,"slots":16}
live_aggregate_routing key_preparation_ms=342.990 row_dispatch_ms=118.729 prepared_batches=7323 unprepared_batches=0
live_aggregate_workers workers=4 ownership=disjoint routing_ms=462.014 processing_wall_ms=142.130 serial_batches=7323 parallel_batches=0
live_aggregate_profile input_rows=3261613 input_batches=7323 evaluation_ms=8.816 ingestion_ms=615.375 finish_ms=0.131 output_ms=0.036 output_rows=175 output_batches=4 spilled_bytes=0
[lance-scan]    14.4ms     8000000 rows 3 cols ["ps_partkey", "ps_suppkey", "ps_supplycost"]
[lance-scan]     0.4ms          25 rows 2 cols ["n_nationkey", "n_name"]
[lance-scan]     0.5ms      100000 rows 2 cols ["s_suppkey", "s_nationkey"]
[lance-scan]    12.6ms    15000000 rows 2 cols ["o_orderkey", "o_orderdate"]
[lance-scan]    13.6ms     2000000 rows 2 cols ["p_partkey", "p_name"]
[lance-scan]   176.2ms    59986052 rows 6 cols ["l_orderkey", "l_partkey", "l_suppkey", "l_quantity", "l_extendedprice", "l_discount"]
[aggregate-frontier] {"admitted_buffers":true,"copy_bound":null,"envelope_bytes":null,"operator":"Project","partitions":16,"slots":16}
live_aggregate_routing key_preparation_ms=343.655 row_dispatch_ms=128.711 prepared_batches=7323 unprepared_batches=0
live_aggregate_workers workers=4 ownership=disjoint routing_ms=472.656 processing_wall_ms=138.831 serial_batches=7323 parallel_batches=0
live_aggregate_profile input_rows=3261613 input_batches=7323 evaluation_ms=8.438 ingestion_ms=622.514 finish_ms=0.142 output_ms=0.033 output_rows=175 output_batches=4 spilled_bytes=0
[lance-scan]    11.7ms     8000000 rows 3 cols ["ps_partkey", "ps_suppkey", "ps_supplycost"]
[lance-scan]     0.3ms          25 rows 2 cols ["n_nationkey", "n_name"]
[lance-scan]     0.4ms      100000 rows 2 cols ["s_suppkey", "s_nationkey"]
[lance-scan]    10.5ms    15000000 rows 2 cols ["o_orderkey", "o_orderdate"]
[lance-scan]    11.8ms     2000000 rows 2 cols ["p_partkey", "p_name"]
[lance-scan]   187.5ms    59986052 rows 6 cols ["l_orderkey", "l_partkey", "l_suppkey", "l_quantity", "l_extendedprice", "l_discount"]
[aggregate-frontier] {"admitted_buffers":true,"copy_bound":null,"envelope_bytes":null,"operator":"Project","partitions":16,"slots":16}
live_aggregate_routing key_preparation_ms=343.852 row_dispatch_ms=121.748 prepared_batches=7323 unprepared_batches=0
live_aggregate_workers workers=4 ownership=disjoint routing_ms=465.896 processing_wall_ms=139.306 serial_batches=7323 parallel_batches=0
live_aggregate_profile input_rows=3261613 input_batches=7323 evaluation_ms=8.542 ingestion_ms=617.384 finish_ms=0.115 output_ms=0.033 output_rows=175 output_batches=4 spilled_bytes=0
