[mem-cap] process hard-capped at 12.0G anonymous memory (RLIMIT_DATA; the engine aborts if exceeded, the terminal survives; size with QE_MEM_CAP)
[lance-scan]     2.5ms           5 rows 1 cols ["r_regionkey"]
[lance-scan]     1.3ms           5 rows 2 cols ["r_name", "r_comment"]
[lance-scan]     0.8ms          25 rows 2 cols ["n_nationkey", "n_regionkey"]
[lance-scan]     1.0ms          25 rows 2 cols ["n_name", "n_comment"]
[lance-scan]     2.1ms      100000 rows 2 cols ["s_suppkey", "s_nationkey"]
[lance-scan]    13.3ms      100000 rows 4 cols ["s_name", "s_address", "s_phone", "s_comment"]
[lance-scan]    12.4ms     1500000 rows 2 cols ["c_custkey", "c_nationkey"]
[lance-scan]    30.8ms     1048576 rows 5 cols ["c_name", "c_address", "c_phone", "c_mktsegment", "c_comment"]
[lance-scan]     2.5ms     2000000 rows 2 cols ["p_partkey", "p_size"]
[lance-scan]    15.0ms     1048576 rows 6 cols ["p_name", "p_mfgr", "p_brand", "p_type", "p_container", "p_comment"]
[lance-scan]    10.9ms     8000000 rows 3 cols ["ps_partkey", "ps_suppkey", "ps_availqty"]
[lance-scan]    24.1ms     1048576 rows 1 cols ["ps_comment"]
[lance-scan]    18.2ms    15000000 rows 4 cols ["o_orderkey", "o_custkey", "o_orderdate", "o_shippriority"]
[lance-scan]    17.5ms     1048576 rows 4 cols ["o_orderstatus", "o_orderpriority", "o_clerk", "o_comment"]
[lance-scan]   148.4ms    59986052 rows 7 cols ["l_orderkey", "l_partkey", "l_suppkey", "l_linenumber", "l_shipdate", "l_commitdate", "l_receiptdate"]
[lance-scan]    20.2ms     1048576 rows 5 cols ["l_returnflag", "l_linestatus", "l_shipinstruct", "l_shipmode", "l_comment"]
[lance-scan]    23.6ms    15000000 rows 4 cols ["o_orderkey", "o_custkey", "o_totalprice", "o_orderdate"]
[lance-scan]    58.5ms    59986052 rows 2 cols ["l_orderkey", "l_quantity"]
[lance-scan]     5.4ms     1500000 rows 2 cols ["c_custkey", "c_name"]
[lance-scan]    75.8ms    59986052 rows 2 cols ["l_orderkey", "l_quantity"]
[aggregate-frontier] {"admitted_buffers":true,"copy_bound":null,"envelope_bytes":null,"operator":"MemoryTableScan","partitions":4,"slots":4}
live_aggregate_routing key_preparation_ms=702.102 row_dispatch_ms=365.702 prepared_batches=7323 unprepared_batches=0
live_aggregate_workers workers=4 ownership=disjoint routing_ms=1068.086 processing_wall_ms=1490.884 serial_batches=0 parallel_batches=7323
live_aggregate_profile input_rows=59986052 input_batches=7323 evaluation_ms=5.426 ingestion_ms=2565.476 finish_ms=987.299 output_ms=987.099 output_rows=624 output_batches=614 spilled_bytes=0
[aggregate-frontier] {"admitted_buffers":true,"copy_bound":null,"envelope_bytes":null,"operator":"SpillableHashJoin","partitions":4,"slots":4}
live_aggregate_routing key_preparation_ms=1.865 row_dispatch_ms=0.590 prepared_batches=603 unprepared_batches=0
live_aggregate_workers workers=4 ownership=disjoint routing_ms=2.479 processing_wall_ms=0.882 serial_batches=603 parallel_batches=0
live_aggregate_profile input_rows=4368 input_batches=603 evaluation_ms=1.557 ingestion_ms=3.657 finish_ms=0.241 output_ms=0.154 output_rows=624 output_batches=4 spilled_bytes=0
[lance-scan]    25.7ms    15000000 rows 4 cols ["o_orderkey", "o_custkey", "o_totalprice", "o_orderdate"]
[lance-scan]    63.4ms    59986052 rows 2 cols ["l_orderkey", "l_quantity"]
[lance-scan]     8.3ms     1500000 rows 2 cols ["c_custkey", "c_name"]
[lance-scan]    61.1ms    59986052 rows 2 cols ["l_orderkey", "l_quantity"]
[aggregate-frontier] {"admitted_buffers":true,"copy_bound":null,"envelope_bytes":null,"operator":"MemoryTableScan","partitions":4,"slots":4}
live_aggregate_routing key_preparation_ms=675.892 row_dispatch_ms=349.792 prepared_batches=7323 unprepared_batches=0
live_aggregate_workers workers=4 ownership=disjoint routing_ms=1025.962 processing_wall_ms=1407.417 serial_batches=0 parallel_batches=7323
live_aggregate_profile input_rows=59986052 input_batches=7323 evaluation_ms=5.295 ingestion_ms=2440.290 finish_ms=985.502 output_ms=985.290 output_rows=624 output_batches=607 spilled_bytes=0
[aggregate-frontier] {"admitted_buffers":true,"copy_bound":null,"envelope_bytes":null,"operator":"SpillableHashJoin","partitions":4,"slots":4}
live_aggregate_routing key_preparation_ms=1.866 row_dispatch_ms=0.585 prepared_batches=603 unprepared_batches=0
live_aggregate_workers workers=4 ownership=disjoint routing_ms=2.477 processing_wall_ms=1.013 serial_batches=603 parallel_batches=0
live_aggregate_profile input_rows=4368 input_batches=603 evaluation_ms=1.692 ingestion_ms=3.773 finish_ms=0.244 output_ms=0.159 output_rows=624 output_batches=4 spilled_bytes=0
[lance-scan]    24.1ms    15000000 rows 4 cols ["o_orderkey", "o_custkey", "o_totalprice", "o_orderdate"]
[lance-scan]    59.9ms    59986052 rows 2 cols ["l_orderkey", "l_quantity"]
[lance-scan]     7.5ms     1500000 rows 2 cols ["c_custkey", "c_name"]
[lance-scan]    62.0ms    59986052 rows 2 cols ["l_orderkey", "l_quantity"]
[aggregate-frontier] {"admitted_buffers":true,"copy_bound":null,"envelope_bytes":null,"operator":"MemoryTableScan","partitions":4,"slots":4}
live_aggregate_routing key_preparation_ms=675.671 row_dispatch_ms=356.992 prepared_batches=7323 unprepared_batches=0
live_aggregate_workers workers=4 ownership=disjoint routing_ms=1032.939 processing_wall_ms=1436.227 serial_batches=0 parallel_batches=7323
live_aggregate_profile input_rows=59986052 input_batches=7323 evaluation_ms=5.798 ingestion_ms=2475.894 finish_ms=987.767 output_ms=987.533 output_rows=624 output_batches=610 spilled_bytes=0
[aggregate-frontier] {"admitted_buffers":true,"copy_bound":null,"envelope_bytes":null,"operator":"SpillableHashJoin","partitions":4,"slots":4}
live_aggregate_routing key_preparation_ms=1.828 row_dispatch_ms=0.559 prepared_batches=603 unprepared_batches=0
live_aggregate_workers workers=4 ownership=disjoint routing_ms=2.410 processing_wall_ms=0.927 serial_batches=603 parallel_batches=0
live_aggregate_profile input_rows=4368 input_batches=603 evaluation_ms=1.663 ingestion_ms=3.622 finish_ms=0.252 output_ms=0.163 output_rows=624 output_batches=4 spilled_bytes=0
