1 baseline raw_parquet_generic q06 exit 0 typed [True] ms [188.709475]
1 control raw_parquet_generic q06 exit 0 typed [True] ms [389.968784]
1 candidate raw_parquet_generic q06 exit 0 typed [True] ms [388.615046]
1 baseline raw_parquet q06 exit 0 typed [True] ms [174.311286]
1 baseline raw_parquet q09 exit 0 typed [True] ms [1384.610446]
1 control raw_parquet q06 exit 0 typed [True] ms [192.349773]
1 control raw_parquet q09 exit 0 typed [True] ms [1373.444965]
1 candidate raw_parquet q06 exit 0 typed [True] ms [187.498957]
1 candidate raw_parquet q09 exit 0 typed [True] ms [1392.0164690000001]
1 baseline native q06 exit 0 typed [True] ms [1246.363571]
1 baseline native q09 exit 0 typed [True] ms [2592.74455]
1 control native q06 exit 0 typed [True] ms [1094.729866]
1 control native q09 exit 0 typed [True] ms [2575.131003]
1 candidate native q06 exit 0 typed [True] ms [1007.939833]
1 candidate native q09 exit 0 typed [True] ms [2543.076607]
1 baseline cpu_resident_4t_32g q06 exit 0 typed [True] ms [628.377399]
1 baseline cpu_resident_4t_32g q09 exit 0 typed [True] ms [2432.141767]
1 control cpu_resident_4t_32g q06 exit 0 typed [True] ms [741.908042]
1 control cpu_resident_4t_32g q09 exit 0 typed [True] ms [2289.858527]
1 candidate cpu_resident_4t_32g q06 exit 0 typed [True] ms [768.4467149999999]
1 candidate cpu_resident_4t_32g q09 exit 0 typed [True] ms [2350.5700229999998]
2 candidate raw_parquet_generic q06 exit 0 typed [True] ms [385.424223]
2 control raw_parquet_generic q06 exit 0 typed [True] ms [386.69624400000004]
2 baseline raw_parquet_generic q06 exit 0 typed [True] ms [195.231135]
2 candidate raw_parquet q06 exit 0 typed [True] ms [190.27447]
2 candidate raw_parquet q09 exit 0 typed [True] ms [1443.624306]
2 control raw_parquet q06 exit 0 typed [True] ms [209.460318]
2 control raw_parquet q09 exit 0 typed [True] ms [1457.7243799999999]
2 baseline raw_parquet q06 exit 0 typed [True] ms [176.766783]
2 baseline raw_parquet q09 exit 0 typed [True] ms [1422.022769]
2 candidate native q06 exit 0 typed [True] ms [1088.00834]
2 candidate native q09 exit 0 typed [True] ms [2591.43321]
2 control native q06 exit 0 typed [True] ms [822.1565459999999]
2 control native q09 exit 0 typed [True] ms [2624.5001270000002]
2 baseline native q06 exit 0 typed [True] ms [1234.697068]
2 baseline native q09 exit 0 typed [True] ms [2556.080745]
2 candidate cpu_resident_4t_32g q06 exit 0 typed [True] ms [746.672485]
2 candidate cpu_resident_4t_32g q09 exit 0 typed [True] ms [2375.798686]
2 control cpu_resident_4t_32g q06 exit 0 typed [True] ms [745.980478]
2 control cpu_resident_4t_32g q09 exit 0 typed [True] ms [2341.091468]
2 baseline cpu_resident_4t_32g q06 exit 0 typed [True] ms [624.376138]
2 baseline cpu_resident_4t_32g q09 exit 0 typed [True] ms [2328.113135]
