typed outputs 96
[
  {
    "block": 1,
    "query": "q01",
    "query_ratio": 0.9865027685848748,
    "decode_all_ms": 6683.024482999999,
    "prune_ms": 6592.822155000001,
    "decode_all_plan_ms": 0.14089,
    "prune_plan_ms": 0.128483,
    "decode_all_execute_ms": 6682.595185,
    "prune_execute_ms": 6592.370975,
    "optimized_plan_equal": true,
    "physical_plan_equal": true
  },
  {
    "block": 1,
    "query": "q06",
    "query_ratio": 1.1413526142360297,
    "decode_all_ms": 811.763791,
    "prune_ms": 926.508725,
    "decode_all_plan_ms": 0.10703,
    "prune_plan_ms": 0.14545000000000002,
    "decode_all_execute_ms": 811.4228730000001,
    "prune_execute_ms": 925.989228,
    "optimized_plan_equal": true,
    "physical_plan_equal": true
  },
  {
    "block": 1,
    "query": "q12",
    "query_ratio": 1.3305592392814298,
    "decode_all_ms": 849.8053620000001,
    "prune_ms": 1130.716376,
    "decode_all_plan_ms": 9.232681,
    "prune_plan_ms": 9.27204,
    "decode_all_execute_ms": 833.698453,
    "prune_execute_ms": 1115.141848,
    "optimized_plan_equal": true,
    "physical_plan_equal": true
  },
  {
    "block": 2,
    "query": "q01",
    "query_ratio": 1.0035742314114553,
    "decode_all_ms": 6597.73397,
    "prune_ms": 6621.3157980000005,
    "decode_all_plan_ms": 0.140474,
    "prune_plan_ms": 0.12836,
    "decode_all_execute_ms": 6597.2977359999995,
    "prune_execute_ms": 6620.877496,
    "optimized_plan_equal": true,
    "physical_plan_equal": true
  },
  {
    "block": 2,
    "query": "q06",
    "query_ratio": 1.3506197253097219,
    "decode_all_ms": 880.8784979999999,
    "prune_ms": 1189.7318750000002,
    "decode_all_plan_ms": 0.138223,
    "prune_plan_ms": 0.12363,
    "decode_all_execute_ms": 880.495009,
    "prune_execute_ms": 1189.3726060000001,
    "optimized_plan_equal": true,
    "physical_plan_equal": true
  },
  {
    "block": 2,
    "query": "q12",
    "query_ratio": 0.6209359445797369,
    "decode_all_ms": 1002.564853,
    "prune_ms": 622.528554,
    "decode_all_plan_ms": 9.229835000000001,
    "prune_plan_ms": 9.201262,
    "decode_all_execute_ms": 987.016974,
    "prune_execute_ms": 606.8542970000001,
    "optimized_plan_equal": true,
    "physical_plan_equal": true
  },
  {
    "block": 3,
    "query": "q01",
    "query_ratio": 0.9945440894363246,
    "decode_all_ms": 6760.158835,
    "prune_ms": 6723.276013,
    "decode_all_plan_ms": 0.128777,
    "prune_plan_ms": 0.13663999999999998,
    "decode_all_execute_ms": 6759.718017,
    "prune_execute_ms": 6722.828192,
    "optimized_plan_equal": true,
    "physical_plan_equal": true
  },
  {
    "block": 3,
    "query": "q06",
    "query_ratio": 0.7846146636473463,
    "decode_all_ms": 1126.007453,
    "prune_ms": 883.4819590000001,
    "decode_all_plan_ms": 0.138361,
    "prune_plan_ms": 0.125471,
    "decode_all_execute_ms": 1125.61337,
    "prune_execute_ms": 883.141655,
    "optimized_plan_equal": true,
    "physical_plan_equal": true
  },
  {
    "block": 3,
    "query": "q12",
    "query_ratio": 1.550088182951685,
    "decode_all_ms": 619.757549,
    "prune_ms": 960.678853,
    "decode_all_plan_ms": 9.696513,
    "prune_plan_ms": 9.242856000000002,
    "decode_all_execute_ms": 602.947863,
    "prune_execute_ms": 944.966804,
    "optimized_plan_equal": true,
    "physical_plan_equal": true
  },
  {
    "block": 4,
    "query": "q01",
    "query_ratio": 1.006391249879327,
    "decode_all_ms": 6662.631223,
    "prune_ms": 6705.213764,
    "decode_all_plan_ms": 0.131354,
    "prune_plan_ms": 0.124172,
    "decode_all_execute_ms": 6662.19381,
    "prune_execute_ms": 6704.765318,
    "optimized_plan_equal": true,
    "physical_plan_equal": true
  },
  {
    "block": 4,
    "query": "q06",
    "query_ratio": 0.8371240657314902,
    "decode_all_ms": 1392.737325,
    "prune_ms": 1165.893932,
    "decode_all_plan_ms": 0.185429,
    "prune_plan_ms": 0.12330899999999999,
    "decode_all_execute_ms": 1392.228788,
    "prune_execute_ms": 1165.568941,
    "optimized_plan_equal": true,
    "physical_plan_equal": true
  },
  {
    "block": 4,
    "query": "q12",
    "query_ratio": 0.7502408758785251,
    "decode_all_ms": 799.2103699999999,
    "prune_ms": 599.600288,
    "decode_all_plan_ms": 9.164111,
    "prune_plan_ms": 9.240972,
    "decode_all_execute_ms": 783.6590610000001,
    "prune_execute_ms": 584.0951680000001,
    "optimized_plan_equal": true,
    "physical_plan_equal": true
  }
]
