[mem-cap] process hard-capped at 12.0G anonymous memory (RLIMIT_DATA; the engine aborts if exceeded, the terminal survives; size with QE_MEM_CAP)
[lance-scan]     1.0ms           5 rows 1 cols ["r_regionkey"]
[lance-scan]     0.3ms           5 rows 2 cols ["r_name", "r_comment"]
[lance-scan]     0.2ms          25 rows 2 cols ["n_nationkey", "n_regionkey"]
[lance-scan]     0.1ms          25 rows 2 cols ["n_name", "n_comment"]
[lance-scan]     0.5ms      100000 rows 2 cols ["s_suppkey", "s_nationkey"]
[lance-scan]     4.0ms      100000 rows 4 cols ["s_name", "s_address", "s_phone", "s_comment"]
[lance-scan]     4.8ms     1500000 rows 2 cols ["c_custkey", "c_nationkey"]
[lance-scan]    32.8ms     1048576 rows 5 cols ["c_name", "c_address", "c_phone", "c_mktsegment", "c_comment"]
[lance-scan]     2.4ms     2000000 rows 2 cols ["p_partkey", "p_size"]
[lance-scan]    14.3ms     1048576 rows 6 cols ["p_name", "p_mfgr", "p_brand", "p_type", "p_container", "p_comment"]
[lance-scan]    10.8ms     8000000 rows 3 cols ["ps_partkey", "ps_suppkey", "ps_availqty"]
[lance-scan]    24.9ms     1048576 rows 1 cols ["ps_comment"]
[lance-scan]    18.2ms    15000000 rows 4 cols ["o_orderkey", "o_custkey", "o_orderdate", "o_shippriority"]
[lance-scan]    17.4ms     1048576 rows 4 cols ["o_orderstatus", "o_orderpriority", "o_clerk", "o_comment"]
[lance-scan]   143.5ms    59986052 rows 7 cols ["l_orderkey", "l_partkey", "l_suppkey", "l_linenumber", "l_shipdate", "l_commitdate", "l_receiptdate"]
[lance-scan]    21.8ms     1048576 rows 5 cols ["l_returnflag", "l_linestatus", "l_shipinstruct", "l_shipmode", "l_comment"]
[lance-scan]    12.0ms     8000000 rows 3 cols ["ps_partkey", "ps_suppkey", "ps_supplycost"]
[lance-scan]     0.4ms          25 rows 2 cols ["n_nationkey", "n_name"]
[lance-scan]     0.5ms      100000 rows 2 cols ["s_suppkey", "s_nationkey"]
[lance-scan]    10.7ms    15000000 rows 2 cols ["o_orderkey", "o_orderdate"]
[lance-scan]    11.7ms     2000000 rows 2 cols ["p_partkey", "p_name"]
[lance-scan]   210.6ms    59986052 rows 6 cols ["l_orderkey", "l_partkey", "l_suppkey", "l_quantity", "l_extendedprice", "l_discount"]
[aggregate-frontier] {"admitted_buffers":true,"copy_bound":null,"envelope_bytes":null,"operator":"Project","partitions":16,"slots":16}
live_aggregate_routing key_preparation_ms=422.166 row_dispatch_ms=108.266 prepared_batches=7323 unprepared_batches=0
live_aggregate_workers workers=4 ownership=disjoint routing_ms=530.694 processing_wall_ms=122.834 serial_batches=7323 parallel_batches=0
live_aggregate_profile input_rows=3261613 input_batches=7323 evaluation_ms=7.099 ingestion_ms=664.685 finish_ms=0.125 output_ms=0.036 output_rows=175 output_batches=4 spilled_bytes=0
[lance-scan]    15.6ms     8000000 rows 3 cols ["ps_partkey", "ps_suppkey", "ps_supplycost"]
[lance-scan]     0.3ms          25 rows 2 cols ["n_nationkey", "n_name"]
[lance-scan]     0.4ms      100000 rows 2 cols ["s_suppkey", "s_nationkey"]
[lance-scan]    12.1ms    15000000 rows 2 cols ["o_orderkey", "o_orderdate"]
[lance-scan]    12.4ms     2000000 rows 2 cols ["p_partkey", "p_name"]
[lance-scan]   241.3ms    59986052 rows 6 cols ["l_orderkey", "l_partkey", "l_suppkey", "l_quantity", "l_extendedprice", "l_discount"]
[aggregate-frontier] {"admitted_buffers":true,"copy_bound":null,"envelope_bytes":null,"operator":"Project","partitions":16,"slots":16}
live_aggregate_routing key_preparation_ms=437.675 row_dispatch_ms=102.180 prepared_batches=7323 unprepared_batches=0
live_aggregate_workers workers=4 ownership=disjoint routing_ms=540.147 processing_wall_ms=131.920 serial_batches=7323 parallel_batches=0
live_aggregate_profile input_rows=3261613 input_batches=7323 evaluation_ms=8.431 ingestion_ms=683.067 finish_ms=0.128 output_ms=0.033 output_rows=175 output_batches=4 spilled_bytes=0
[lance-scan]    12.3ms     8000000 rows 3 cols ["ps_partkey", "ps_suppkey", "ps_supplycost"]
[lance-scan]     0.4ms          25 rows 2 cols ["n_nationkey", "n_name"]
[lance-scan]     0.4ms      100000 rows 2 cols ["s_suppkey", "s_nationkey"]
[lance-scan]    11.1ms    15000000 rows 2 cols ["o_orderkey", "o_orderdate"]
[lance-scan]    14.0ms     2000000 rows 2 cols ["p_partkey", "p_name"]
[lance-scan]   180.1ms    59986052 rows 6 cols ["l_orderkey", "l_partkey", "l_suppkey", "l_quantity", "l_extendedprice", "l_discount"]
[aggregate-frontier] {"admitted_buffers":true,"copy_bound":null,"envelope_bytes":null,"operator":"Project","partitions":16,"slots":16}
live_aggregate_routing key_preparation_ms=436.594 row_dispatch_ms=109.263 prepared_batches=7323 unprepared_batches=0
live_aggregate_workers workers=4 ownership=disjoint routing_ms=546.127 processing_wall_ms=124.097 serial_batches=7323 parallel_batches=0
live_aggregate_profile input_rows=3261613 input_batches=7323 evaluation_ms=7.449 ingestion_ms=681.961 finish_ms=0.127 output_ms=0.033 output_rows=175 output_batches=4 spilled_bytes=0
[lance-scan]    12.1ms     8000000 rows 3 cols ["ps_partkey", "ps_suppkey", "ps_supplycost"]
[lance-scan]     0.3ms          25 rows 2 cols ["n_nationkey", "n_name"]
[lance-scan]     0.4ms      100000 rows 2 cols ["s_suppkey", "s_nationkey"]
[lance-scan]    11.3ms    15000000 rows 2 cols ["o_orderkey", "o_orderdate"]
[lance-scan]    11.7ms     2000000 rows 2 cols ["p_partkey", "p_name"]
[lance-scan]   237.0ms    59986052 rows 6 cols ["l_orderkey", "l_partkey", "l_suppkey", "l_quantity", "l_extendedprice", "l_discount"]
[aggregate-frontier] {"admitted_buffers":true,"copy_bound":null,"envelope_bytes":null,"operator":"Project","partitions":16,"slots":16}
live_aggregate_routing key_preparation_ms=428.615 row_dispatch_ms=107.390 prepared_batches=7323 unprepared_batches=0
live_aggregate_workers workers=4 ownership=disjoint routing_ms=536.284 processing_wall_ms=125.700 serial_batches=7323 parallel_batches=0
live_aggregate_profile input_rows=3261613 input_batches=7323 evaluation_ms=7.701 ingestion_ms=673.648 finish_ms=0.136 output_ms=0.042 output_rows=175 output_batches=4 spilled_bytes=0
