[mem-cap] process hard-capped at 12.0G anonymous memory (RLIMIT_DATA; the engine aborts if exceeded, the terminal survives; size with QE_MEM_CAP)
[lance-scan]     3.6ms           5 rows 1 cols ["r_regionkey"]
[lance-scan]     1.4ms           5 rows 2 cols ["r_name", "r_comment"]
[lance-scan]     0.9ms          25 rows 2 cols ["n_nationkey", "n_regionkey"]
[lance-scan]     0.8ms          25 rows 2 cols ["n_name", "n_comment"]
[lance-scan]     2.4ms      100000 rows 2 cols ["s_suppkey", "s_nationkey"]
[lance-scan]    13.5ms      100000 rows 4 cols ["s_name", "s_address", "s_phone", "s_comment"]
[lance-scan]    12.2ms     1500000 rows 2 cols ["c_custkey", "c_nationkey"]
[lance-scan]    29.6ms     1048576 rows 5 cols ["c_name", "c_address", "c_phone", "c_mktsegment", "c_comment"]
[lance-scan]     3.0ms     2000000 rows 2 cols ["p_partkey", "p_size"]
[lance-scan]    15.8ms     1048576 rows 6 cols ["p_name", "p_mfgr", "p_brand", "p_type", "p_container", "p_comment"]
[lance-scan]     9.9ms     8000000 rows 3 cols ["ps_partkey", "ps_suppkey", "ps_availqty"]
[lance-scan]    24.1ms     1048576 rows 1 cols ["ps_comment"]
[lance-scan]    17.3ms    15000000 rows 4 cols ["o_orderkey", "o_custkey", "o_orderdate", "o_shippriority"]
[lance-scan]    16.3ms     1048576 rows 4 cols ["o_orderstatus", "o_orderpriority", "o_clerk", "o_comment"]
[lance-scan]   132.3ms    59986052 rows 7 cols ["l_orderkey", "l_partkey", "l_suppkey", "l_linenumber", "l_shipdate", "l_commitdate", "l_receiptdate"]
[lance-scan]    22.5ms     1048576 rows 5 cols ["l_returnflag", "l_linestatus", "l_shipinstruct", "l_shipmode", "l_comment"]
[lance-scan]   366.8ms     2141904 rows 6 cols ["l_partkey", "l_quantity", "l_extendedprice", "l_discount", "l_shipinstruct", "l_shipmode"]
[lance-scan]    20.9ms       72014 rows 4 cols ["p_partkey", "p_brand", "p_size", "p_container"]
[lance-scan]   354.1ms     2141904 rows 6 cols ["l_partkey", "l_quantity", "l_extendedprice", "l_discount", "l_shipinstruct", "l_shipmode"]
[lance-scan]    19.0ms       72014 rows 4 cols ["p_partkey", "p_brand", "p_size", "p_container"]
[lance-scan]   369.2ms     2141904 rows 6 cols ["l_partkey", "l_quantity", "l_extendedprice", "l_discount", "l_shipinstruct", "l_shipmode"]
[lance-scan]    19.2ms       72014 rows 4 cols ["p_partkey", "p_brand", "p_size", "p_container"]
[lance-scan]   359.7ms     2141904 rows 6 cols ["l_partkey", "l_quantity", "l_extendedprice", "l_discount", "l_shipinstruct", "l_shipmode"]
[lance-scan]    20.0ms       72014 rows 4 cols ["p_partkey", "p_brand", "p_size", "p_container"]
