[mem-cap] process hard-capped at 12.0G anonymous memory (RLIMIT_DATA; the engine aborts if exceeded, the terminal survives; size with QE_MEM_CAP)
[lance-scan]     2.7ms           5 rows 1 cols ["r_regionkey"]
[lance-scan]     1.2ms           5 rows 2 cols ["r_name", "r_comment"]
[lance-scan]     1.0ms          25 rows 2 cols ["n_nationkey", "n_regionkey"]
[lance-scan]     0.7ms          25 rows 2 cols ["n_name", "n_comment"]
[lance-scan]     2.1ms      100000 rows 2 cols ["s_suppkey", "s_nationkey"]
[lance-scan]    13.9ms      100000 rows 4 cols ["s_name", "s_address", "s_phone", "s_comment"]
[lance-scan]    12.5ms     1500000 rows 2 cols ["c_custkey", "c_nationkey"]
[lance-scan]    34.0ms     1048576 rows 5 cols ["c_name", "c_address", "c_phone", "c_mktsegment", "c_comment"]
[lance-scan]     2.6ms     2000000 rows 2 cols ["p_partkey", "p_size"]
[lance-scan]    15.8ms     1048576 rows 6 cols ["p_name", "p_mfgr", "p_brand", "p_type", "p_container", "p_comment"]
[lance-scan]    11.3ms     8000000 rows 3 cols ["ps_partkey", "ps_suppkey", "ps_availqty"]
[lance-scan]    25.9ms     1048576 rows 1 cols ["ps_comment"]
[lance-scan]    18.8ms    15000000 rows 4 cols ["o_orderkey", "o_custkey", "o_orderdate", "o_shippriority"]
[lance-scan]    17.9ms     1048576 rows 4 cols ["o_orderstatus", "o_orderpriority", "o_clerk", "o_comment"]
[lance-scan]   143.8ms    59986052 rows 7 cols ["l_orderkey", "l_partkey", "l_suppkey", "l_linenumber", "l_shipdate", "l_commitdate", "l_receiptdate"]
[lance-scan]    17.5ms     1048576 rows 5 cols ["l_returnflag", "l_linestatus", "l_shipinstruct", "l_shipmode", "l_comment"]
[lance-scan]   218.4ms     2600101 rows 5 cols ["l_orderkey", "l_shipdate", "l_commitdate", "l_receiptdate", "l_shipmode"]
[lance-scan]    22.5ms    15000000 rows 2 cols ["o_orderkey", "o_orderpriority"]
[aggregate-frontier] {"admitted_buffers":true,"copy_bound":null,"envelope_bytes":null,"operator":"SpillableHashJoin","partitions":16,"slots":16}
live_aggregate_routing key_preparation_ms=28.136 row_dispatch_ms=5.491 prepared_batches=1832 unprepared_batches=0
live_aggregate_workers workers=4 ownership=disjoint routing_ms=33.695 processing_wall_ms=14.125 serial_batches=1832 parallel_batches=0
live_aggregate_profile input_rows=310803 input_batches=1832 evaluation_ms=34.607 ingestion_ms=48.752 finish_ms=0.092 output_ms=0.007 output_rows=2 output_batches=2 spilled_bytes=0
[lance-scan]   235.5ms     2600101 rows 5 cols ["l_orderkey", "l_shipdate", "l_commitdate", "l_receiptdate", "l_shipmode"]
[lance-scan]    25.2ms    15000000 rows 2 cols ["o_orderkey", "o_orderpriority"]
[aggregate-frontier] {"admitted_buffers":true,"copy_bound":null,"envelope_bytes":null,"operator":"SpillableHashJoin","partitions":16,"slots":16}
live_aggregate_routing key_preparation_ms=24.922 row_dispatch_ms=4.956 prepared_batches=1832 unprepared_batches=0
live_aggregate_workers workers=4 ownership=disjoint routing_ms=29.938 processing_wall_ms=12.411 serial_batches=1832 parallel_batches=0
live_aggregate_profile input_rows=310803 input_batches=1832 evaluation_ms=31.901 ingestion_ms=43.301 finish_ms=0.093 output_ms=0.007 output_rows=2 output_batches=2 spilled_bytes=0
[lance-scan]   234.9ms     2600101 rows 5 cols ["l_orderkey", "l_shipdate", "l_commitdate", "l_receiptdate", "l_shipmode"]
[lance-scan]    25.2ms    15000000 rows 2 cols ["o_orderkey", "o_orderpriority"]
[aggregate-frontier] {"admitted_buffers":true,"copy_bound":null,"envelope_bytes":null,"operator":"SpillableHashJoin","partitions":16,"slots":16}
live_aggregate_routing key_preparation_ms=23.253 row_dispatch_ms=4.559 prepared_batches=1832 unprepared_batches=0
live_aggregate_workers workers=4 ownership=disjoint routing_ms=27.868 processing_wall_ms=11.346 serial_batches=1832 parallel_batches=0
live_aggregate_profile input_rows=310803 input_batches=1832 evaluation_ms=30.170 ingestion_ms=40.185 finish_ms=0.092 output_ms=0.008 output_rows=2 output_batches=2 spilled_bytes=0
[lance-scan]   206.9ms     2600101 rows 5 cols ["l_orderkey", "l_shipdate", "l_commitdate", "l_receiptdate", "l_shipmode"]
[lance-scan]    22.9ms    15000000 rows 2 cols ["o_orderkey", "o_orderpriority"]
[aggregate-frontier] {"admitted_buffers":true,"copy_bound":null,"envelope_bytes":null,"operator":"SpillableHashJoin","partitions":16,"slots":16}
live_aggregate_routing key_preparation_ms=25.161 row_dispatch_ms=4.865 prepared_batches=1832 unprepared_batches=0
live_aggregate_workers workers=4 ownership=disjoint routing_ms=30.086 processing_wall_ms=12.352 serial_batches=1832 parallel_batches=0
live_aggregate_profile input_rows=310803 input_batches=1832 evaluation_ms=32.202 ingestion_ms=43.361 finish_ms=0.090 output_ms=0.007 output_rows=2 output_batches=2 spilled_bytes=0
