[mem-cap] process hard-capped at 12.0G anonymous memory (RLIMIT_DATA; the engine aborts if exceeded, the terminal survives; size with QE_MEM_CAP)
[lance-scan]     1.1ms           5 rows 1 cols ["r_regionkey"]
[lance-scan]     0.2ms           5 rows 2 cols ["r_name", "r_comment"]
[lance-scan]     0.2ms          25 rows 2 cols ["n_nationkey", "n_regionkey"]
[lance-scan]     0.3ms          25 rows 2 cols ["n_name", "n_comment"]
[lance-scan]     0.5ms      100000 rows 2 cols ["s_suppkey", "s_nationkey"]
[lance-scan]     4.3ms      100000 rows 4 cols ["s_name", "s_address", "s_phone", "s_comment"]
[lance-scan]     4.3ms     1500000 rows 2 cols ["c_custkey", "c_nationkey"]
[lance-scan]    26.5ms     1048576 rows 5 cols ["c_name", "c_address", "c_phone", "c_mktsegment", "c_comment"]
[lance-scan]     2.8ms     2000000 rows 2 cols ["p_partkey", "p_size"]
[lance-scan]    15.5ms     1048576 rows 6 cols ["p_name", "p_mfgr", "p_brand", "p_type", "p_container", "p_comment"]
[lance-scan]    11.6ms     8000000 rows 3 cols ["ps_partkey", "ps_suppkey", "ps_availqty"]
[lance-scan]    24.3ms     1048576 rows 1 cols ["ps_comment"]
[lance-scan]    18.0ms    15000000 rows 4 cols ["o_orderkey", "o_custkey", "o_orderdate", "o_shippriority"]
[lance-scan]    17.7ms     1048576 rows 4 cols ["o_orderstatus", "o_orderpriority", "o_clerk", "o_comment"]
[lance-scan]   139.6ms    59986052 rows 7 cols ["l_orderkey", "l_partkey", "l_suppkey", "l_linenumber", "l_shipdate", "l_commitdate", "l_receiptdate"]
[lance-scan]    20.5ms     1048576 rows 5 cols ["l_returnflag", "l_linestatus", "l_shipinstruct", "l_shipmode", "l_comment"]
[lance-scan]   265.1ms    59986052 rows 7 cols ["l_quantity", "l_extendedprice", "l_discount", "l_tax", "l_returnflag", "l_linestatus", "l_shipdate"]
[aggregate-frontier] {"admitted_buffers":true,"copy_bound":null,"envelope_bytes":null,"operator":"Project","partitions":4,"slots":4}
live_aggregate_workers workers=4 ownership=disjoint routing_ms=2001.360 processing_wall_ms=2278.961 serial_batches=0 parallel_batches=7323
live_aggregate_profile input_rows=59142609 input_batches=7323 evaluation_ms=1416.106 ingestion_ms=4287.279 finish_ms=0.099 output_ms=0.021 output_rows=4 output_batches=3 spilled_bytes=0
[lance-scan]   232.0ms    59986052 rows 7 cols ["l_quantity", "l_extendedprice", "l_discount", "l_tax", "l_returnflag", "l_linestatus", "l_shipdate"]
[aggregate-frontier] {"admitted_buffers":true,"copy_bound":null,"envelope_bytes":null,"operator":"Project","partitions":4,"slots":4}
live_aggregate_workers workers=4 ownership=disjoint routing_ms=2008.787 processing_wall_ms=2409.149 serial_batches=0 parallel_batches=7323
live_aggregate_profile input_rows=59142609 input_batches=7323 evaluation_ms=1390.781 ingestion_ms=4424.588 finish_ms=0.095 output_ms=0.020 output_rows=4 output_batches=3 spilled_bytes=0
[lance-scan]   295.2ms    59986052 rows 7 cols ["l_quantity", "l_extendedprice", "l_discount", "l_tax", "l_returnflag", "l_linestatus", "l_shipdate"]
[aggregate-frontier] {"admitted_buffers":true,"copy_bound":null,"envelope_bytes":null,"operator":"Project","partitions":4,"slots":4}
live_aggregate_workers workers=4 ownership=disjoint routing_ms=1989.901 processing_wall_ms=2381.286 serial_batches=0 parallel_batches=7323
live_aggregate_profile input_rows=59142609 input_batches=7323 evaluation_ms=1385.105 ingestion_ms=4378.730 finish_ms=0.103 output_ms=0.021 output_rows=4 output_batches=3 spilled_bytes=0
