typed outputs 80
[
  {
    "block": 1,
    "query": "q01",
    "query_ratio": 0.9534757102360965,
    "parent_ms": 6813.000104000001,
    "candidate_ms": 6496.030113,
    "parent_plan_ms": 0.130432,
    "candidate_plan_ms": 0.13196,
    "parent_execute_ms": 6812.544344,
    "candidate_execute_ms": 6495.585096,
    "optimized_plan_equal": true,
    "physical_plan_equal": true
  },
  {
    "block": 1,
    "query": "q06",
    "query_ratio": 0.9121398959103163,
    "parent_ms": 1317.684667,
    "candidate_ms": 1201.9127549999998,
    "parent_plan_ms": 0.15701800000000002,
    "candidate_plan_ms": 0.136691,
    "parent_execute_ms": 1317.188284,
    "candidate_execute_ms": 1201.549948,
    "optimized_plan_equal": true,
    "physical_plan_equal": true
  },
  {
    "block": 1,
    "query": "q12",
    "query_ratio": 1.0508767509548662,
    "parent_ms": 979.0370859999999,
    "candidate_ms": 1028.8473119999999,
    "parent_plan_ms": 9.252911000000001,
    "candidate_plan_ms": 9.115647,
    "parent_execute_ms": 963.381054,
    "candidate_execute_ms": 1012.828402,
    "optimized_plan_equal": true,
    "physical_plan_equal": true
  },
  {
    "block": 1,
    "query": "q18",
    "query_ratio": 0.9891401264446825,
    "parent_ms": 4246.38655,
    "candidate_ms": 4200.271328999999,
    "parent_plan_ms": 5.372083,
    "candidate_plan_ms": 5.353597,
    "parent_execute_ms": 4232.687115,
    "candidate_execute_ms": 4186.286800000001,
    "optimized_plan_equal": true,
    "physical_plan_equal": true
  },
  {
    "block": 1,
    "query": "q09",
    "query_ratio": 1.0052793682741232,
    "parent_ms": 2362.321087,
    "candidate_ms": 2374.79265,
    "parent_plan_ms": 10.503986,
    "candidate_plan_ms": 10.25577,
    "parent_execute_ms": 2335.1597650000003,
    "candidate_execute_ms": 2347.820172,
    "optimized_plan_equal": true,
    "physical_plan_equal": true
  },
  {
    "block": 2,
    "query": "q01",
    "query_ratio": 0.9698444397113668,
    "parent_ms": 6708.568936,
    "candidate_ms": 6506.268281,
    "parent_plan_ms": 0.115895,
    "candidate_plan_ms": 0.11791399999999999,
    "parent_execute_ms": 6708.157223,
    "candidate_execute_ms": 6505.850102,
    "optimized_plan_equal": true,
    "physical_plan_equal": true
  },
  {
    "block": 2,
    "query": "q06",
    "query_ratio": 0.6440407380632951,
    "parent_ms": 1267.963664,
    "candidate_ms": 816.620254,
    "parent_plan_ms": 0.14802,
    "candidate_plan_ms": 0.120452,
    "parent_execute_ms": 1267.6449929999999,
    "candidate_execute_ms": 816.2172380000001,
    "optimized_plan_equal": true,
    "physical_plan_equal": true
  },
  {
    "block": 2,
    "query": "q12",
    "query_ratio": 0.6644544218303581,
    "parent_ms": 918.363239,
    "candidate_ms": 610.210515,
    "parent_plan_ms": 9.323381000000001,
    "candidate_plan_ms": 9.171968000000001,
    "parent_execute_ms": 902.696339,
    "candidate_execute_ms": 594.3671019999999,
    "optimized_plan_equal": true,
    "physical_plan_equal": true
  },
  {
    "block": 2,
    "query": "q18",
    "query_ratio": 0.9812015631372721,
    "parent_ms": 4293.61907,
    "candidate_ms": 4212.905743,
    "parent_plan_ms": 5.321687000000001,
    "candidate_plan_ms": 5.349164,
    "parent_execute_ms": 4280.097094000001,
    "candidate_execute_ms": 4199.497942,
    "optimized_plan_equal": true,
    "physical_plan_equal": true
  },
  {
    "block": 2,
    "query": "q09",
    "query_ratio": 1.0138079854021376,
    "parent_ms": 2406.209815,
    "candidate_ms": 2439.434725,
    "parent_plan_ms": 10.257456,
    "candidate_plan_ms": 10.368407,
    "parent_execute_ms": 2379.361093,
    "candidate_execute_ms": 2382.019171,
    "optimized_plan_equal": true,
    "physical_plan_equal": true
  }
]
