[mem-cap] process hard-capped at 12.0G anonymous memory (RLIMIT_DATA; the engine aborts if exceeded, the terminal survives; size with QE_MEM_CAP)
[input-queue] {"completed":true,"detail":{"admitted_buffers":false,"declared_bound":null,"envelope_bytes":null,"label":"join build input queue","max_slots":8,"operator":"Project","partitions":8,"prepared":false,"slots":1},"id":2,"ms":0.024596,"phase":"queue_prepare","unwinding":false}
[input-queue] {"completed":true,"detail":{"batches":112,"charge_ms":0.255651,"charged_copy_bytes":648512,"copy_ms":1.2088609999999997,"execute_ms":0.011953,"partition":2,"permit_ms":932.6861349999998,"poll_ms":129.32826899999998,"queue":2,"rows":37722,"send_ms":0.29333100000000006},"id":5,"ms":1064.003048,"phase":"queue_producer","unwinding":false}
[input-queue] {"completed":true,"detail":{"batches":112,"charge_ms":0.22833800000000007,"charged_copy_bytes":655920,"copy_ms":1.1940939999999995,"execute_ms":0.000885,"partition":7,"permit_ms":934.1083910000001,"poll_ms":128.72075000000007,"queue":2,"rows":38345,"send_ms":0.29422300000000007},"id":9,"ms":1064.7549780000002,"phase":"queue_producer","unwinding":false}
[input-queue] {"completed":true,"detail":{"batches":112,"charge_ms":0.2628099999999999,"charged_copy_bytes":653472,"copy_ms":1.1499309999999998,"execute_ms":0.013859999999999999,"partition":5,"permit_ms":933.4145680000004,"poll_ms":130.16432300000005,"queue":2,"rows":38144,"send_ms":0.28694},"id":8,"ms":1065.510679,"phase":"queue_producer","unwinding":false}
[input-queue] {"completed":true,"detail":{"batches":112,"charge_ms":0.22964699999999996,"charged_copy_bytes":650432,"copy_ms":1.225918,"execute_ms":0.014764,"partition":4,"permit_ms":935.2416759999999,"poll_ms":129.04425899999998,"queue":2,"rows":37882,"send_ms":0.277749},"id":7,"ms":1066.2643919999998,"phase":"queue_producer","unwinding":false}
[input-queue] {"completed":true,"detail":{"batches":112,"charge_ms":0.24563000000000007,"charged_copy_bytes":651104,"copy_ms":1.1633720000000005,"execute_ms":0.018201000000000002,"partition":3,"permit_ms":935.6785169999997,"poll_ms":129.37770999999998,"queue":2,"rows":37947,"send_ms":0.2779689999999999},"id":6,"ms":1066.982235,"phase":"queue_producer","unwinding":false}
[input-queue] {"completed":true,"detail":{"batches":112,"charge_ms":0.24212600000000004,"charged_copy_bytes":653328,"copy_ms":1.2206000000000004,"execute_ms":0.011009000000000001,"partition":6,"permit_ms":936.351324,"poll_ms":129.437748,"queue":2,"rows":38137,"send_ms":0.27499199999999996},"id":10,"ms":1067.75207,"phase":"queue_producer","unwinding":false}
[input-queue] {"completed":true,"detail":{"batches":116,"charge_ms":0.24335799999999996,"charged_copy_bytes":671832,"copy_ms":1.1784060000000005,"execute_ms":0.012778000000000001,"partition":1,"permit_ms":937.4512290000001,"poll_ms":131.82895599999995,"queue":2,"rows":39096,"send_ms":0.29429400000000006},"id":4,"ms":1071.229635,"phase":"queue_producer","unwinding":false}
[input-queue] {"completed":true,"detail":{"batches":128,"charge_ms":0.25931299999999996,"charged_copy_bytes":746128,"copy_ms":1.2782339999999999,"execute_ms":0.013890999999999999,"partition":0,"permit_ms":936.1308410000001,"poll_ms":139.646164,"queue":2,"rows":43530,"send_ms":0.316771},"id":3,"ms":1077.901971,"phase":"queue_producer","unwinding":false}
[hj] build drain: 310803 rows, 1 batches; vht build: 6.807944ms; vht=true row_store=false build_keys=["l_orderkey"] on=["l_orderkey=o_orderkey"] swapped=false
[aggregate-frontier] {"admitted_buffers":true,"copy_bound":null,"envelope_bytes":null,"operator":"SpillableHashJoin","partitions":16,"slots":16}
live_aggregate_routing key_preparation_ms=12.600 row_dispatch_ms=2.458 prepared_batches=229 unprepared_batches=0
live_aggregate_workers workers=4 ownership=disjoint routing_ms=15.070 processing_wall_ms=63.927 serial_batches=0 parallel_batches=229
live_aggregate_profile input_rows=310803 input_batches=229 evaluation_ms=20.547 ingestion_ms=79.194 finish_ms=0.094 output_ms=0.008 output_rows=2 output_batches=2 spilled_bytes=0
[input-queue] {"completed":true,"detail":{"label":"sort input queue","operator":"Project","partitions":1},"id":1,"ms":1218.861473,"phase":"queue_prepare","unwinding":false}
[input-queue] {"completed":true,"detail":{"admitted_buffers":false,"declared_bound":null,"envelope_bytes":null,"label":"join build input queue","max_slots":8,"operator":"Project","partitions":8,"prepared":false,"slots":1},"id":12,"ms":0.011628,"phase":"queue_prepare","unwinding":false}
[input-queue] {"completed":true,"detail":{"batches":112,"charge_ms":0.07271199999999998,"charged_copy_bytes":651104,"copy_ms":0.33028000000000013,"execute_ms":0.003624,"partition":3,"permit_ms":384.042791,"poll_ms":53.78825600000001,"queue":12,"rows":37947,"send_ms":0.09180500000000001},"id":15,"ms":438.414439,"phase":"queue_producer","unwinding":false}
[input-queue] {"completed":true,"detail":{"batches":112,"charge_ms":0.06939199999999998,"charged_copy_bytes":650432,"copy_ms":0.3299539999999999,"execute_ms":0.0017310000000000001,"partition":4,"permit_ms":384.7536979999999,"poll_ms":53.83008600000001,"queue":12,"rows":37882,"send_ms":0.090181},"id":16,"ms":439.15651,"phase":"queue_producer","unwinding":false}
[input-queue] {"completed":true,"detail":{"batches":112,"charge_ms":0.06845300000000001,"charged_copy_bytes":653472,"copy_ms":0.31608300000000006,"execute_ms":0.0016330000000000001,"partition":5,"permit_ms":385.40384700000016,"poll_ms":53.93216300000001,"queue":12,"rows":38144,"send_ms":0.08753599999999997},"id":17,"ms":439.890581,"phase":"queue_producer","unwinding":false}
[input-queue] {"completed":true,"detail":{"batches":112,"charge_ms":0.06803400000000003,"charged_copy_bytes":653328,"copy_ms":0.32377200000000006,"execute_ms":0.001305,"partition":6,"permit_ms":385.980904,"poll_ms":54.079829999999994,"queue":12,"rows":38137,"send_ms":0.08774799999999999},"id":19,"ms":440.62393,"phase":"queue_producer","unwinding":false}
[input-queue] {"completed":true,"detail":{"batches":112,"charge_ms":0.069481,"charged_copy_bytes":655920,"copy_ms":0.31490900000000016,"execute_ms":0.0009239999999999999,"partition":7,"permit_ms":386.815864,"poll_ms":53.95358100000003,"queue":12,"rows":38345,"send_ms":0.08869500000000005},"id":20,"ms":441.32101,"phase":"queue_producer","unwinding":false}
[input-queue] {"completed":true,"detail":{"batches":112,"charge_ms":0.06705100000000003,"charged_copy_bytes":648512,"copy_ms":0.323726,"execute_ms":0.017137,"partition":2,"permit_ms":387.8366199999999,"poll_ms":53.62806499999999,"queue":12,"rows":37722,"send_ms":0.08843699999999995},"id":18,"ms":442.05706,"phase":"queue_producer","unwinding":false}
[input-queue] {"completed":true,"detail":{"batches":116,"charge_ms":0.07274399999999995,"charged_copy_bytes":671832,"copy_ms":0.34178700000000006,"execute_ms":0.012414,"partition":1,"permit_ms":388.55403300000006,"poll_ms":55.679083,"queue":12,"rows":39096,"send_ms":0.09091200000000002},"id":14,"ms":444.846482,"phase":"queue_producer","unwinding":false}
[input-queue] {"completed":true,"detail":{"batches":128,"charge_ms":0.08207500000000002,"charged_copy_bytes":746128,"copy_ms":0.38729199999999986,"execute_ms":0.021459,"partition":0,"permit_ms":388.11692400000015,"poll_ms":61.02673500000001,"queue":12,"rows":43530,"send_ms":0.11386399999999998},"id":13,"ms":449.86422799999997,"phase":"queue_producer","unwinding":false}
[hj] build drain: 310803 rows, 1 batches; vht build: 2.354046ms; vht=true row_store=false build_keys=["l_orderkey"] on=["l_orderkey=o_orderkey"] swapped=false
[aggregate-frontier] {"admitted_buffers":true,"copy_bound":null,"envelope_bytes":null,"operator":"SpillableHashJoin","partitions":16,"slots":16}
live_aggregate_routing key_preparation_ms=12.194 row_dispatch_ms=2.355 prepared_batches=229 unprepared_batches=0
live_aggregate_workers workers=4 ownership=disjoint routing_ms=14.561 processing_wall_ms=47.265 serial_batches=0 parallel_batches=229
live_aggregate_profile input_rows=310803 input_batches=229 evaluation_ms=19.729 ingestion_ms=62.019 finish_ms=0.097 output_ms=0.009 output_rows=2 output_batches=2 spilled_bytes=0
[input-queue] {"completed":true,"detail":{"label":"sort input queue","operator":"Project","partitions":1},"id":11,"ms":577.9893059999999,"phase":"queue_prepare","unwinding":false}
[input-queue] {"completed":true,"detail":{"admitted_buffers":false,"declared_bound":null,"envelope_bytes":null,"label":"join build input queue","max_slots":8,"operator":"Project","partitions":8,"prepared":false,"slots":1},"id":22,"ms":0.012074,"phase":"queue_prepare","unwinding":false}
[input-queue] {"completed":true,"detail":{"batches":112,"charge_ms":0.11222599999999999,"charged_copy_bytes":648512,"copy_ms":0.5783630000000003,"execute_ms":0.004374,"partition":2,"permit_ms":571.9320380000001,"poll_ms":78.21444700000004,"queue":22,"rows":37722,"send_ms":0.14930800000000002},"id":25,"ms":651.126621,"phase":"queue_producer","unwinding":false}
[input-queue] {"completed":true,"detail":{"batches":112,"charge_ms":0.11410400000000002,"charged_copy_bytes":651104,"copy_ms":0.6249890000000001,"execute_ms":0.0029950000000000003,"partition":3,"permit_ms":572.6155129999999,"poll_ms":78.23122299999997,"queue":22,"rows":37947,"send_ms":0.1465500000000001},"id":26,"ms":651.857491,"phase":"queue_producer","unwinding":false}
[input-queue] {"completed":true,"detail":{"batches":112,"charge_ms":0.115133,"charged_copy_bytes":655920,"copy_ms":0.6248059999999999,"execute_ms":0.001113,"partition":7,"permit_ms":572.3609050000002,"poll_ms":79.174638,"queue":22,"rows":38345,"send_ms":0.16357600000000008},"id":29,"ms":652.564294,"phase":"queue_producer","unwinding":false}
[input-queue] {"completed":true,"detail":{"batches":112,"charge_ms":0.11655499999999999,"charged_copy_bytes":653328,"copy_ms":8.074823000000004,"execute_ms":0.0021100000000000003,"partition":6,"permit_ms":565.8286769999999,"poll_ms":79.00115400000004,"queue":22,"rows":38137,"send_ms":0.15237000000000006},"id":28,"ms":653.303533,"phase":"queue_producer","unwinding":false}
[input-queue] {"completed":true,"detail":{"batches":112,"charge_ms":0.12079100000000006,"charged_copy_bytes":653472,"copy_ms":0.582338,"execute_ms":0.0036490000000000003,"partition":5,"permit_ms":573.1180770000001,"poll_ms":79.92020999999998,"queue":22,"rows":38144,"send_ms":0.152125},"id":27,"ms":654.022657,"phase":"queue_producer","unwinding":false}
[input-queue] {"completed":true,"detail":{"batches":112,"charge_ms":0.12073399999999998,"charged_copy_bytes":650432,"copy_ms":0.583998,"execute_ms":0.004887,"partition":4,"permit_ms":574.3883300000001,"poll_ms":79.403354,"queue":22,"rows":37882,"send_ms":0.14924800000000002},"id":30,"ms":654.7769420000001,"phase":"queue_producer","unwinding":false}
[input-queue] {"completed":true,"detail":{"batches":116,"charge_ms":0.126767,"charged_copy_bytes":671832,"copy_ms":0.6323930000000004,"execute_ms":0.00688,"partition":1,"permit_ms":575.9630999999999,"poll_ms":80.17823800000002,"queue":22,"rows":39096,"send_ms":0.15510999999999991},"id":24,"ms":657.18548,"phase":"queue_producer","unwinding":false}
[input-queue] {"completed":true,"detail":{"batches":128,"charge_ms":0.126182,"charged_copy_bytes":746128,"copy_ms":0.6437359999999998,"execute_ms":0.008046000000000001,"partition":0,"permit_ms":577.226108,"poll_ms":84.40580699999998,"queue":22,"rows":43530,"send_ms":0.157814},"id":23,"ms":662.7095979999999,"phase":"queue_producer","unwinding":false}
[hj] build drain: 310803 rows, 1 batches; vht build: 4.557404ms; vht=true row_store=false build_keys=["l_orderkey"] on=["l_orderkey=o_orderkey"] swapped=false
[aggregate-frontier] {"admitted_buffers":true,"copy_bound":null,"envelope_bytes":null,"operator":"SpillableHashJoin","partitions":16,"slots":16}
live_aggregate_routing key_preparation_ms=11.874 row_dispatch_ms=2.341 prepared_batches=229 unprepared_batches=0
live_aggregate_workers workers=4 ownership=disjoint routing_ms=14.227 processing_wall_ms=55.390 serial_batches=0 parallel_batches=229
live_aggregate_profile input_rows=310803 input_batches=229 evaluation_ms=19.471 ingestion_ms=69.800 finish_ms=0.089 output_ms=0.008 output_rows=2 output_batches=2 spilled_bytes=0
[input-queue] {"completed":true,"detail":{"label":"sort input queue","operator":"Project","partitions":1},"id":21,"ms":796.869709,"phase":"queue_prepare","unwinding":false}
[input-queue] {"completed":true,"detail":{"admitted_buffers":false,"declared_bound":null,"envelope_bytes":null,"label":"join build input queue","max_slots":8,"operator":"Project","partitions":8,"prepared":false,"slots":1},"id":32,"ms":0.012003,"phase":"queue_prepare","unwinding":false}
[input-queue] {"completed":true,"detail":{"batches":112,"charge_ms":0.22628999999999996,"charged_copy_bytes":648512,"copy_ms":1.036584,"execute_ms":0.0012929999999999999,"partition":2,"permit_ms":908.4907959999998,"poll_ms":124.38175600000005,"queue":32,"rows":37722,"send_ms":0.278087},"id":34,"ms":1034.645316,"phase":"queue_producer","unwinding":false}
[input-queue] {"completed":true,"detail":{"batches":112,"charge_ms":0.228489,"charged_copy_bytes":651104,"copy_ms":1.0554109999999999,"execute_ms":0.002233,"partition":3,"permit_ms":907.2675599999997,"poll_ms":127.19825700000001,"queue":32,"rows":37947,"send_ms":0.2998740000000001},"id":35,"ms":1036.284942,"phase":"queue_producer","unwinding":false}
[input-queue] {"completed":true,"detail":{"batches":112,"charge_ms":0.23813400000000004,"charged_copy_bytes":650432,"copy_ms":0.9849120000000001,"execute_ms":0.0007250000000000001,"partition":4,"permit_ms":909.4119380000001,"poll_ms":126.92006600000005,"queue":32,"rows":37882,"send_ms":0.272839},"id":36,"ms":1038.057002,"phase":"queue_producer","unwinding":false}
[input-queue] {"completed":true,"detail":{"batches":112,"charge_ms":0.21740099999999998,"charged_copy_bytes":653472,"copy_ms":0.9505600000000001,"execute_ms":0.004587,"partition":5,"permit_ms":911.3490249999996,"poll_ms":127.16105199999994,"queue":32,"rows":38144,"send_ms":0.2654620000000001},"id":38,"ms":1040.16705,"phase":"queue_producer","unwinding":false}
[input-queue] {"completed":true,"detail":{"batches":112,"charge_ms":0.23227199999999992,"charged_copy_bytes":653328,"copy_ms":1.0641100000000003,"execute_ms":0.012912,"partition":6,"permit_ms":913.5542350000002,"poll_ms":126.80852899999995,"queue":32,"rows":38137,"send_ms":0.27111799999999997},"id":37,"ms":1042.1543339999998,"phase":"queue_producer","unwinding":false}
[input-queue] {"completed":true,"detail":{"batches":112,"charge_ms":0.23212000000000002,"charged_copy_bytes":655920,"copy_ms":1.0278549999999997,"execute_ms":0.0059050000000000005,"partition":7,"permit_ms":909.3751040000001,"poll_ms":132.92005399999996,"queue":32,"rows":38345,"send_ms":0.28448},"id":40,"ms":1044.064326,"phase":"queue_producer","unwinding":false}
[input-queue] {"completed":true,"detail":{"batches":116,"charge_ms":0.2399060000000001,"charged_copy_bytes":671832,"copy_ms":1.030332,"execute_ms":0.014882000000000001,"partition":1,"permit_ms":926.1285610000003,"poll_ms":132.729485,"queue":32,"rows":39096,"send_ms":0.28064799999999995},"id":39,"ms":1060.675753,"phase":"queue_producer","unwinding":false}
[input-queue] {"completed":true,"detail":{"batches":128,"charge_ms":0.3082749999999999,"charged_copy_bytes":746128,"copy_ms":1.3393410000000008,"execute_ms":0.005596,"partition":0,"permit_ms":926.5737649999998,"poll_ms":154.57389799999996,"queue":32,"rows":43530,"send_ms":0.3501389999999999},"id":33,"ms":1083.4322789999999,"phase":"queue_producer","unwinding":false}
[hj] build drain: 310803 rows, 1 batches; vht build: 5.501318ms; vht=true row_store=false build_keys=["l_orderkey"] on=["l_orderkey=o_orderkey"] swapped=false
[aggregate-frontier] {"admitted_buffers":true,"copy_bound":null,"envelope_bytes":null,"operator":"SpillableHashJoin","partitions":16,"slots":16}
live_aggregate_routing key_preparation_ms=11.674 row_dispatch_ms=2.320 prepared_batches=229 unprepared_batches=0
live_aggregate_workers workers=4 ownership=disjoint routing_ms=14.005 processing_wall_ms=43.183 serial_batches=0 parallel_batches=229
live_aggregate_profile input_rows=310803 input_batches=229 evaluation_ms=19.324 ingestion_ms=57.381 finish_ms=0.091 output_ms=0.008 output_rows=2 output_batches=2 spilled_bytes=0
[input-queue] {"completed":true,"detail":{"label":"sort input queue","operator":"Project","partitions":1},"id":31,"ms":1219.431562,"phase":"queue_prepare","unwinding":false}
