[mem-cap] process hard-capped at 12.0G anonymous memory (RLIMIT_DATA; the engine aborts if exceeded, the terminal survives; size with QE_MEM_CAP)
[input-queue] {"completed":true,"detail":{"admitted_buffers":false,"declared_bound":null,"envelope_bytes":null,"label":"join build input queue","max_slots":8,"operator":"Project","partitions":8,"prepared":false,"slots":1},"id":2,"ms":0.027919000000000003,"phase":"queue_prepare","unwinding":false}
[input-queue] {"completed":true,"detail":{"batches":112,"charge_ms":0.164834,"charged_copy_bytes":651104,"copy_ms":0.8096949999999999,"execute_ms":0.013039,"partition":3,"permit_ms":693.2681549999998,"poll_ms":95.600123,"queue":2,"rows":37947,"send_ms":0.1839979999999999},"id":6,"ms":790.1641390000001,"phase":"queue_producer","unwinding":false}
[input-queue] {"completed":true,"detail":{"batches":112,"charge_ms":0.15424999999999994,"charged_copy_bytes":648512,"copy_ms":0.7948349999999998,"execute_ms":0.019667999999999998,"partition":2,"permit_ms":694.5613839999997,"poll_ms":95.10907899999998,"queue":2,"rows":37722,"send_ms":0.18182799999999993},"id":5,"ms":790.942924,"phase":"queue_producer","unwinding":false}
[input-queue] {"completed":true,"detail":{"batches":112,"charge_ms":0.17545299999999991,"charged_copy_bytes":653472,"copy_ms":0.7688540000000001,"execute_ms":0.015059,"partition":5,"permit_ms":694.8231520000002,"poll_ms":95.60677699999997,"queue":2,"rows":38144,"send_ms":0.16641700000000004},"id":7,"ms":791.670956,"phase":"queue_producer","unwinding":false}
[input-queue] {"completed":true,"detail":{"batches":112,"charge_ms":0.15427900000000008,"charged_copy_bytes":650432,"copy_ms":0.7927800000000002,"execute_ms":0.013706999999999999,"partition":4,"permit_ms":695.1355500000001,"poll_ms":96.037553,"queue":2,"rows":37882,"send_ms":0.1736469999999999},"id":8,"ms":792.426345,"phase":"queue_producer","unwinding":false}
[input-queue] {"completed":true,"detail":{"batches":112,"charge_ms":0.19271600000000014,"charged_copy_bytes":655920,"copy_ms":0.792242,"execute_ms":0.012902,"partition":7,"permit_ms":694.6978149999998,"poll_ms":97.143081,"queue":2,"rows":38345,"send_ms":0.18320999999999996},"id":10,"ms":793.144889,"phase":"queue_producer","unwinding":false}
[input-queue] {"completed":true,"detail":{"batches":112,"charge_ms":0.160833,"charged_copy_bytes":653328,"copy_ms":0.7964780000000002,"execute_ms":0.013061000000000001,"partition":6,"permit_ms":695.0350149999997,"poll_ms":97.57580600000003,"queue":2,"rows":38137,"send_ms":0.17282599999999998},"id":9,"ms":793.879703,"phase":"queue_producer","unwinding":false}
[input-queue] {"completed":true,"detail":{"batches":116,"charge_ms":0.16107299999999997,"charged_copy_bytes":671832,"copy_ms":0.7849849999999997,"execute_ms":0.017720999999999997,"partition":1,"permit_ms":697.922312,"poll_ms":97.52289599999997,"queue":2,"rows":39096,"send_ms":0.18711999999999995},"id":4,"ms":796.720102,"phase":"queue_producer","unwinding":false}
[input-queue] {"completed":true,"detail":{"batches":128,"charge_ms":0.17412400000000006,"charged_copy_bytes":746128,"copy_ms":0.8747649999999999,"execute_ms":0.013869000000000001,"partition":0,"permit_ms":695.0132209999999,"poll_ms":105.4482,"queue":2,"rows":43530,"send_ms":0.20950800000000003},"id":3,"ms":801.864119,"phase":"queue_producer","unwinding":false}
[hj] build drain: 310803 rows, 1 batches; vht build: 4.745209ms; vht=true row_store=false build_keys=["l_orderkey"] on=["l_orderkey=o_orderkey"] swapped=false
[aggregate-frontier] {"admitted_buffers":true,"copy_bound":null,"envelope_bytes":null,"operator":"SpillableHashJoin","partitions":16,"slots":16}
live_aggregate_routing key_preparation_ms=12.187 row_dispatch_ms=2.269 prepared_batches=229 unprepared_batches=0
live_aggregate_workers workers=4 ownership=disjoint routing_ms=14.468 processing_wall_ms=46.607 serial_batches=0 parallel_batches=229
live_aggregate_profile input_rows=310803 input_batches=229 evaluation_ms=18.972 ingestion_ms=61.255 finish_ms=0.088 output_ms=0.009 output_rows=2 output_batches=2 spilled_bytes=0
[input-queue] {"completed":true,"detail":{"label":"sort input queue","operator":"Project","partitions":1},"id":1,"ms":939.5514440000001,"phase":"queue_prepare","unwinding":false}
[input-queue] {"completed":true,"detail":{"admitted_buffers":false,"declared_bound":null,"envelope_bytes":null,"label":"join build input queue","max_slots":8,"operator":"Project","partitions":8,"prepared":false,"slots":1},"id":12,"ms":0.012053,"phase":"queue_prepare","unwinding":false}
[input-queue] {"completed":true,"detail":{"batches":112,"charge_ms":0.11056099999999996,"charged_copy_bytes":648512,"copy_ms":0.4931950000000002,"execute_ms":0.001174,"partition":2,"permit_ms":459.9308039999998,"poll_ms":62.70509100000002,"queue":12,"rows":37722,"send_ms":0.10914000000000001},"id":15,"ms":523.434384,"phase":"queue_producer","unwinding":false}
[input-queue] {"completed":true,"detail":{"batches":112,"charge_ms":0.100683,"charged_copy_bytes":650432,"copy_ms":0.4840889999999998,"execute_ms":0.005122000000000001,"partition":4,"permit_ms":459.5306070000001,"poll_ms":63.92002999999999,"queue":12,"rows":37882,"send_ms":0.10808099999999995},"id":16,"ms":524.2362579999999,"phase":"queue_producer","unwinding":false}
[input-queue] {"completed":true,"detail":{"batches":112,"charge_ms":0.10439600000000007,"charged_copy_bytes":653472,"copy_ms":10.974549,"execute_ms":0.000898,"partition":5,"permit_ms":450.28326599999997,"poll_ms":63.404497000000035,"queue":12,"rows":38144,"send_ms":0.109402},"id":17,"ms":524.96674,"phase":"queue_producer","unwinding":false}
[input-queue] {"completed":true,"detail":{"batches":112,"charge_ms":0.103977,"charged_copy_bytes":653328,"copy_ms":0.508668,"execute_ms":0.000761,"partition":6,"permit_ms":461.8820340000001,"poll_ms":63.009332,"queue":12,"rows":38137,"send_ms":0.113479},"id":18,"ms":525.7119700000001,"phase":"queue_producer","unwinding":false}
[input-queue] {"completed":true,"detail":{"batches":112,"charge_ms":0.10054099999999998,"charged_copy_bytes":655920,"copy_ms":0.49781700000000007,"execute_ms":0.00067,"partition":7,"permit_ms":462.92343899999986,"poll_ms":62.707376,"queue":12,"rows":38345,"send_ms":0.107085},"id":19,"ms":526.42515,"phase":"queue_producer","unwinding":false}
[input-queue] {"completed":true,"detail":{"batches":112,"charge_ms":0.10186199999999998,"charged_copy_bytes":651104,"copy_ms":0.47947100000000004,"execute_ms":0.014205,"partition":3,"permit_ms":463.49937900000015,"poll_ms":62.83633699999999,"queue":12,"rows":37947,"send_ms":0.108107},"id":20,"ms":527.144247,"phase":"queue_producer","unwinding":false}
[input-queue] {"completed":true,"detail":{"batches":116,"charge_ms":0.10356399999999998,"charged_copy_bytes":671832,"copy_ms":0.4991459999999999,"execute_ms":0.0015489999999999998,"partition":1,"permit_ms":465.33177700000033,"poll_ms":63.805502999999995,"queue":12,"rows":39096,"send_ms":0.11229699999999998},"id":14,"ms":529.944649,"phase":"queue_producer","unwinding":false}
[input-queue] {"completed":true,"detail":{"batches":128,"charge_ms":0.11309999999999995,"charged_copy_bytes":746128,"copy_ms":0.5081859999999998,"execute_ms":0.0044989999999999995,"partition":0,"permit_ms":464.75173800000005,"poll_ms":69.50691900000001,"queue":12,"rows":43530,"send_ms":0.129691},"id":13,"ms":535.1078540000001,"phase":"queue_producer","unwinding":false}
[hj] build drain: 310803 rows, 1 batches; vht build: 4.543979ms; vht=true row_store=false build_keys=["l_orderkey"] on=["l_orderkey=o_orderkey"] swapped=false
[aggregate-frontier] {"admitted_buffers":true,"copy_bound":null,"envelope_bytes":null,"operator":"SpillableHashJoin","partitions":16,"slots":16}
live_aggregate_routing key_preparation_ms=13.243 row_dispatch_ms=2.449 prepared_batches=229 unprepared_batches=0
live_aggregate_workers workers=4 ownership=disjoint routing_ms=15.704 processing_wall_ms=47.694 serial_batches=0 parallel_batches=229
live_aggregate_profile input_rows=310803 input_batches=229 evaluation_ms=19.803 ingestion_ms=63.582 finish_ms=0.089 output_ms=0.008 output_rows=2 output_batches=2 spilled_bytes=0
[input-queue] {"completed":true,"detail":{"label":"sort input queue","operator":"Project","partitions":1},"id":11,"ms":671.981999,"phase":"queue_prepare","unwinding":false}
[input-queue] {"completed":true,"detail":{"admitted_buffers":false,"declared_bound":null,"envelope_bytes":null,"label":"join build input queue","max_slots":8,"operator":"Project","partitions":8,"prepared":false,"slots":1},"id":22,"ms":0.013322,"phase":"queue_prepare","unwinding":false}
[input-queue] {"completed":true,"detail":{"batches":112,"charge_ms":0.18647499999999995,"charged_copy_bytes":648512,"copy_ms":0.8240529999999999,"execute_ms":0.004373,"partition":2,"permit_ms":723.186979,"poll_ms":99.28024200000004,"queue":22,"rows":37722,"send_ms":0.2017830000000001},"id":25,"ms":823.85163,"phase":"queue_producer","unwinding":false}
[input-queue] {"completed":true,"detail":{"batches":112,"charge_ms":0.17625899999999986,"charged_copy_bytes":650432,"copy_ms":0.9289300000000001,"execute_ms":0.001981,"partition":4,"permit_ms":724.8098949999999,"poll_ms":98.37459999999999,"queue":22,"rows":37882,"send_ms":0.18306699999999998},"id":27,"ms":824.6255620000001,"phase":"queue_producer","unwinding":false}
[input-queue] {"completed":true,"detail":{"batches":112,"charge_ms":0.189059,"charged_copy_bytes":651104,"copy_ms":13.043772000000002,"execute_ms":0.0043089999999999995,"partition":3,"permit_ms":712.0712269999999,"poll_ms":99.72018300000002,"queue":22,"rows":37947,"send_ms":0.19629300000000016},"id":26,"ms":825.377644,"phase":"queue_producer","unwinding":false}
[input-queue] {"completed":true,"detail":{"batches":112,"charge_ms":0.18571199999999993,"charged_copy_bytes":653328,"copy_ms":0.8278730000000001,"execute_ms":0.001831,"partition":6,"permit_ms":725.4410259999999,"poll_ms":99.38325299999997,"queue":22,"rows":38137,"send_ms":0.18228700000000003},"id":29,"ms":826.174591,"phase":"queue_producer","unwinding":false}
[input-queue] {"completed":true,"detail":{"batches":112,"charge_ms":0.18833200000000003,"charged_copy_bytes":655920,"copy_ms":0.8392860000000004,"execute_ms":0.001443,"partition":7,"permit_ms":726.9294819999996,"poll_ms":98.66875599999997,"queue":22,"rows":38345,"send_ms":0.18975999999999998},"id":30,"ms":826.971806,"phase":"queue_producer","unwinding":false}
[input-queue] {"completed":true,"detail":{"batches":112,"charge_ms":0.18519799999999997,"charged_copy_bytes":653472,"copy_ms":0.7793279999999999,"execute_ms":0.005263,"partition":5,"permit_ms":727.1233750000002,"poll_ms":99.27533500000001,"queue":22,"rows":38144,"send_ms":0.1836070000000001},"id":28,"ms":827.712636,"phase":"queue_producer","unwinding":false}
[input-queue] {"completed":true,"detail":{"batches":116,"charge_ms":0.17776199999999995,"charged_copy_bytes":671832,"copy_ms":0.8494500000000003,"execute_ms":0.004864,"partition":1,"permit_ms":730.3296309999997,"poll_ms":99.67894200000002,"queue":22,"rows":39096,"send_ms":0.20427999999999993},"id":24,"ms":831.40488,"phase":"queue_producer","unwinding":false}
[input-queue] {"completed":true,"detail":{"batches":128,"charge_ms":0.1990759999999999,"charged_copy_bytes":746128,"copy_ms":0.9317230000000003,"execute_ms":0.024981999999999997,"partition":0,"permit_ms":728.6043609999998,"poll_ms":106.834898,"queue":22,"rows":43530,"send_ms":0.21591700000000003},"id":23,"ms":837.0025370000001,"phase":"queue_producer","unwinding":false}
[hj] build drain: 310803 rows, 1 batches; vht build: 4.660403ms; vht=true row_store=false build_keys=["l_orderkey"] on=["l_orderkey=o_orderkey"] swapped=false
[aggregate-frontier] {"admitted_buffers":true,"copy_bound":null,"envelope_bytes":null,"operator":"SpillableHashJoin","partitions":16,"slots":16}
live_aggregate_routing key_preparation_ms=12.456 row_dispatch_ms=2.361 prepared_batches=229 unprepared_batches=0
live_aggregate_workers workers=4 ownership=disjoint routing_ms=14.829 processing_wall_ms=68.683 serial_batches=0 parallel_batches=229
live_aggregate_profile input_rows=310803 input_batches=229 evaluation_ms=19.796 ingestion_ms=83.713 finish_ms=0.085 output_ms=0.008 output_rows=2 output_batches=2 spilled_bytes=0
[input-queue] {"completed":true,"detail":{"label":"sort input queue","operator":"Project","partitions":1},"id":21,"ms":981.9907810000001,"phase":"queue_prepare","unwinding":false}
[input-queue] {"completed":true,"detail":{"admitted_buffers":false,"declared_bound":null,"envelope_bytes":null,"label":"join build input queue","max_slots":8,"operator":"Project","partitions":8,"prepared":false,"slots":1},"id":32,"ms":0.012931999999999999,"phase":"queue_prepare","unwinding":false}
[input-queue] {"completed":true,"detail":{"batches":112,"charge_ms":0.08217799999999999,"charged_copy_bytes":651104,"copy_ms":0.38991099999999984,"execute_ms":0.001198,"partition":3,"permit_ms":397.161987,"poll_ms":55.16815900000002,"queue":32,"rows":37947,"send_ms":3.081200999999998},"id":36,"ms":455.96450999999996,"phase":"queue_producer","unwinding":false}
[input-queue] {"completed":true,"detail":{"batches":112,"charge_ms":0.07697199999999997,"charged_copy_bytes":648512,"copy_ms":0.38158099999999984,"execute_ms":0.002205,"partition":2,"permit_ms":397.3034400000001,"poll_ms":56.391089000000015,"queue":32,"rows":37722,"send_ms":2.514007000000001},"id":35,"ms":456.745465,"phase":"queue_producer","unwinding":false}
[input-queue] {"completed":true,"detail":{"batches":112,"charge_ms":0.082431,"charged_copy_bytes":650432,"copy_ms":0.3903029999999999,"execute_ms":0.005835,"partition":4,"permit_ms":398.8184719999999,"poll_ms":55.680161999999974,"queue":32,"rows":37882,"send_ms":2.4550829999999997},"id":37,"ms":457.509457,"phase":"queue_producer","unwinding":false}
[input-queue] {"completed":true,"detail":{"batches":112,"charge_ms":0.08110100000000002,"charged_copy_bytes":653472,"copy_ms":0.38901099999999983,"execute_ms":0.001678,"partition":5,"permit_ms":397.0589070000002,"poll_ms":56.52238,"queue":32,"rows":38144,"send_ms":4.134485000000001},"id":38,"ms":458.265015,"phase":"queue_producer","unwinding":false}
[input-queue] {"completed":true,"detail":{"batches":112,"charge_ms":0.08028699999999996,"charged_copy_bytes":653328,"copy_ms":0.36405499999999996,"execute_ms":0.004179,"partition":6,"permit_ms":400.83591700000005,"poll_ms":55.02711200000001,"queue":32,"rows":38137,"send_ms":2.623778000000001},"id":40,"ms":459.013199,"phase":"queue_producer","unwinding":false}
[input-queue] {"completed":true,"detail":{"batches":112,"charge_ms":0.08239199999999997,"charged_copy_bytes":655920,"copy_ms":0.390967,"execute_ms":0.002626,"partition":7,"permit_ms":399.3719839999999,"poll_ms":55.61091299999999,"queue":32,"rows":38345,"send_ms":4.197801999999999},"id":39,"ms":459.74037400000003,"phase":"queue_producer","unwinding":false}
[input-queue] {"completed":true,"detail":{"batches":116,"charge_ms":0.08625500000000001,"charged_copy_bytes":671832,"copy_ms":0.39354300000000003,"execute_ms":0.003258,"partition":1,"permit_ms":402.1381209999997,"poll_ms":57.020692,"queue":32,"rows":39096,"send_ms":2.4861719999999994},"id":34,"ms":462.21221099999997,"phase":"queue_producer","unwinding":false}
[input-queue] {"completed":true,"detail":{"batches":128,"charge_ms":0.093487,"charged_copy_bytes":746128,"copy_ms":0.4684739999999998,"execute_ms":0.0042320000000000005,"partition":0,"permit_ms":400.998349,"poll_ms":63.24132299999999,"queue":32,"rows":43530,"send_ms":3.1321479999999995},"id":33,"ms":468.031541,"phase":"queue_producer","unwinding":false}
[hj] build drain: 310803 rows, 1 batches; vht build: 2.544709ms; vht=true row_store=false build_keys=["l_orderkey"] on=["l_orderkey=o_orderkey"] swapped=false
[aggregate-frontier] {"admitted_buffers":true,"copy_bound":null,"envelope_bytes":null,"operator":"SpillableHashJoin","partitions":16,"slots":16}
live_aggregate_routing key_preparation_ms=13.257 row_dispatch_ms=2.646 prepared_batches=229 unprepared_batches=0
live_aggregate_workers workers=4 ownership=disjoint routing_ms=15.916 processing_wall_ms=60.898 serial_batches=0 parallel_batches=229
live_aggregate_profile input_rows=310803 input_batches=229 evaluation_ms=20.718 ingestion_ms=77.030 finish_ms=0.096 output_ms=0.008 output_rows=2 output_batches=2 spilled_bytes=0
[input-queue] {"completed":true,"detail":{"label":"sort input queue","operator":"Project","partitions":1},"id":31,"ms":609.4757,"phase":"queue_prepare","unwinding":false}
