warning: Missing auto-load script at offset 0 in section .debug_gdb_scripts
of file /media/afilipchik/nvme6tb/src/afilipchik/iceberg-query-engine/target/debug/deps/spill_tests-6765b8a466451519.
Use `info auto-load python-scripts [REGEXP]' to list them.
Breakpoint 1 at 0x204b7e5: file src/execution/memory.rs, line 439.
[Thread debugging using libthread_db enabled]
Using host libthread_db library "/lib/x86_64-linux-gnu/libthread_db.so.1".

running 1 test
test count_distinct_spill_matches_in_memory ... [Switching to Thread 0x7ffff79bf6c0 (LWP 3442331)]
MEMORY_REFUSAL_STACK
#0  query_engine::execution::memory::PoolState::grow (self=..., size=...) at src/execution/memory.rs:439
#1  0x000055555759d839 in query_engine::execution::memory::MemoryPool::allocate (self=..., size=...) at src/execution/memory.rs:337
#2  0x000055555741e86f in query_engine::execution::reserved_vec::ReservedVec<u8>::with_capacity<u8> (pool=..., capacity=...) at src/execution/reserved_vec.rs:44
#3  0x0000555557289d8c in query_engine::execution::reserved_buffer::ReservedBufferBuilder<u8>::with_capacity<u8> (pool=..., capacity=...) at src/execution/reserved_buffer.rs:30
#4  0x000055555704b139 in query_engine::storage::admitted_page_body::decode_page_body (codec=..., encoded=..., decoded_size=..., prefix=..., pool=...) at src/storage/admitted_page_body.rs:103
#5  0x000055555710e821 in query_engine::storage::admitted_column_pages::AdmittedColumnPages<std::fs::File>::next_page<std::fs::File> (self=..., pool=...) at src/storage/admitted_column_pages.rs:121
#6  0x000055555710dd2e in query_engine::storage::admitted_column_pages::AdmittedColumnPages<std::fs::File>::next<std::fs::File> (self=..., pool=...) at src/storage/admitted_column_pages.rs:72
#7  0x0000555556fcfb6d in query_engine::storage::admitted_flat_column::AdmittedFlatColumn<std::fs::File>::prepare_page<std::fs::File> (self=..., pool=...) at src/storage/admitted_flat_column.rs:194
#8  0x0000555556fd1d71 in query_engine::storage::admitted_flat_column::AdmittedFlatColumn<std::fs::File>::prepare_output<std::fs::File> (self=..., pool=...) at src/storage/admitted_flat_column.rs:173
#9  0x0000555556fd450b in query_engine::storage::admitted_batch::{impl#0}::prepare_output<std::fs::File> (self=..., pool=...) at src/storage/admitted_batch.rs:43
#10 0x0000555557610740 in query_engine::storage::admitted_batch::AdmittedBatchReader<query_engine::storage::admitted_flat_column::AdmittedFlatColumn<std::fs::File>>::fill_coordinated<query_engine::storage::admitted_flat_column::AdmittedFlatColumn<std::fs::File>> (self=..., max_rows=..., bytes=..., pool=...) at src/storage/admitted_batch.rs:234
#11 0x000055555760e2c4 in query_engine::storage::admitted_batch::AdmittedBatchReader<query_engine::storage::admitted_flat_column::AdmittedFlatColumn<std::fs::File>>::next_batch<query_engine::storage::admitted_flat_column::AdmittedFlatColumn<std::fs::File>> (self=..., max_rows=..., value_bytes=..., pool=...) at src/storage/admitted_batch.rs:316
#12 0x0000555557610ffd in query_engine::storage::admitted_batch::AdmittedBatchReader<query_engine::storage::admitted_flat_column::AdmittedFlatColumn<std::fs::File>>::next<query_engine::storage::admitted_flat_column::AdmittedFlatColumn<std::fs::File>> (self=..., max_rows=..., value_bytes=..., pool=...) at src/storage/admitted_batch.rs:207
#13 0x000055555703feba in query_engine::physical::operators::streaming_parquet_scan::admitted::Reader::next_chunk (self=..., output=..., pool=..., max_rows=...) at src/physical/operators/streaming_parquet_scan/admitted.rs:220
#14 0x000055555704198d in query_engine::physical::operators::streaming_parquet_scan::admitted::Reader::next (self=..., output=..., pool=..., max_rows=...) at src/physical/operators/streaming_parquet_scan/admitted.rs:148
#15 0x0000555557045783 in query_engine::physical::operators::streaming_parquet_scan::admitted::stream::{closure#0}::{async_block#0} () at src/physical/operators/streaming_parquet_scan/admitted.rs:331
#16 0x000055555704793b in futures_core::future::{impl#2}::try_poll<query_engine::physical::operators::streaming_parquet_scan::admitted::stream::{closure#0}::{async_block_env#0}, core::option::Option<(arrow_array::record_batch::RecordBatch, query_engine::physical::operators::streaming_parquet_scan::admitted::State)>, query_engine::error::QueryError> (self=..., cx=...) at /home/afilipchik/.cargo/registry/src/index.crates.io-1949cf8c6b5b557f/futures-core-0.3.31/src/future.rs:92
#17 0x00005555577d4993 in futures_util::stream::try_stream::try_unfold::{impl#1}::poll_next<query_engine::physical::operators::streaming_parquet_scan::admitted::State, query_engine::physical::operators::streaming_parquet_scan::admitted::stream::{closure_env#0}, query_engine::physical::operators::streaming_parquet_scan::admitted::stream::{closure#0}::{async_block_env#0}, arrow_array::record_batch::RecordBatch> (self=..., cx=...) at /home/afilipchik/.cargo/registry/src/index.crates.io-1949cf8c6b5b557f/futures-util-0.3.31/src/stream/try_stream/try_unfold.rs:108
#18 0x00005555575b5477 in futures_core::stream::{impl#1}::poll_next<alloc::boxed::Box<(dyn futures_core::stream::Stream<Item=core::result::Result<arrow_array::record_batch::RecordBatch, query_engine::error::QueryError>> + core::marker::Send), alloc::alloc::Global>> (self=..., cx=...) at /home/afilipchik/.cargo/registry/src/index.crates.io-1949cf8c6b5b557f/futures-core-0.3.31/src/stream.rs:130
#19 0x00005555575b4c8b in futures_core::stream::{impl#4}::try_poll_next<core::pin::Pin<alloc::boxed::Box<(dyn futures_core::stream::Stream<Item=core::result::Result<arrow_array::record_batch::RecordBatch, query_engine::error::QueryError>> + core::marker::Send), alloc::alloc::Global>>, arrow_array::record_batch::RecordBatch, query_engine::error::QueryError> (self=..., cx=...) at /home/afilipchik/.cargo/registry/src/index.crates.io-1949cf8c6b5b557f/futures-core-0.3.31/src/stream.rs:206
#20 0x00005555575b4921 in futures_util::stream::try_stream::TryStreamExt::try_poll_next_unpin<core::pin::Pin<alloc::boxed::Box<(dyn futures_core::stream::Stream<Item=core::result::Result<arrow_array::record_batch::RecordBatch, query_engine::error::QueryError>> + core::marker::Send), alloc::alloc::Global>>> (self=..., cx=...) at /home/afilipchik/.cargo/registry/src/index.crates.io-1949cf8c6b5b557f/futures-util-0.3.31/src/stream/try_stream/mod.rs:1131
#21 0x0000555556fa3040 in futures_util::stream::try_stream::try_next::{impl#3}::poll<core::pin::Pin<alloc::boxed::Box<(dyn futures_core::stream::Stream<Item=core::result::Result<arrow_array::record_batch::RecordBatch, query_engine::error::QueryError>> + core::marker::Send), alloc::alloc::Global>>> (self=..., cx=...) at /home/afilipchik/.cargo/registry/src/index.crates.io-1949cf8c6b5b557f/futures-util-0.3.31/src/stream/try_stream/try_next.rs:32
#22 0x00005555572c6c0c in query_engine::physical::operators::spillable::{impl#17}::compute_build_decision::{async_fn#0} () at src/physical/operators/spillable.rs:1616
#23 0x00005555570031e0 in tokio::sync::once_cell::{impl#7}::get_or_try_init::{async_fn#0}<query_engine::physical::operators::spillable::BuildDecision, query_engine::error::QueryError, query_engine::physical::operators::spillable::{impl#42}::execute::{async_block#0}::{closure_env#0}, query_engine::physical::operators::spillable::{impl#17}::compute_build_decision::{async_fn_env#0}> () at /home/afilipchik/.cargo/registry/src/index.crates.io-1949cf8c6b5b557f/tokio-1.53.1/src/sync/once_cell.rs:422
REFUSAL_LEDGER_JSON [{"frame": "query_engine::execution::memory::PoolState::grow", "values": {"size": "23043", "increment": "23043", "used": "248058", "pool.max_memory": "262144"}}, {"frame": "query_engine::storage::admitted_batch::AdmittedBatchReader<query_engine::storage::admitted_flat_column::AdmittedFlatColumn<std::fs::File>>::next_batch<query_engine::storage::admitted_flat_column::AdmittedFlatColumn<std::fs::File>>", "values": {"max_rows": "1", "value_bytes": "65536", "self.remaining": "15000", "self.columns.values.len": "3", "self.columns.reservation.size": "4088", "self.pending.reservation.size": "608", "handoff": "core::option::Option<(query_engine::execution::reserved_vec::ReservedVec<alloc::sync::Arc<dyn arrow_array::array::Array, alloc::alloc::Global>>, query_engine::execution::memory::MemoryReservation)>::Some((query_engine::execution::reserved_vec::ReservedVec<alloc::sync::Arc<dyn arrow_array::array::Array, alloc::alloc::Global>> {values: alloc::vec::Vec<alloc::sync::Arc<dyn arrow_array::array::Array, alloc::alloc::Global>, alloc::alloc::Global> {buf: alloc::raw_vec::RawVec<alloc::sync::Arc<dyn arrow_array::array::Array, alloc::alloc::Global>, alloc::alloc::Global> {inner: alloc::raw_vec::RawVecInner<alloc::alloc::Global> {ptr: core::ptr::unique::Unique<u8> {pointer: core::ptr::non_null::NonNull<u8> {pointer: 0x200003d0420}, _marker: core::marker::PhantomData<u8>}, cap: core::num::niche_types::UsizeNoHighBit (3), alloc: alloc::alloc::Global}, _marker: core::marker::PhantomData<alloc::sync::Arc<dyn arrow_array::array::Array, alloc::alloc::Global>>}, len: 0}, reservation: query_engine::execution::memory::MemoryReservation {pool: alloc::sync::Arc<query_engine::execution::memory::PoolState, alloc::alloc::Global> {ptr: core::ptr::non_null::NonNull<alloc::sync::ArcInner<query_engine::execution::memory::PoolState>> {pointer: 0x200005b1e00}, phantom: core::marker::PhantomData<alloc::sync::ArcInner<query_engine::execution::memory::PoolState>>, alloc: alloc::alloc::Global}, size: 560}}, query_engine::execution::memory::MemoryReservation {pool: alloc::sync::Arc<query_engine::execution::memory::PoolState, alloc::alloc::Global> {ptr: core::ptr::non_null::NonNull<alloc::sync::ArcInner<query_engine::execution::memory::PoolState>> {pointer: 0x200005b1e00}, phantom: core::marker::PhantomData<alloc::sync::ArcInner<query_engine::execution::memory::PoolState>>, alloc: alloc::alloc::Global}, size: 12288}))"}}, {"frame": "query_engine::physical::operators::streaming_parquet_scan::admitted::Reader::next_chunk", "values": {"self._schema_reservation.size": "37376", "self.runtime.reservation.size": "512", "self.output_positions.reservation.size": "536"}}, {"frame": "query_engine::physical::operators::streaming_parquet_scan::admitted::Reader::next", "values": {"self._schema_reservation.size": "37376", "self.runtime.reservation.size": "512", "self.output_positions.reservation.size": "536"}}, {"frame": "query_engine::physical::operators::spillable::{impl#17}::compute_build_decision::{async_fn#0}", "values": {"flat_size": "0", "flat_rows": "0", "flat_batches.len": "0", "memory_threshold": "209715"}}, {"frame": "tokio::sync::once_cell::{impl#7}::get_or_try_init::{async_fn#0}<query_engine::physical::operators::spillable::BuildDecision, query_engine::error::QueryError, query_engine::physical::operators::spillable::{impl#42}::execute::{async_block#0}::{closure_env#0}, query_engine::physical::operators::spillable::{impl#17}::compute_build_decision::{async_fn_env#0}>", "values": {"flat_size": {"unavailable": "No symbol 'flat_size' in current context"}, "flat_rows": {"unavailable": "No symbol 'flat_rows' in current context"}, "flat_batches.len": {"unavailable": "No symbol 'flat_batches' in current context"}, "memory_threshold": {"unavailable": "No symbol 'memory_threshold' in current context"}}}]

thread 'count_distinct_spill_matches_in_memory' (3442331) panicked at tests/spill_tests.rs:134:29:
spill run failed: Execution error: Partition 0 execution failed: Execution error: Memory limit exceeded in 'query 2': requested 23043 additional bytes, used 248058, limit 262144
note: run with `RUST_BACKTRACE=1` environment variable to display a backtrace
FAILED

failures:

failures:
    count_distinct_spill_matches_in_memory

test result: FAILED. 0 passed; 1 failed; 0 ignored; 0 measured; 13 filtered out; finished in 0.38s

[Inferior 1 (process 3442283) exited with code 0145]
INFERIOR_EXIT=101
