[mem-cap] process hard-capped at 12.0G anonymous memory (RLIMIT_DATA; the engine aborts if exceeded, the terminal survives; size with QE_MEM_CAP)
[lance-scan]     1.2ms           5 rows 1 cols ["r_regionkey"]
[lance-scan]     0.2ms           5 rows 2 cols ["r_name", "r_comment"]
[lance-scan]     0.2ms          25 rows 2 cols ["n_nationkey", "n_regionkey"]
[lance-scan]     0.2ms          25 rows 2 cols ["n_name", "n_comment"]
[lance-scan]     0.6ms      100000 rows 2 cols ["s_suppkey", "s_nationkey"]
[lance-scan]     4.3ms      100000 rows 4 cols ["s_name", "s_address", "s_phone", "s_comment"]
[lance-scan]     4.2ms     1500000 rows 2 cols ["c_custkey", "c_nationkey"]
[lance-scan]    30.8ms     1048576 rows 5 cols ["c_name", "c_address", "c_phone", "c_mktsegment", "c_comment"]
[lance-scan]     2.6ms     2000000 rows 2 cols ["p_partkey", "p_size"]
[lance-scan]    17.0ms     1048576 rows 6 cols ["p_name", "p_mfgr", "p_brand", "p_type", "p_container", "p_comment"]
[lance-scan]    10.9ms     8000000 rows 3 cols ["ps_partkey", "ps_suppkey", "ps_availqty"]
[lance-scan]    25.2ms     1048576 rows 1 cols ["ps_comment"]
[lance-scan]    18.4ms    15000000 rows 4 cols ["o_orderkey", "o_custkey", "o_orderdate", "o_shippriority"]
[lance-scan]    18.1ms     1048576 rows 4 cols ["o_orderstatus", "o_orderpriority", "o_clerk", "o_comment"]
[lance-scan]   145.3ms    59986052 rows 7 cols ["l_orderkey", "l_partkey", "l_suppkey", "l_linenumber", "l_shipdate", "l_commitdate", "l_receiptdate"]
[lance-scan]    18.0ms     1048576 rows 5 cols ["l_returnflag", "l_linestatus", "l_shipinstruct", "l_shipmode", "l_comment"]
[lance-scan]    23.3ms    15000000 rows 4 cols ["o_orderkey", "o_custkey", "o_totalprice", "o_orderdate"]
[lance-scan]    59.0ms    59986052 rows 2 cols ["l_orderkey", "l_quantity"]
[lance-scan]     6.3ms     1500000 rows 2 cols ["c_custkey", "c_name"]
[lance-scan]    74.2ms    59986052 rows 2 cols ["l_orderkey", "l_quantity"]
[aggregate-frontier] {"admitted_buffers":true,"copy_bound":null,"envelope_bytes":null,"operator":"MemoryTableScan","partitions":16,"slots":16}
live_aggregate_routing key_preparation_ms=748.363 row_dispatch_ms=356.610 prepared_batches=7323 unprepared_batches=0
live_aggregate_workers workers=4 ownership=disjoint routing_ms=1105.271 processing_wall_ms=1573.899 serial_batches=0 parallel_batches=7323
live_aggregate_profile input_rows=59986052 input_batches=7323 evaluation_ms=6.180 ingestion_ms=2686.544 finish_ms=984.974 output_ms=984.761 output_rows=624 output_batches=608 spilled_bytes=0
[aggregate-frontier] {"admitted_buffers":true,"copy_bound":null,"envelope_bytes":null,"operator":"SpillableHashJoin","partitions":16,"slots":16}
live_aggregate_routing key_preparation_ms=2.418 row_dispatch_ms=1.286 prepared_batches=603 unprepared_batches=0
live_aggregate_workers workers=4 ownership=disjoint routing_ms=3.732 processing_wall_ms=1.020 serial_batches=603 parallel_batches=0
live_aggregate_profile input_rows=4368 input_batches=603 evaluation_ms=1.768 ingestion_ms=5.218 finish_ms=0.271 output_ms=0.168 output_rows=624 output_batches=4 spilled_bytes=0
[lance-scan]    26.3ms    15000000 rows 4 cols ["o_orderkey", "o_custkey", "o_totalprice", "o_orderdate"]
[lance-scan]    65.0ms    59986052 rows 2 cols ["l_orderkey", "l_quantity"]
[lance-scan]     7.3ms     1500000 rows 2 cols ["c_custkey", "c_name"]
[lance-scan]    72.2ms    59986052 rows 2 cols ["l_orderkey", "l_quantity"]
[aggregate-frontier] {"admitted_buffers":true,"copy_bound":null,"envelope_bytes":null,"operator":"MemoryTableScan","partitions":16,"slots":16}
live_aggregate_routing key_preparation_ms=725.278 row_dispatch_ms=356.696 prepared_batches=7323 unprepared_batches=0
live_aggregate_workers workers=4 ownership=disjoint routing_ms=1082.253 processing_wall_ms=1466.078 serial_batches=0 parallel_batches=7323
live_aggregate_profile input_rows=59986052 input_batches=7323 evaluation_ms=6.273 ingestion_ms=2555.660 finish_ms=978.192 output_ms=977.988 output_rows=624 output_batches=612 spilled_bytes=0
[aggregate-frontier] {"admitted_buffers":true,"copy_bound":null,"envelope_bytes":null,"operator":"SpillableHashJoin","partitions":16,"slots":16}
live_aggregate_routing key_preparation_ms=2.523 row_dispatch_ms=0.912 prepared_batches=603 unprepared_batches=0
live_aggregate_workers workers=4 ownership=disjoint routing_ms=3.463 processing_wall_ms=1.032 serial_batches=603 parallel_batches=0
live_aggregate_profile input_rows=4368 input_batches=603 evaluation_ms=1.786 ingestion_ms=5.903 finish_ms=0.297 output_ms=0.159 output_rows=624 output_batches=4 spilled_bytes=0
[lance-scan]    25.6ms    15000000 rows 4 cols ["o_orderkey", "o_custkey", "o_totalprice", "o_orderdate"]
[lance-scan]    63.8ms    59986052 rows 2 cols ["l_orderkey", "l_quantity"]
[lance-scan]     7.9ms     1500000 rows 2 cols ["c_custkey", "c_name"]
[lance-scan]    66.8ms    59986052 rows 2 cols ["l_orderkey", "l_quantity"]
[aggregate-frontier] {"admitted_buffers":true,"copy_bound":null,"envelope_bytes":null,"operator":"MemoryTableScan","partitions":16,"slots":16}
live_aggregate_routing key_preparation_ms=754.236 row_dispatch_ms=356.294 prepared_batches=7323 unprepared_batches=0
live_aggregate_workers workers=4 ownership=disjoint routing_ms=1110.824 processing_wall_ms=1578.075 serial_batches=0 parallel_batches=7323
live_aggregate_profile input_rows=59986052 input_batches=7323 evaluation_ms=6.497 ingestion_ms=2696.160 finish_ms=982.635 output_ms=982.438 output_rows=624 output_batches=614 spilled_bytes=0
[aggregate-frontier] {"admitted_buffers":true,"copy_bound":null,"envelope_bytes":null,"operator":"SpillableHashJoin","partitions":16,"slots":16}
live_aggregate_routing key_preparation_ms=2.532 row_dispatch_ms=0.781 prepared_batches=603 unprepared_batches=0
live_aggregate_workers workers=4 ownership=disjoint routing_ms=3.340 processing_wall_ms=1.068 serial_batches=603 parallel_batches=0
live_aggregate_profile input_rows=4368 input_batches=603 evaluation_ms=1.816 ingestion_ms=4.834 finish_ms=0.250 output_ms=0.162 output_rows=624 output_batches=4 spilled_bytes=0
[lance-scan]    23.2ms    15000000 rows 4 cols ["o_orderkey", "o_custkey", "o_totalprice", "o_orderdate"]
[lance-scan]    61.3ms    59986052 rows 2 cols ["l_orderkey", "l_quantity"]
[lance-scan]     7.9ms     1500000 rows 2 cols ["c_custkey", "c_name"]
[lance-scan]    93.7ms    59986052 rows 2 cols ["l_orderkey", "l_quantity"]
[aggregate-frontier] {"admitted_buffers":true,"copy_bound":null,"envelope_bytes":null,"operator":"MemoryTableScan","partitions":16,"slots":16}
live_aggregate_routing key_preparation_ms=763.707 row_dispatch_ms=349.469 prepared_batches=7323 unprepared_batches=0
live_aggregate_workers workers=4 ownership=disjoint routing_ms=1113.471 processing_wall_ms=1647.758 serial_batches=0 parallel_batches=7323
live_aggregate_profile input_rows=59986052 input_batches=7323 evaluation_ms=6.699 ingestion_ms=2768.561 finish_ms=996.475 output_ms=996.227 output_rows=624 output_batches=616 spilled_bytes=0
[aggregate-frontier] {"admitted_buffers":true,"copy_bound":null,"envelope_bytes":null,"operator":"SpillableHashJoin","partitions":16,"slots":16}
live_aggregate_routing key_preparation_ms=2.923 row_dispatch_ms=0.790 prepared_batches=603 unprepared_batches=0
live_aggregate_workers workers=4 ownership=disjoint routing_ms=3.739 processing_wall_ms=1.055 serial_batches=603 parallel_batches=0
live_aggregate_profile input_rows=4368 input_batches=603 evaluation_ms=1.780 ingestion_ms=5.203 finish_ms=0.250 output_ms=0.166 output_rows=624 output_batches=4 spilled_bytes=0
