typed outputs 80
[
  {
    "block": 1,
    "query": "q01",
    "query_ratio": 0.851795293968912,
    "parent_ms": 6328.578465,
    "candidate_ms": 5390.653354,
    "parent_plan_ms": 242.449415,
    "candidate_plan_ms": 245.18021000000002,
    "parent_execute_ms": 6076.641361,
    "candidate_execute_ms": 5146.8866100000005,
    "optimized_plan_equal": true,
    "physical_plan_equal": true
  },
  {
    "block": 1,
    "query": "q06",
    "query_ratio": 1.0118424381264597,
    "parent_ms": 292.312188,
    "candidate_ms": 295.773877,
    "parent_plan_ms": 131.31473499999998,
    "candidate_plan_ms": 133.269635,
    "parent_execute_ms": 156.928511,
    "candidate_execute_ms": 156.09293,
    "optimized_plan_equal": true,
    "physical_plan_equal": true
  },
  {
    "block": 1,
    "query": "q12",
    "query_ratio": 0.9303674250972678,
    "parent_ms": 361.79755,
    "candidate_ms": 336.604655,
    "parent_plan_ms": 264.42129,
    "candidate_plan_ms": 241.606955,
    "parent_execute_ms": 100.184174,
    "candidate_execute_ms": 78.370506,
    "optimized_plan_equal": true,
    "physical_plan_equal": true
  },
  {
    "block": 1,
    "query": "q18",
    "query_ratio": 1.003000602061534,
    "parent_ms": 4002.634056,
    "candidate_ms": 4014.6443679999998,
    "parent_plan_ms": 180.600033,
    "candidate_plan_ms": 171.160169,
    "parent_execute_ms": 3812.000485,
    "candidate_execute_ms": 3843.594682,
    "optimized_plan_equal": true,
    "physical_plan_equal": true
  },
  {
    "block": 1,
    "query": "q09",
    "query_ratio": 0.9754784457819567,
    "parent_ms": 1282.321003,
    "candidate_ms": 1250.876499,
    "parent_plan_ms": 217.04597,
    "candidate_plan_ms": 224.480129,
    "parent_execute_ms": 1057.067937,
    "candidate_execute_ms": 1024.871056,
    "optimized_plan_equal": true,
    "physical_plan_equal": true
  },
  {
    "block": 2,
    "query": "q01",
    "query_ratio": 0.8486026193302005,
    "parent_ms": 6381.843647000001,
    "candidate_ms": 5415.649235,
    "parent_plan_ms": 264.432422,
    "candidate_plan_ms": 236.564075,
    "parent_execute_ms": 6107.998416,
    "candidate_execute_ms": 5173.515419,
    "optimized_plan_equal": true,
    "physical_plan_equal": true
  },
  {
    "block": 2,
    "query": "q06",
    "query_ratio": 1.0720757921538941,
    "parent_ms": 290.71093599999995,
    "candidate_ms": 311.664157,
    "parent_plan_ms": 130.57637599999998,
    "candidate_plan_ms": 136.96391699999998,
    "parent_execute_ms": 156.575612,
    "candidate_execute_ms": 167.367147,
    "optimized_plan_equal": true,
    "physical_plan_equal": true
  },
  {
    "block": 2,
    "query": "q12",
    "query_ratio": 1.0061382842449658,
    "parent_ms": 349.873827,
    "candidate_ms": 352.021452,
    "parent_plan_ms": 260.21786099999997,
    "candidate_plan_ms": 242.803057,
    "parent_execute_ms": 91.39450000000001,
    "candidate_execute_ms": 89.618767,
    "optimized_plan_equal": true,
    "physical_plan_equal": true
  },
  {
    "block": 2,
    "query": "q18",
    "query_ratio": 0.9948267238994506,
    "parent_ms": 4070.6739000000002,
    "candidate_ms": 4049.61518,
    "parent_plan_ms": 175.520082,
    "candidate_plan_ms": 172.627938,
    "parent_execute_ms": 3901.004661,
    "candidate_execute_ms": 3870.186357,
    "optimized_plan_equal": true,
    "physical_plan_equal": true
  },
  {
    "block": 2,
    "query": "q09",
    "query_ratio": 0.8934772962176851,
    "parent_ms": 1397.345718,
    "candidate_ms": 1248.496674,
    "parent_plan_ms": 273.131756,
    "candidate_plan_ms": 220.57761100000002,
    "parent_execute_ms": 1104.3502489999998,
    "candidate_execute_ms": 1013.8977540000001,
    "optimized_plan_equal": true,
    "physical_plan_equal": true
  }
]
