typed outputs 80
[
  {
    "block": 1,
    "query": "q01",
    "query_ratio": 0.9845667861299137,
    "parent_ms": 6238.380859,
    "candidate_ms": 6142.102593,
    "parent_plan_ms": 245.972688,
    "candidate_plan_ms": 257.176762,
    "parent_execute_ms": 5998.862805,
    "candidate_execute_ms": 5873.075743,
    "optimized_plan_equal": true,
    "physical_plan_equal": true
  },
  {
    "block": 1,
    "query": "q06",
    "query_ratio": 0.9619480210729949,
    "parent_ms": 298.31165999999996,
    "candidate_ms": 286.96031100000005,
    "parent_plan_ms": 137.43399,
    "candidate_plan_ms": 129.844381,
    "parent_execute_ms": 156.855855,
    "candidate_execute_ms": 151.456821,
    "optimized_plan_equal": true,
    "physical_plan_equal": true
  },
  {
    "block": 1,
    "query": "q12",
    "query_ratio": 0.3576147398777928,
    "parent_ms": 935.588978,
    "candidate_ms": 334.58040900000003,
    "parent_plan_ms": 832.2610999999999,
    "candidate_plan_ms": 238.366195,
    "parent_execute_ms": 101.349565,
    "candidate_execute_ms": 92.579583,
    "optimized_plan_equal": true,
    "physical_plan_equal": true
  },
  {
    "block": 1,
    "query": "q19",
    "query_ratio": 0.5142945403711235,
    "parent_ms": 853.3600369999999,
    "candidate_ms": 438.878408,
    "parent_plan_ms": 792.5141110000001,
    "candidate_plan_ms": 382.808103,
    "parent_execute_ms": 59.129425,
    "candidate_execute_ms": 54.36694,
    "optimized_plan_equal": true,
    "physical_plan_equal": true
  },
  {
    "block": 1,
    "query": "q09",
    "query_ratio": 0.979748178129064,
    "parent_ms": 1299.26602,
    "candidate_ms": 1272.953516,
    "parent_plan_ms": 229.697725,
    "candidate_plan_ms": 223.110476,
    "parent_execute_ms": 1057.967744,
    "candidate_execute_ms": 1038.622512,
    "optimized_plan_equal": true,
    "physical_plan_equal": true
  },
  {
    "block": 2,
    "query": "q01",
    "query_ratio": 0.9901685422580003,
    "parent_ms": 6358.683589,
    "candidate_ms": 6296.16846,
    "parent_plan_ms": 238.390858,
    "candidate_plan_ms": 248.231339,
    "parent_execute_ms": 6049.668302,
    "candidate_execute_ms": 6030.636233,
    "optimized_plan_equal": true,
    "physical_plan_equal": true
  },
  {
    "block": 2,
    "query": "q06",
    "query_ratio": 0.9828784101098043,
    "parent_ms": 291.147553,
    "candidate_ms": 286.162644,
    "parent_plan_ms": 129.191359,
    "candidate_plan_ms": 131.243309,
    "parent_execute_ms": 154.433291,
    "candidate_execute_ms": 153.324996,
    "optimized_plan_equal": true,
    "physical_plan_equal": true
  },
  {
    "block": 2,
    "query": "q12",
    "query_ratio": 0.24206810026054298,
    "parent_ms": 1445.190418,
    "candidate_ms": 349.834499,
    "parent_plan_ms": 1352.0480269999998,
    "candidate_plan_ms": 244.202001,
    "parent_execute_ms": 85.85786900000001,
    "candidate_execute_ms": 91.427179,
    "optimized_plan_equal": true,
    "physical_plan_equal": true
  },
  {
    "block": 2,
    "query": "q19",
    "query_ratio": 0.4875754296851636,
    "parent_ms": 853.439695,
    "candidate_ms": 416.116226,
    "parent_plan_ms": 790.167828,
    "candidate_plan_ms": 384.783134,
    "parent_execute_ms": 60.243649000000005,
    "candidate_execute_ms": 33.392537,
    "optimized_plan_equal": true,
    "physical_plan_equal": true
  },
  {
    "block": 2,
    "query": "q09",
    "query_ratio": 0.9488937600682575,
    "parent_ms": 1313.243003,
    "candidate_ms": 1246.128091,
    "parent_plan_ms": 230.798494,
    "candidate_plan_ms": 220.510855,
    "parent_execute_ms": 1070.4303340000001,
    "candidate_execute_ms": 1015.365756,
    "optimized_plan_equal": true,
    "physical_plan_equal": true
  }
]
