typed outputs 80
[
  {
    "block": 1,
    "query": "q01",
    "query_ratio": 1.0032468286573797,
    "parent_ms": 6714.019833,
    "candidate_ms": 6735.819105,
    "parent_plan_ms": 0.131173,
    "candidate_plan_ms": 0.11622500000000001,
    "parent_execute_ms": 6713.579424,
    "candidate_execute_ms": 6735.395553,
    "optimized_plan_equal": true,
    "physical_plan_equal": true
  },
  {
    "block": 1,
    "query": "q06",
    "query_ratio": 0.8673306325075459,
    "parent_ms": 1015.683677,
    "candidate_ms": 880.9335659999999,
    "parent_plan_ms": 0.12445300000000001,
    "candidate_plan_ms": 0.10964800000000001,
    "parent_execute_ms": 1015.350913,
    "candidate_execute_ms": 880.587205,
    "optimized_plan_equal": true,
    "physical_plan_equal": true
  },
  {
    "block": 1,
    "query": "q12",
    "query_ratio": 0.6652457080742104,
    "parent_ms": 1003.476344,
    "candidate_ms": 667.558331,
    "parent_plan_ms": 9.216714000000001,
    "candidate_plan_ms": 9.295678,
    "parent_execute_ms": 987.728096,
    "candidate_execute_ms": 651.8666119999999,
    "optimized_plan_equal": true,
    "physical_plan_equal": true
  },
  {
    "block": 1,
    "query": "q18",
    "query_ratio": 0.9878964820318344,
    "parent_ms": 4314.683643,
    "candidate_ms": 4262.460792,
    "parent_plan_ms": 5.878284,
    "candidate_plan_ms": 5.376602999999999,
    "parent_execute_ms": 4300.427617,
    "candidate_execute_ms": 4249.005024,
    "optimized_plan_equal": true,
    "physical_plan_equal": true
  },
  {
    "block": 1,
    "query": "q09",
    "query_ratio": 0.9758182398580391,
    "parent_ms": 2431.567291,
    "candidate_ms": 2372.767714,
    "parent_plan_ms": 10.387988,
    "candidate_plan_ms": 10.386914,
    "parent_execute_ms": 2404.7009620000003,
    "candidate_execute_ms": 2345.761514,
    "optimized_plan_equal": true,
    "physical_plan_equal": true
  },
  {
    "block": 2,
    "query": "q01",
    "query_ratio": 1.0051187215306627,
    "parent_ms": 6707.800139999999,
    "candidate_ms": 6742.135501,
    "parent_plan_ms": 0.134609,
    "candidate_plan_ms": 0.121221,
    "parent_execute_ms": 6707.351221999999,
    "candidate_execute_ms": 6741.718922999999,
    "optimized_plan_equal": true,
    "physical_plan_equal": true
  },
  {
    "block": 2,
    "query": "q06",
    "query_ratio": 0.9165843283994536,
    "parent_ms": 1052.091811,
    "candidate_ms": 964.3308659999999,
    "parent_plan_ms": 0.117257,
    "candidate_plan_ms": 0.133261,
    "parent_execute_ms": 1051.756399,
    "candidate_execute_ms": 963.973607,
    "optimized_plan_equal": true,
    "physical_plan_equal": true
  },
  {
    "block": 2,
    "query": "q12",
    "query_ratio": 1.0729630332603013,
    "parent_ms": 617.019304,
    "candidate_ms": 662.038904,
    "parent_plan_ms": 9.254795,
    "candidate_plan_ms": 9.075721999999999,
    "parent_execute_ms": 601.546596,
    "candidate_execute_ms": 646.2488199999999,
    "optimized_plan_equal": true,
    "physical_plan_equal": true
  },
  {
    "block": 2,
    "query": "q18",
    "query_ratio": 0.9935454321698552,
    "parent_ms": 4355.0402970000005,
    "candidate_ms": 4326.930394,
    "parent_plan_ms": 5.3414530000000005,
    "candidate_plan_ms": 5.458589,
    "parent_execute_ms": 4341.6721210000005,
    "candidate_execute_ms": 4313.152177,
    "optimized_plan_equal": true,
    "physical_plan_equal": true
  },
  {
    "block": 2,
    "query": "q09",
    "query_ratio": 0.9989649282285552,
    "parent_ms": 2368.781632,
    "candidate_ms": 2366.329773,
    "parent_plan_ms": 10.548983,
    "candidate_plan_ms": 10.470377,
    "parent_execute_ms": 2341.595046,
    "candidate_execute_ms": 2339.271431,
    "optimized_plan_equal": true,
    "physical_plan_equal": true
  }
]
