[mem-cap] process hard-capped at 12.0G anonymous memory (RLIMIT_DATA; the engine aborts if exceeded, the terminal survives; size with QE_MEM_CAP)
[aggregate-frontier] {"admitted_buffers":false,"copy_bound":null,"envelope_bytes":null,"operator":"NativeStreamingScanExec","partitions":8,"slots":1}
live_aggregate_routing key_preparation_ms=721.935 row_dispatch_ms=356.705 prepared_batches=7323 unprepared_batches=0
live_aggregate_workers workers=4 ownership=disjoint routing_ms=1078.925 processing_wall_ms=1524.074 serial_batches=0 parallel_batches=7323
live_aggregate_profile input_rows=59986052 input_batches=916 evaluation_ms=5.910 ingestion_ms=2610.072 finish_ms=1019.929 output_ms=1019.714 output_rows=624 output_batches=615 spilled_bytes=0
[aggregate-frontier] {"admitted_buffers":false,"copy_bound":null,"envelope_bytes":null,"operator":"SpillableHashJoin","partitions":8,"slots":1}
live_aggregate_routing key_preparation_ms=1.194 row_dispatch_ms=0.318 prepared_batches=469 unprepared_batches=0
live_aggregate_workers workers=4 ownership=disjoint routing_ms=1.527 processing_wall_ms=0.620 serial_batches=469 parallel_batches=0
live_aggregate_profile input_rows=4368 input_batches=469 evaluation_ms=0.930 ingestion_ms=2.302 finish_ms=0.236 output_ms=0.167 output_rows=624 output_batches=4 spilled_bytes=0
[aggregate-frontier] {"admitted_buffers":false,"copy_bound":null,"envelope_bytes":null,"operator":"NativeStreamingScanExec","partitions":8,"slots":1}
live_aggregate_routing key_preparation_ms=736.817 row_dispatch_ms=362.299 prepared_batches=7323 unprepared_batches=0
live_aggregate_workers workers=4 ownership=disjoint routing_ms=1099.400 processing_wall_ms=1564.255 serial_batches=0 parallel_batches=7323
live_aggregate_profile input_rows=59986052 input_batches=916 evaluation_ms=6.675 ingestion_ms=2670.545 finish_ms=1005.073 output_ms=1004.881 output_rows=624 output_batches=615 spilled_bytes=0
[aggregate-frontier] {"admitted_buffers":false,"copy_bound":null,"envelope_bytes":null,"operator":"SpillableHashJoin","partitions":8,"slots":1}
live_aggregate_routing key_preparation_ms=1.146 row_dispatch_ms=0.313 prepared_batches=469 unprepared_batches=0
live_aggregate_workers workers=4 ownership=disjoint routing_ms=1.474 processing_wall_ms=0.606 serial_batches=469 parallel_batches=0
live_aggregate_profile input_rows=4368 input_batches=469 evaluation_ms=0.900 ingestion_ms=2.233 finish_ms=0.244 output_ms=0.168 output_rows=624 output_batches=4 spilled_bytes=0
[aggregate-frontier] {"admitted_buffers":false,"copy_bound":null,"envelope_bytes":null,"operator":"NativeStreamingScanExec","partitions":8,"slots":1}
live_aggregate_routing key_preparation_ms=736.643 row_dispatch_ms=361.826 prepared_batches=7323 unprepared_batches=0
live_aggregate_workers workers=4 ownership=disjoint routing_ms=1098.751 processing_wall_ms=1539.848 serial_batches=0 parallel_batches=7323
live_aggregate_profile input_rows=59986052 input_batches=916 evaluation_ms=6.573 ingestion_ms=2645.572 finish_ms=994.451 output_ms=994.269 output_rows=624 output_batches=615 spilled_bytes=0
[aggregate-frontier] {"admitted_buffers":false,"copy_bound":null,"envelope_bytes":null,"operator":"SpillableHashJoin","partitions":8,"slots":1}
live_aggregate_routing key_preparation_ms=1.174 row_dispatch_ms=0.308 prepared_batches=469 unprepared_batches=0
live_aggregate_workers workers=4 ownership=disjoint routing_ms=1.496 processing_wall_ms=22.670 serial_batches=469 parallel_batches=0
live_aggregate_profile input_rows=4368 input_batches=469 evaluation_ms=0.893 ingestion_ms=24.319 finish_ms=0.232 output_ms=0.160 output_rows=624 output_batches=4 spilled_bytes=0
[aggregate-frontier] {"admitted_buffers":false,"copy_bound":null,"envelope_bytes":null,"operator":"NativeStreamingScanExec","partitions":8,"slots":1}
live_aggregate_routing key_preparation_ms=701.159 row_dispatch_ms=367.434 prepared_batches=7323 unprepared_batches=0
live_aggregate_workers workers=4 ownership=disjoint routing_ms=1068.866 processing_wall_ms=1518.458 serial_batches=0 parallel_batches=7323
live_aggregate_profile input_rows=59986052 input_batches=916 evaluation_ms=6.401 ingestion_ms=2594.182 finish_ms=1011.127 output_ms=1010.940 output_rows=624 output_batches=615 spilled_bytes=0
[aggregate-frontier] {"admitted_buffers":false,"copy_bound":null,"envelope_bytes":null,"operator":"SpillableHashJoin","partitions":8,"slots":1}
live_aggregate_routing key_preparation_ms=1.174 row_dispatch_ms=0.309 prepared_batches=469 unprepared_batches=0
live_aggregate_workers workers=4 ownership=disjoint routing_ms=1.497 processing_wall_ms=0.624 serial_batches=469 parallel_batches=0
live_aggregate_profile input_rows=4368 input_batches=469 evaluation_ms=0.924 ingestion_ms=2.277 finish_ms=0.252 output_ms=0.179 output_rows=624 output_batches=4 spilled_bytes=0
