typed outputs 80
[
  {
    "block": 1,
    "query": "q01",
    "query_ratio": 0.9663215023304729,
    "parent_ms": 6795.725458,
    "candidate_ms": 6566.8556340000005,
    "parent_plan_ms": 0.132152,
    "candidate_plan_ms": 0.15137199999999998,
    "parent_execute_ms": 6795.292465,
    "candidate_execute_ms": 6566.395734000001,
    "optimized_plan_equal": true,
    "physical_plan_equal": true
  },
  {
    "block": 1,
    "query": "q06",
    "query_ratio": 0.5374011474658019,
    "parent_ms": 1552.3334960000002,
    "candidate_ms": 834.2258019999999,
    "parent_plan_ms": 0.104959,
    "candidate_plan_ms": 0.111257,
    "parent_execute_ms": 1552.0060959999998,
    "candidate_execute_ms": 833.887284,
    "optimized_plan_equal": true,
    "physical_plan_equal": true
  },
  {
    "block": 1,
    "query": "q12",
    "query_ratio": 1.6362267040457166,
    "parent_ms": 584.750729,
    "candidate_ms": 956.784758,
    "parent_plan_ms": 9.235902000000001,
    "candidate_plan_ms": 9.203351,
    "parent_execute_ms": 569.339239,
    "candidate_execute_ms": 941.277896,
    "optimized_plan_equal": true,
    "physical_plan_equal": true
  },
  {
    "block": 1,
    "query": "q18",
    "query_ratio": 1.0005145343215573,
    "parent_ms": 4310.5929129999995,
    "candidate_ms": 4312.810861,
    "parent_plan_ms": 5.450803,
    "candidate_plan_ms": 5.322052,
    "parent_execute_ms": 4297.006197,
    "candidate_execute_ms": 4299.165169,
    "optimized_plan_equal": true,
    "physical_plan_equal": true
  },
  {
    "block": 1,
    "query": "q09",
    "query_ratio": 1.0161580165406412,
    "parent_ms": 2370.254041,
    "candidate_ms": 2408.5526449999998,
    "parent_plan_ms": 10.425877,
    "candidate_plan_ms": 11.673471,
    "parent_execute_ms": 2343.368987,
    "candidate_execute_ms": 2379.479878,
    "optimized_plan_equal": true,
    "physical_plan_equal": true
  },
  {
    "block": 2,
    "query": "q01",
    "query_ratio": 0.99580147962617,
    "parent_ms": 6773.130405,
    "candidate_ms": 6744.693279,
    "parent_plan_ms": 0.12867299999999998,
    "candidate_plan_ms": 0.127035,
    "parent_execute_ms": 6772.710059999999,
    "candidate_execute_ms": 6744.27321,
    "optimized_plan_equal": true,
    "physical_plan_equal": true
  },
  {
    "block": 2,
    "query": "q06",
    "query_ratio": 1.0894590843898608,
    "parent_ms": 826.284122,
    "candidate_ms": 900.202743,
    "parent_plan_ms": 0.12339299999999999,
    "candidate_plan_ms": 0.12221599999999999,
    "parent_execute_ms": 825.927408,
    "candidate_execute_ms": 899.445443,
    "optimized_plan_equal": true,
    "physical_plan_equal": true
  },
  {
    "block": 2,
    "query": "q12",
    "query_ratio": 1.321529764004881,
    "parent_ms": 1058.902494,
    "candidate_ms": 1399.371163,
    "parent_plan_ms": 9.163905,
    "candidate_plan_ms": 9.491723,
    "parent_execute_ms": 1043.281902,
    "candidate_execute_ms": 1383.5838709999998,
    "optimized_plan_equal": true,
    "physical_plan_equal": true
  },
  {
    "block": 2,
    "query": "q18",
    "query_ratio": 1.008472804988375,
    "parent_ms": 4264.935408,
    "candidate_ms": 4301.071374,
    "parent_plan_ms": 5.357646,
    "candidate_plan_ms": 5.382153,
    "parent_execute_ms": 4251.127259999999,
    "candidate_execute_ms": 4287.627513,
    "optimized_plan_equal": true,
    "physical_plan_equal": true
  },
  {
    "block": 2,
    "query": "q09",
    "query_ratio": 1.0040515577047169,
    "parent_ms": 2395.196541,
    "candidate_ms": 2404.9008179999996,
    "parent_plan_ms": 10.538505,
    "candidate_plan_ms": 10.383154000000001,
    "parent_execute_ms": 2367.917549,
    "candidate_execute_ms": 2377.431678,
    "optimized_plan_equal": true,
    "physical_plan_equal": true
  }
]
