   Compiling query_engine v0.1.0 (/media/afilipchik/nvme6tb/src/afilipchik/iceberg-query-engine)
warning: unused doc comment
  --> src/execution/alloc_profile.rs:68:1
   |
68 | / /// Guards against re-entrant backtrace capture (backtrace capture itself
69 | | /// allocates) causing infinite recursion/deadlock.
   | |_--------------------------------------------------^
   |   |
   |   rustdoc does not generate documentation for macro invocations
   |
   = help: to document an item produced by a macro, the macro must produce the documentation as part of its expansion
   = note: `#[warn(unused_doc_comments)]` (part of `#[warn(unused)]`) on by default

warning: unused import: `AtomicBool`
  --> src/execution/alloc_profile.rs:25:25
   |
25 | use std::sync::atomic::{AtomicBool, AtomicUsize, Ordering};
   |                         ^^^^^^^^^^
   |
   = note: `#[warn(unused_imports)]` (part of `#[warn(unused)]`) on by default

warning: unused import: `ScalarValue`
   --> src/optimizer/rules/flatten_dependent_join.rs:908:46
    |
908 |     use crate::planner::{LogicalPlanBuilder, ScalarValue};
    |                                              ^^^^^^^^^^^

warning: unused import: `LaunchConfig`
    --> src/physical/gpu.rs:1288:39
     |
1288 |     use cudarc::driver::{CudaContext, LaunchConfig, PushKernelArg};
     |                                       ^^^^^^^^^^^^

warning: unused import: `crate::physical::operators::MemoryTableExec`
   --> src/physical/operators/delim_join.rs:686:9
    |
686 |     use crate::physical::operators::MemoryTableExec;
    |         ^^^^^^^^^^^^^^^^^^^^^^^^^^^^^^^^^^^^^^^^^^^

warning: unused import: `Int32Array`
   --> src/physical/operators/scan.rs:817:45
    |
817 |         use arrow::array::{DictionaryArray, Int32Array};
    |                                             ^^^^^^^^^^

warning: unused import: `ordered_float::OrderedFloat`
   --> src/storage/row_group_pruning.rs:466:9
    |
466 |     use ordered_float::OrderedFloat;
    |         ^^^^^^^^^^^^^^^^^^^^^^^^^^^

warning: use of deprecated unit variant `parquet::basic::Encoding::BIT_PACKED`: Please see documentation for compatibility issues and use the RLE/bit-packing hybrid encoding instead
   --> src/storage/admitted_row_group.rs:125:49
    |
125 |                     | parquet::basic::Encoding::BIT_PACKED
    |                                                 ^^^^^^^^^^
    |
    = note: `#[warn(deprecated)]` on by default

warning: use of deprecated unit variant `parquet::basic::Encoding::BIT_PACKED`: Please see documentation for compatibility issues and use the RLE/bit-packing hybrid encoding instead
  --> src/storage/bounded_page_header.rs:56:14
   |
56 |         4 => BIT_PACKED,
   |              ^^^^^^^^^^

warning: use of deprecated unit variant `parquet::basic::Encoding::BIT_PACKED`: Please see documentation for compatibility issues and use the RLE/bit-packing hybrid encoding instead
   --> src/storage/bounded_page_header.rs:459:79
    |
459 |                     parquet::basic::Encoding::RLE | parquet::basic::Encoding::BIT_PACKED
    |                                                                               ^^^^^^^^^^

warning: use of deprecated unit variant `parquet::basic::Encoding::BIT_PACKED`: Please see documentation for compatibility issues and use the RLE/bit-packing hybrid encoding instead
   --> src/storage/bounded_page_header.rs:462:79
    |
462 |                     parquet::basic::Encoding::RLE | parquet::basic::Encoding::BIT_PACKED
    |                                                                               ^^^^^^^^^^

warning: use of deprecated method `arrow::arrow_ipc::writer::IpcDataGenerator::encoded_batch`: Use `encode` instead
   --> src/distributed/flight.rs:186:18
    |
186 |                 .encoded_batch(&slice, &mut tracker, &opts)
    |                  ^^^^^^^^^^^^^

warning: use of deprecated method `cudarc::driver::CudaStream::memcpy_stod`: Use clone_htod
    --> src/physical/gpu.rs:1672:29
     |
1672 |         let d_ptrs = stream.memcpy_stod(&ptrs).map_err(gpu_err)?;
     |                             ^^^^^^^^^^^

warning: use of deprecated method `cudarc::driver::CudaStream::memcpy_stod`: Use clone_htod
    --> src/physical/gpu.rs:1674:14
     |
1674 |             .memcpy_stod(
     |              ^^^^^^^^^^^

warning: use of deprecated method `cudarc::driver::CudaStream::memcpy_stod`: Use clone_htod
    --> src/physical/gpu.rs:1683:14
     |
1683 |             .memcpy_stod(&spec.preds.iter().map(|p| p.op).collect::<Vec<_>>())
     |              ^^^^^^^^^^^

warning: use of deprecated method `cudarc::driver::CudaStream::memcpy_stod`: Use clone_htod
    --> src/physical/gpu.rs:1686:14
     |
1686 |             .memcpy_stod(&spec.preds.iter().map(|p| p.value).collect::<Vec<_>>())
     |              ^^^^^^^^^^^

warning: use of deprecated method `cudarc::driver::CudaStream::memcpy_stod`: Use clone_htod
    --> src/physical/gpu.rs:1688:29
     |
1688 |         let d_kind = stream.memcpy_stod(&slot_kind).map_err(gpu_err)?;
     |                             ^^^^^^^^^^^

warning: use of deprecated method `cudarc::driver::CudaStream::memcpy_stod`: Use clone_htod
    --> src/physical/gpu.rs:1689:30
     |
1689 |         let d_input = stream.memcpy_stod(&slot_input).map_err(gpu_err)?;
     |                              ^^^^^^^^^^^

warning: use of deprecated method `cudarc::driver::CudaStream::memcpy_stod`: Use clone_htod
    --> src/physical/gpu.rs:1691:14
     |
1691 |             .memcpy_stod(&slot_c.iter().map(|c| c[0]).collect::<Vec<_>>())
     |              ^^^^^^^^^^^

warning: use of deprecated method `cudarc::driver::CudaStream::memcpy_stod`: Use clone_htod
    --> src/physical/gpu.rs:1694:14
     |
1694 |             .memcpy_stod(&slot_c.iter().map(|c| c[1]).collect::<Vec<_>>())
     |              ^^^^^^^^^^^

warning: use of deprecated method `cudarc::driver::CudaStream::memcpy_stod`: Use clone_htod
    --> src/physical/gpu.rs:1697:14
     |
1697 |             .memcpy_stod(&slot_c.iter().map(|c| c[2]).collect::<Vec<_>>())
     |              ^^^^^^^^^^^

warning: use of deprecated method `cudarc::driver::CudaStream::memcpy_dtov`: Use clone_dtoh
    --> src/physical/gpu.rs:1738:41
     |
1738 |         let partials: Vec<f64> = stream.memcpy_dtov(&d_out).map_err(gpu_err)?;
     |                                         ^^^^^^^^^^^

warning: use of deprecated method `cudarc::driver::CudaStream::memcpy_stod`: Use clone_htod
    --> src/physical/gpu.rs:2562:10
     |
2562 |         .memcpy_stod(&values)
     |          ^^^^^^^^^^^

warning: use of deprecated method `cudarc::driver::CudaStream::memcpy_stod`: Use clone_htod
    --> src/physical/gpu.rs:2610:10
     |
2610 |         .memcpy_stod(&codes)
     |          ^^^^^^^^^^^

warning: use of deprecated method `parquet::file::properties::WriterPropertiesBuilder::set_max_row_group_size`: Use `set_max_row_group_row_count` instead
   --> src/physical/morsel_agg/input_frontier/tests.rs:322:10
    |
322 |         .set_max_row_group_size(128)
    |          ^^^^^^^^^^^^^^^^^^^^^^

warning: use of deprecated method `parquet::file::properties::WriterPropertiesBuilder::set_max_row_group_size`: Use `set_max_row_group_row_count` instead
   --> src/physical/operators/spillable/admitted_queue_tests.rs:297:10
    |
297 |         .set_max_row_group_size(2)
    |          ^^^^^^^^^^^^^^^^^^^^^^

warning: use of deprecated method `parquet::file::properties::WriterPropertiesBuilder::set_max_row_group_size`: Use `set_max_row_group_row_count` instead
   --> src/physical/operators/streaming_parquet_scan/admitted.rs:454:14
    |
454 |             .set_max_row_group_size(3)
    |              ^^^^^^^^^^^^^^^^^^^^^^

warning: use of deprecated method `parquet::file::properties::WriterPropertiesBuilder::set_max_row_group_size`: Use `set_max_row_group_row_count` instead
   --> src/physical/operators/streaming_parquet_scan.rs:805:26
    |
805 |                         .set_max_row_group_size(2)
    |                          ^^^^^^^^^^^^^^^^^^^^^^

warning: use of deprecated method `parquet::file::properties::WriterPropertiesBuilder::set_max_row_group_size`: Use `set_max_row_group_row_count` instead
    --> src/physical/operators/streaming_parquet_scan.rs:1182:14
     |
1182 |             .set_max_row_group_size(200)
     |              ^^^^^^^^^^^^^^^^^^^^^^

warning: use of deprecated method `lance::dataset::scanner::Scanner::nprobs`: Use nprobes instead
    --> src/storage/lance.rs:1840:29
     |
1840 |                     scanner.nprobs(n);
     |                             ^^^^^^

warning: unused import: `PushKernelArg`
    --> src/physical/gpu.rs:1288:53
     |
1288 |     use cudarc::driver::{CudaContext, LaunchConfig, PushKernelArg};
     |                                                     ^^^^^^^^^^^^^

warning: unused import: `std::hash::Hash`
    --> src/physical/gpu.rs:3536:13
     |
3536 |         use std::hash::Hash;
     |             ^^^^^^^^^^^^^^^

warning: value assigned to `result_plan` is never read
   --> src/optimizer/rules/join_reorder.rs:550:52
    |
550 |         let mut result_plan: Option<LogicalPlan> = None;
    |                                                    ^^^^
    |
    = help: maybe it is overwritten before being read?
    = note: `#[warn(unused_assignments)]` (part of `#[warn(unused)]`) on by default

warning: value assigned to `result_plan` is never read
    --> src/optimizer/rules/join_reorder.rs:1422:52
     |
1422 |         let mut result_plan: Option<LogicalPlan> = None;
     |                                                    ^^^^
     |
     = help: maybe it is overwritten before being read?

warning: value assigned to `result_columns` is never read
    --> src/optimizer/rules/join_reorder.rs:1423:51
     |
1423 |         let mut result_columns: HashSet<String> = HashSet::new();
     |                                                   ^^^^^^^^^^^^^^
     |
     = help: maybe it is overwritten before being read?

warning: variable `total` is assigned to, but never used
   --> src/physical/vectorized_agg.rs:232:13
    |
232 |         let mut total = 0;
    |             ^^^^^^^^^
    |
    = note: consider using `_total` instead
    = note: `#[warn(unused_variables)]` (part of `#[warn(unused)]`) on by default

warning: value assigned to `total` is never read
   --> src/physical/vectorized_agg.rs:241:17
    |
241 |                 total += 1;
    |                 ^^^^^^^^^^
    |
    = help: maybe it is overwritten before being read?

warning: variable does not need to be mutable
    --> src/planner/binder.rs:2077:13
     |
2077 |         let mut out_items: Vec<(Expr, String)> = Vec::new(); // shape of final projection
     |             ----^^^^^^^^^
     |             |
     |             help: remove this `mut`
     |
     = note: `#[warn(unused_mut)]` (part of `#[warn(unused)]`) on by default

warning: type `RawRows` is more private than the item `physical::morsel_agg::AggregationState::into_range_shards`
    --> src/physical/morsel_agg.rs:2727:5
     |
2727 |     pub(crate) fn into_range_shards(mut self, p: usize, min: i64, w: u64) -> Result<Vec<RawRows>> {
     |     ^^^^^^^^^^^^^^^^^^^^^^^^^^^^^^^^^^^^^^^^^^^^^^^^^^^^^^^^^^^^^^^^^^^^^^^^^^^^^^^^^^^^^^^^^^^^^ method `physical::morsel_agg::AggregationState::into_range_shards` is reachable at visibility `pub(crate)`
     |
note: but type `RawRows` is only usable at visibility `pub(in crate::physical::morsel_agg)`
    --> src/physical/morsel_agg/raw_state.rs:14:1
     |
  14 | pub(super) struct RawRows {
     | ^^^^^^^^^^^^^^^^^^^^^^^^^
     = note: `#[warn(private_interfaces)]` on by default

warning: type `RawRows` is more private than the item `physical::morsel_agg::AggregationState::into_raw_shards`
    --> src/physical/morsel_agg.rs:2735:5
     |
2735 |     pub(crate) fn into_raw_shards(mut self, p: usize) -> Result<Vec<RawRows>> {
     |     ^^^^^^^^^^^^^^^^^^^^^^^^^^^^^^^^^^^^^^^^^^^^^^^^^^^^^^^^^^^^^^^^^^^^^^^^^ method `physical::morsel_agg::AggregationState::into_raw_shards` is reachable at visibility `pub(crate)`
     |
note: but type `RawRows` is only usable at visibility `pub(in crate::physical::morsel_agg)`
    --> src/physical/morsel_agg/raw_state.rs:14:1
     |
  14 | pub(super) struct RawRows {
     | ^^^^^^^^^^^^^^^^^^^^^^^^^

warning: function `flatten_plan` is never used
  --> src/optimizer/rules/flatten_dependent_join.rs:46:4
   |
46 | fn flatten_plan(plan: &LogicalPlan) -> Result<LogicalPlan> {
   |    ^^^^^^^^^^^^
   |
   = note: `#[warn(dead_code)]` (part of `#[warn(unused)]`) on by default

warning: function `try_flatten_filter` is never used
   --> src/optimizer/rules/flatten_dependent_join.rs:150:4
    |
150 | fn try_flatten_filter(node: &FilterNode) -> Result<Option<LogicalPlan>> {
    |    ^^^^^^^^^^^^^^^^^^

warning: function `flatten_exists` is never used
   --> src/optimizer/rules/flatten_dependent_join.rs:190:4
    |
190 | fn flatten_exists(
    |    ^^^^^^^^^^^^^^

warning: function `extract_subquery_predicates` is never used
   --> src/optimizer/rules/flatten_dependent_join.rs:844:4
    |
844 | fn extract_subquery_predicates(predicate: &Expr) -> (Vec<Expr>, Vec<Expr>) {
    |    ^^^^^^^^^^^^^^^^^^^^^^^^^^^

warning: function `extract_predicates_recursive` is never used
   --> src/optimizer/rules/flatten_dependent_join.rs:851:4
    |
851 | fn extract_predicates_recursive(
    |    ^^^^^^^^^^^^^^^^^^^^^^^^^^^^

warning: function `combine_predicates` is never used
   --> src/optimizer/rules/flatten_dependent_join.rs:878:4
    |
878 | fn combine_predicates(predicates: Vec<Expr>) -> Expr {
    |    ^^^^^^^^^^^^^^^^^^

warning: fields `attempted` and `completed` are never read
    --> src/physical/gpu.rs:2336:9
     |
2335 | pub(crate) struct ResidentRunCounters {
     |                   ------------------- fields in this struct
2336 |     pub attempted: u64,
     |         ^^^^^^^^^
2337 |     pub completed: u64,
     |         ^^^^^^^^^
     |
     = note: `ResidentRunCounters` has derived impls for the traits `Clone` and `Debug`, but these are intentionally ignored during dead code analysis

warning: field `counters` is never read
    --> src/physical/gpu.rs:2341:9
     |
2339 | pub(crate) struct ResidentRun {
     |                   ----------- field in this struct
2340 |     pub batch: RecordBatch,
2341 |     pub counters: ResidentRunCounters,
     |         ^^^^^^^^

warning: field `ack` is never read
    --> src/physical/gpu.rs:2370:5
     |
2366 | struct ResidentSession {
     |        --------------- field in this struct
...
2370 |     ack: ResidentAck,
     |     ^^^

warning: method `update_count` is never used
    --> src/physical/morsel_agg.rs:1118:8
     |
 847 | impl AccumulatorState {
     | --------------------- method in this implementation
...
1118 |     fn update_count(&mut self) {
     |        ^^^^^^^^^^^^

warning: method `scalar_to_raw` is never used
    --> src/physical/morsel_agg.rs:2511:8
     |
1854 | impl AggregationState {
     | --------------------- method in this implementation
...
2511 |     fn scalar_to_raw(&self, key: &GroupKey) -> Option<RawKey> {
     |        ^^^^^^^^^^^^^

warning: fields `join_type`, `delim_columns`, and `on` are never read
  --> src/physical/operators/delim_join.rs:76:5
   |
70 | pub struct DelimJoinExec {
   |            ------------- fields in this struct
...
76 |     join_type: JoinType,
   |     ^^^^^^^^^
77 |     /// Expressions for correlation columns (from outer)
78 |     delim_columns: Vec<Expr>,
   |     ^^^^^^^^^^^^^
79 |     /// Join conditions (outer_col, inner_col)
80 |     on: Vec<(Expr, Expr)>,
   |     ^^
   |
   = note: `DelimJoinExec` has a derived impl for the trait `Debug`, but this is intentionally ignored during dead code analysis

warning: function `extract_distinct_values` is never used
   --> src/physical/operators/delim_join.rs:218:4
    |
218 | fn extract_distinct_values(
    |    ^^^^^^^^^^^^^^^^^^^^^^^

warning: function `evaluate_expr_to_array` is never used
   --> src/physical/operators/delim_join.rs:279:4
    |
279 | fn evaluate_expr_to_array(expr: &Expr, batch: &RecordBatch) -> Result<ArrayRef> {
    |    ^^^^^^^^^^^^^^^^^^^^^^

warning: function `scalar_to_array` is never used
   --> src/physical/operators/delim_join.rs:314:4
    |
314 | fn scalar_to_array(scalar: &ScalarValue, num_rows: usize) -> Result<ArrayRef> {
    |    ^^^^^^^^^^^^^^^

warning: struct `InnerEntry` is never constructed
   --> src/physical/operators/delim_join.rs:404:8
    |
404 | struct InnerEntry {
    |        ^^^^^^^^^^

warning: function `build_hash_table` is never used
   --> src/physical/operators/delim_join.rs:410:4
    |
410 | fn build_hash_table(
    |    ^^^^^^^^^^^^^^^^

warning: function `hash_join_key` is never used
   --> src/physical/operators/delim_join.rs:430:4
    |
430 | fn hash_join_key(
    |    ^^^^^^^^^^^^^

warning: function `produce_semi_output` is never used
   --> src/physical/operators/delim_join.rs:462:4
    |
462 | fn produce_semi_output(
    |    ^^^^^^^^^^^^^^^^^^^

warning: function `produce_anti_output` is never used
   --> src/physical/operators/delim_join.rs:503:4
    |
503 | fn produce_anti_output(
    |    ^^^^^^^^^^^^^^^^^^^

warning: function `produce_single_output` is never used
   --> src/physical/operators/delim_join.rs:545:4
    |
545 | fn produce_single_output(
    |    ^^^^^^^^^^^^^^^^^^^^^

warning: function `produce_mark_output` is never used
   --> src/physical/operators/delim_join.rs:655:4
    |
655 | fn produce_mark_output(
    |    ^^^^^^^^^^^^^^^^^^^

warning: function `evaluate_filter` is never used
   --> src/physical/operators/filter.rs:208:4
    |
208 | fn evaluate_filter(
    |    ^^^^^^^^^^^^^^^

warning: multiple fields are never read
   --> src/physical/operators/hash_agg.rs:369:5
    |
341 | struct AccumulatorState {
    |        ---------------- fields in this struct
...
369 |     sum_x: f64,         // For correlation
    |     ^^^^^
370 |     sum_y: f64,         // For correlation
    |     ^^^^^
371 |     sum_xy: f64,        // For correlation
    |     ^^^^^^
372 |     sum_x_squares: f64, // For correlation
    |     ^^^^^^^^^^^^^
373 |     sum_y_squares: f64, // For correlation
    |     ^^^^^^^^^^^^^
...
378 |     max_by_value: Option<f64>,         // The max value of the second arg
    |     ^^^^^^^^^^^^
379 |     max_by_result: Option<GroupValue>, // The value to return
    |     ^^^^^^^^^^^^^
380 |     min_by_value: Option<f64>,         // The min value of the second arg
    |     ^^^^^^^^^^^^
381 |     min_by_result: Option<GroupValue>, // The value to return
    |     ^^^^^^^^^^^^^

warning: function `without_distance_column` is never used
   --> src/physical/operators/vector_search.rs:250:15
    |
250 | pub(crate) fn without_distance_column(schema: &ArrowSchema) -> Vec<usize> {
    |               ^^^^^^^^^^^^^^^^^^^^^^^

warning: field `row_group_filter` is never read
   --> src/storage/parquet.rs:887:5
    |
881 | pub struct StreamingParquetScanBuilder {
    |            --------------------------- field in this struct
...
887 |     row_group_filter: Option<Box<dyn Fn(usize, &ParquetFileInfo) -> bool + Send + Sync>>,
    |     ^^^^^^^^^^^^^^^^

warning: struct `AsyncParquetReader` is never constructed
   --> src/storage/parquet.rs:929:12
    |
929 | pub struct AsyncParquetReader {
    |            ^^^^^^^^^^^^^^^^^^

warning: associated items `new`, `from_table`, `schema`, `into_stream`, and `read_all_parallel` are never used
    --> src/storage/parquet.rs:951:12
     |
 949 | impl AsyncParquetReader {
     | ----------------------- associated items in this implementation
 950 |     /// Create a new async reader for a list of Parquet files
 951 |     pub fn new(
     |            ^^^
...
 966 |     pub fn from_table(
     |            ^^^^^^^^^^
...
 980 |     pub fn schema(&self) -> SchemaRef {
     |            ^^^^^^
...
 985 |     pub fn into_stream(self) -> BoxStream<'static, Result<RecordBatch>> {
     |            ^^^^^^^^^^^
...
1096 |     pub async fn read_all_parallel(&self, max_concurrent: usize) -> Result<Vec<RecordBatch>> {
     |                  ^^^^^^^^^^^^^^^^^

warning: struct `AsyncParquetScanBuilder` is never constructed
    --> src/storage/parquet.rs:1153:12
     |
1153 | pub struct AsyncParquetScanBuilder {
     |            ^^^^^^^^^^^^^^^^^^^^^^^

warning: associated items `new`, `with_projection`, `with_batch_size`, `build`, and `build_stream` are never used
    --> src/storage/parquet.rs:1162:12
     |
1160 | impl AsyncParquetScanBuilder {
     | ---------------------------- associated items in this implementation
1161 |     /// Create a new builder from a ParquetTable
1162 |     pub fn new(table: &ParquetTable) -> Self {
     |            ^^^
...
1172 |     pub fn with_projection(mut self, projection: Vec<usize>) -> Self {
     |            ^^^^^^^^^^^^^^^
...
1178 |     pub fn with_batch_size(mut self, batch_size: usize) -> Self {
     |            ^^^^^^^^^^^^^^^
...
1184 |     pub fn build(self) -> AsyncParquetReader {
     |            ^^^^^
...
1189 |     pub fn build_stream(self) -> BoxStream<'static, Result<RecordBatch>> {
     |            ^^^^^^^^^^^^

warning: `query_engine` (lib test) generated 70 warnings (run `cargo fix --lib -p query_engine --tests` to apply 7 suggestions)
    Finished `test` profile [unoptimized + debuginfo] target(s) in 25.55s
     Running unittests src/lib.rs (target/debug/deps/query_engine-cbce5b631b6a7ef4)

running 1 test

thread 'storage::ipc_cache::projection_tests::numeric_projection_does_not_decode_unused_dictionaries' (2002556) panicked at src/storage/ipc_cache/projection_tests.rs:53:5:
assertion `left == right` failed: numeric projection must not decode unused dictionary payloads
  left: 1
 right: 0
note: run with `RUST_BACKTRACE=1` environment variable to display a backtrace
test storage::ipc_cache::projection_tests::numeric_projection_does_not_decode_unused_dictionaries ... FAILED

failures:

failures:
    storage::ipc_cache::projection_tests::numeric_projection_does_not_decode_unused_dictionaries

test result: FAILED. 0 passed; 1 failed; 0 ignored; 0 measured; 1146 filtered out; finished in 0.00s

error: test failed, to rerun pass `--lib`
