{
  "disjoint-library": {
    "before": [],
    "after": [],
    "removed": [],
    "added": [],
    "results": [
      "test result: ok. 1140 passed; 0 failed; 11 ignored; 0 measured; 0 filtered out; finished in 20.96s"
    ]
  },
  "disjoint-contracts": {
    "before": [],
    "after": [],
    "removed": [],
    "added": [],
    "results": [
      "test result: ok. 5 passed; 0 failed; 0 ignored; 0 measured; 0 filtered out; finished in 0.23s",
      "test result: ok. 8 passed; 0 failed; 0 ignored; 0 measured; 0 filtered out; finished in 0.38s",
      "test result: ok. 6 passed; 0 failed; 0 ignored; 0 measured; 0 filtered out; finished in 0.54s",
      "test result: ok. 3 passed; 0 failed; 0 ignored; 0 measured; 0 filtered out; finished in 0.07s",
      "test result: ok. 10 passed; 0 failed; 0 ignored; 0 measured; 0 filtered out; finished in 0.72s",
      "test result: ok. 2 passed; 0 failed; 0 ignored; 0 measured; 0 filtered out; finished in 0.00s",
      "test result: ok. 3 passed; 0 failed; 0 ignored; 0 measured; 0 filtered out; finished in 0.02s",
      "test result: ok. 5 passed; 0 failed; 0 ignored; 0 measured; 0 filtered out; finished in 0.22s",
      "test result: ok. 17 passed; 0 failed; 0 ignored; 0 measured; 0 filtered out; finished in 12.28s",
      "test result: ok. 14 passed; 0 failed; 0 ignored; 0 measured; 0 filtered out; finished in 0.05s",
      "test result: ok. 2 passed; 0 failed; 0 ignored; 0 measured; 0 filtered out; finished in 0.00s",
      "test result: ok. 12 passed; 0 failed; 0 ignored; 0 measured; 0 filtered out; finished in 0.02s",
      "test result: ok. 8 passed; 0 failed; 0 ignored; 0 measured; 0 filtered out; finished in 0.00s",
      "test result: ok. 5 passed; 0 failed; 0 ignored; 0 measured; 0 filtered out; finished in 0.00s",
      "test result: ok. 4 passed; 0 failed; 0 ignored; 0 measured; 0 filtered out; finished in 0.02s",
      "test result: ok. 4 passed; 0 failed; 0 ignored; 0 measured; 0 filtered out; finished in 0.36s",
      "test result: ok. 13 passed; 0 failed; 0 ignored; 0 measured; 0 filtered out; finished in 0.38s",
      "test result: ok. 3 passed; 0 failed; 0 ignored; 0 measured; 0 filtered out; finished in 0.00s",
      "test result: ok. 2 passed; 0 failed; 0 ignored; 0 measured; 0 filtered out; finished in 0.01s",
      "test result: ok. 2 passed; 0 failed; 0 ignored; 0 measured; 0 filtered out; finished in 0.00s"
    ]
  },
  "disjoint-native_ipc": {
    "before": [],
    "after": [],
    "removed": [],
    "added": [],
    "results": [
      "test result: ok. 4 passed; 0 failed; 0 ignored; 0 measured; 0 filtered out; finished in 0.01s",
      "test result: ok. 10 passed; 0 failed; 0 ignored; 0 measured; 0 filtered out; finished in 0.15s",
      "test result: ok. 7 passed; 0 failed; 0 ignored; 0 measured; 0 filtered out; finished in 0.60s",
      "test result: ok. 9 passed; 0 failed; 0 ignored; 0 measured; 0 filtered out; finished in 0.15s",
      "test result: ok. 10 passed; 0 failed; 0 ignored; 0 measured; 0 filtered out; finished in 0.53s",
      "test result: ok. 12 passed; 0 failed; 0 ignored; 0 measured; 0 filtered out; finished in 0.09s",
      "test result: ok. 12 passed; 0 failed; 0 ignored; 0 measured; 0 filtered out; finished in 0.13s"
    ]
  },
  "disjoint-spill": {
    "before": [
      "anti_join_not_exists_spill_matches_in_memory",
      "count_distinct_spill_matches_in_memory",
      "filtered_semi_anti_join_spill_matches_in_memory",
      "join_spill_matches_in_memory",
      "outer_join_spill_matches_in_memory",
      "semi_join_exists_spill_matches_in_memory"
    ],
    "after": [
      "anti_join_not_exists_spill_matches_in_memory",
      "count_distinct_spill_matches_in_memory",
      "filtered_semi_anti_join_spill_matches_in_memory",
      "join_spill_matches_in_memory",
      "outer_join_spill_matches_in_memory",
      "semi_join_exists_spill_matches_in_memory"
    ],
    "removed": [],
    "added": [],
    "results": [
      "test result: ok. 2 passed; 0 failed; 0 ignored; 0 measured; 0 filtered out; finished in 0.01s",
      "test result: ok. 3 passed; 0 failed; 0 ignored; 0 measured; 0 filtered out; finished in 1.06s",
      "test result: ok. 2 passed; 0 failed; 0 ignored; 0 measured; 0 filtered out; finished in 8.52s",
      "test result: FAILED. 8 passed; 6 failed; 0 ignored; 0 measured; 0 filtered out; finished in 1.72s",
      "test result: ok. 13 passed; 0 failed; 0 ignored; 0 measured; 0 filtered out; finished in 0.61s"
    ]
  },
  "partial-library": {
    "before": [],
    "after": [],
    "removed": [],
    "added": [],
    "results": [
      "test result: ok. 1140 passed; 0 failed; 11 ignored; 0 measured; 0 filtered out; finished in 31.75s"
    ]
  },
  "partial-contracts": {
    "before": [],
    "after": [],
    "removed": [],
    "added": [],
    "results": [
      "test result: ok. 5 passed; 0 failed; 0 ignored; 0 measured; 0 filtered out; finished in 0.07s",
      "test result: ok. 8 passed; 0 failed; 0 ignored; 0 measured; 0 filtered out; finished in 0.09s",
      "test result: ok. 6 passed; 0 failed; 0 ignored; 0 measured; 0 filtered out; finished in 0.50s",
      "test result: ok. 3 passed; 0 failed; 0 ignored; 0 measured; 0 filtered out; finished in 0.24s",
      "test result: ok. 10 passed; 0 failed; 0 ignored; 0 measured; 0 filtered out; finished in 0.03s",
      "test result: ok. 2 passed; 0 failed; 0 ignored; 0 measured; 0 filtered out; finished in 0.06s",
      "test result: ok. 3 passed; 0 failed; 0 ignored; 0 measured; 0 filtered out; finished in 0.04s",
      "test result: ok. 5 passed; 0 failed; 0 ignored; 0 measured; 0 filtered out; finished in 0.06s",
      "test result: ok. 17 passed; 0 failed; 0 ignored; 0 measured; 0 filtered out; finished in 12.94s",
      "test result: ok. 14 passed; 0 failed; 0 ignored; 0 measured; 0 filtered out; finished in 0.18s",
      "test result: ok. 2 passed; 0 failed; 0 ignored; 0 measured; 0 filtered out; finished in 0.01s",
      "test result: ok. 12 passed; 0 failed; 0 ignored; 0 measured; 0 filtered out; finished in 0.03s",
      "test result: ok. 8 passed; 0 failed; 0 ignored; 0 measured; 0 filtered out; finished in 0.00s",
      "test result: ok. 5 passed; 0 failed; 0 ignored; 0 measured; 0 filtered out; finished in 0.00s",
      "test result: ok. 4 passed; 0 failed; 0 ignored; 0 measured; 0 filtered out; finished in 0.03s",
      "test result: ok. 4 passed; 0 failed; 0 ignored; 0 measured; 0 filtered out; finished in 0.16s",
      "test result: ok. 13 passed; 0 failed; 0 ignored; 0 measured; 0 filtered out; finished in 0.57s",
      "test result: ok. 3 passed; 0 failed; 0 ignored; 0 measured; 0 filtered out; finished in 0.02s",
      "test result: ok. 2 passed; 0 failed; 0 ignored; 0 measured; 0 filtered out; finished in 0.08s",
      "test result: ok. 2 passed; 0 failed; 0 ignored; 0 measured; 0 filtered out; finished in 0.00s"
    ]
  },
  "partial-native_ipc": {
    "before": [
      "native_table_matches_source_on_an_aggregate_cell_exact"
    ],
    "after": [
      "native_table_matches_source_on_an_aggregate_cell_exact"
    ],
    "removed": [],
    "added": [],
    "results": [
      "test result: ok. 4 passed; 0 failed; 0 ignored; 0 measured; 0 filtered out; finished in 0.00s",
      "test result: ok. 10 passed; 0 failed; 0 ignored; 0 measured; 0 filtered out; finished in 0.09s",
      "test result: ok. 7 passed; 0 failed; 0 ignored; 0 measured; 0 filtered out; finished in 1.07s",
      "test result: ok. 9 passed; 0 failed; 0 ignored; 0 measured; 0 filtered out; finished in 0.05s",
      "test result: ok. 10 passed; 0 failed; 0 ignored; 0 measured; 0 filtered out; finished in 0.42s",
      "test result: FAILED. 11 passed; 1 failed; 0 ignored; 0 measured; 0 filtered out; finished in 0.08s",
      "test result: ok. 12 passed; 0 failed; 0 ignored; 0 measured; 0 filtered out; finished in 0.14s"
    ]
  },
  "partial-spill": {
    "before": [
      "anti_join_not_exists_spill_matches_in_memory",
      "count_distinct_spill_matches_in_memory",
      "filtered_semi_anti_join_spill_matches_in_memory",
      "join_spill_matches_in_memory",
      "outer_join_spill_matches_in_memory",
      "semi_join_exists_spill_matches_in_memory"
    ],
    "after": [
      "anti_join_not_exists_spill_matches_in_memory",
      "count_distinct_spill_matches_in_memory",
      "filtered_semi_anti_join_spill_matches_in_memory",
      "join_spill_matches_in_memory",
      "outer_join_spill_matches_in_memory",
      "semi_join_exists_spill_matches_in_memory"
    ],
    "removed": [],
    "added": [],
    "results": [
      "test result: ok. 2 passed; 0 failed; 0 ignored; 0 measured; 0 filtered out; finished in 0.00s",
      "test result: ok. 3 passed; 0 failed; 0 ignored; 0 measured; 0 filtered out; finished in 0.38s",
      "test result: ok. 2 passed; 0 failed; 0 ignored; 0 measured; 0 filtered out; finished in 22.58s",
      "test result: FAILED. 8 passed; 6 failed; 0 ignored; 0 measured; 0 filtered out; finished in 1.82s",
      "test result: ok. 13 passed; 0 failed; 0 ignored; 0 measured; 0 filtered out; finished in 0.62s"
    ]
  }
}
executable counts, exits, failure names and retained test inventory verified
