1 baseline raw_parquet_generic q06 exit 0 typed [True] ms [196.83463500000002]
1 control raw_parquet_generic q06 exit 0 typed [True] ms [341.413838]
1 candidate raw_parquet_generic q06 exit 0 typed [True] ms [357.905869]
1 baseline raw_parquet q06 exit 0 typed [True] ms [170.84964399999998]
1 baseline raw_parquet q09 exit 0 typed [True] ms [1368.051948]
1 control raw_parquet q06 exit 0 typed [True] ms [188.128408]
1 control raw_parquet q09 exit 0 typed [True] ms [1376.391692]
1 candidate raw_parquet q06 exit 0 typed [True] ms [190.772194]
1 candidate raw_parquet q09 exit 0 typed [True] ms [1264.6883129999999]
1 baseline native q06 exit 0 typed [True] ms [869.317703]
1 baseline native q09 exit 0 typed [True] ms [2511.096056]
1 control native q06 exit 0 typed [True] ms [1121.812572]
1 control native q09 exit 0 typed [True] ms [2555.7694250000004]
1 candidate native q06 exit 0 typed [True] ms [970.870997]
1 candidate native q09 exit 0 typed [True] ms [2631.722067]
1 baseline cpu_resident_4t_32g q06 exit 0 typed [True] ms [630.063411]
1 baseline cpu_resident_4t_32g q09 exit 0 typed [True] ms [2443.216714]
1 control cpu_resident_4t_32g q06 exit 0 typed [True] ms [757.685916]
1 control cpu_resident_4t_32g q09 exit 0 typed [True] ms [2294.1371520000002]
1 candidate cpu_resident_4t_32g q06 exit 0 typed [True] ms [778.1024170000001]
1 candidate cpu_resident_4t_32g q09 exit 0 typed [True] ms [2349.5060510000003]
2 candidate raw_parquet_generic q06 exit 0 typed [True] ms [351.518483]
2 control raw_parquet_generic q06 exit 0 typed [True] ms [346.883598]
2 baseline raw_parquet_generic q06 exit 0 typed [True] ms [201.93871299999998]
2 candidate raw_parquet q06 exit 0 typed [True] ms [204.86517500000002]
2 candidate raw_parquet q09 exit 0 typed [True] ms [1480.6257170000001]
2 control raw_parquet q06 exit 0 typed [True] ms [205.49707899999999]
2 control raw_parquet q09 exit 0 typed [True] ms [1335.64138]
2 baseline raw_parquet q06 exit 0 typed [True] ms [183.42283]
2 baseline raw_parquet q09 exit 0 typed [True] ms [1384.755222]
2 candidate native q06 exit 0 typed [True] ms [840.988085]
2 candidate native q09 exit 0 typed [True] ms [2592.350178]
2 control native q06 exit 0 typed [True] ms [948.5809200000001]
2 control native q09 exit 0 typed [True] ms [2571.0752970000003]
2 baseline native q06 exit 0 typed [True] ms [840.7026490000001]
2 baseline native q09 exit 0 typed [True] ms [2639.4884909999996]
2 candidate cpu_resident_4t_32g q06 exit 0 typed [True] ms [746.582809]
2 candidate cpu_resident_4t_32g q09 exit 0 typed [True] ms [2375.2823080000003]
2 control cpu_resident_4t_32g q06 exit 0 typed [True] ms [749.362799]
2 control cpu_resident_4t_32g q09 exit 0 typed [True] ms [2334.7491910000003]
2 baseline cpu_resident_4t_32g q06 exit 0 typed [True] ms [621.7361460000001]
2 baseline cpu_resident_4t_32g q09 exit 0 typed [True] ms [2413.961051]
