[mem-cap] process hard-capped at 12.0G anonymous memory (RLIMIT_DATA; the engine aborts if exceeded, the terminal survives; size with QE_MEM_CAP)
[lance-scan]     1.1ms           5 rows 1 cols ["r_regionkey"]
[lance-scan]     1.1ms           5 rows 2 cols ["r_name", "r_comment"]
[lance-scan]     0.7ms          25 rows 2 cols ["n_nationkey", "n_regionkey"]
[lance-scan]     1.0ms          25 rows 2 cols ["n_name", "n_comment"]
[lance-scan]     1.9ms      100000 rows 2 cols ["s_suppkey", "s_nationkey"]
[lance-scan]    12.8ms      100000 rows 4 cols ["s_name", "s_address", "s_phone", "s_comment"]
[lance-scan]     5.9ms     1500000 rows 2 cols ["c_custkey", "c_nationkey"]
[lance-scan]    33.1ms     1048576 rows 5 cols ["c_name", "c_address", "c_phone", "c_mktsegment", "c_comment"]
[lance-scan]     2.7ms     2000000 rows 2 cols ["p_partkey", "p_size"]
[lance-scan]    16.5ms     1048576 rows 6 cols ["p_name", "p_mfgr", "p_brand", "p_type", "p_container", "p_comment"]
[lance-scan]    10.7ms     8000000 rows 3 cols ["ps_partkey", "ps_suppkey", "ps_availqty"]
[lance-scan]    24.7ms     1048576 rows 1 cols ["ps_comment"]
[lance-scan]    18.5ms    15000000 rows 4 cols ["o_orderkey", "o_custkey", "o_orderdate", "o_shippriority"]
[lance-scan]    18.9ms     1048576 rows 4 cols ["o_orderstatus", "o_orderpriority", "o_clerk", "o_comment"]
[lance-scan]   144.1ms    59986052 rows 7 cols ["l_orderkey", "l_partkey", "l_suppkey", "l_linenumber", "l_shipdate", "l_commitdate", "l_receiptdate"]
[lance-scan]    21.8ms     1048576 rows 5 cols ["l_returnflag", "l_linestatus", "l_shipinstruct", "l_shipmode", "l_comment"]
[lance-scan]    11.6ms     8000000 rows 3 cols ["ps_partkey", "ps_suppkey", "ps_supplycost"]
[lance-scan]     0.4ms          25 rows 2 cols ["n_nationkey", "n_name"]
[lance-scan]     0.6ms      100000 rows 2 cols ["s_suppkey", "s_nationkey"]
[lance-scan]    10.4ms    15000000 rows 2 cols ["o_orderkey", "o_orderdate"]
[lance-scan]    11.8ms     2000000 rows 2 cols ["p_partkey", "p_name"]
[lance-scan]   211.0ms    59986052 rows 6 cols ["l_orderkey", "l_partkey", "l_suppkey", "l_quantity", "l_extendedprice", "l_discount"]
[aggregate-frontier] {"admitted_buffers":true,"copy_bound":null,"envelope_bytes":null,"operator":"Project","partitions":16,"slots":16}
live_aggregate_routing key_preparation_ms=363.075 row_dispatch_ms=121.165 prepared_batches=7323 unprepared_batches=0
live_aggregate_workers workers=4 ownership=disjoint routing_ms=484.556 processing_wall_ms=146.422 serial_batches=7323 parallel_batches=0
live_aggregate_profile input_rows=3261613 input_batches=7323 evaluation_ms=8.614 ingestion_ms=642.728 finish_ms=0.117 output_ms=0.032 output_rows=175 output_batches=4 spilled_bytes=0
[lance-scan]    12.0ms     8000000 rows 3 cols ["ps_partkey", "ps_suppkey", "ps_supplycost"]
[lance-scan]     0.3ms          25 rows 2 cols ["n_nationkey", "n_name"]
[lance-scan]     0.4ms      100000 rows 2 cols ["s_suppkey", "s_nationkey"]
[lance-scan]    10.3ms    15000000 rows 2 cols ["o_orderkey", "o_orderdate"]
[lance-scan]    12.4ms     2000000 rows 2 cols ["p_partkey", "p_name"]
[lance-scan]   200.1ms    59986052 rows 6 cols ["l_orderkey", "l_partkey", "l_suppkey", "l_quantity", "l_extendedprice", "l_discount"]
[aggregate-frontier] {"admitted_buffers":true,"copy_bound":null,"envelope_bytes":null,"operator":"Project","partitions":16,"slots":16}
live_aggregate_routing key_preparation_ms=336.297 row_dispatch_ms=142.363 prepared_batches=7323 unprepared_batches=0
live_aggregate_workers workers=4 ownership=disjoint routing_ms=478.914 processing_wall_ms=119.654 serial_batches=7323 parallel_batches=0
live_aggregate_profile input_rows=3261613 input_batches=7323 evaluation_ms=6.961 ingestion_ms=610.805 finish_ms=0.119 output_ms=0.032 output_rows=175 output_batches=4 spilled_bytes=0
[lance-scan]    12.1ms     8000000 rows 3 cols ["ps_partkey", "ps_suppkey", "ps_supplycost"]
[lance-scan]     0.5ms          25 rows 2 cols ["n_nationkey", "n_name"]
[lance-scan]     0.5ms      100000 rows 2 cols ["s_suppkey", "s_nationkey"]
[lance-scan]    10.8ms    15000000 rows 2 cols ["o_orderkey", "o_orderdate"]
[lance-scan]    14.8ms     2000000 rows 2 cols ["p_partkey", "p_name"]
[lance-scan]   184.1ms    59986052 rows 6 cols ["l_orderkey", "l_partkey", "l_suppkey", "l_quantity", "l_extendedprice", "l_discount"]
[aggregate-frontier] {"admitted_buffers":true,"copy_bound":null,"envelope_bytes":null,"operator":"Project","partitions":16,"slots":16}
live_aggregate_routing key_preparation_ms=349.429 row_dispatch_ms=126.580 prepared_batches=7323 unprepared_batches=0
live_aggregate_workers workers=4 ownership=disjoint routing_ms=476.302 processing_wall_ms=139.784 serial_batches=7323 parallel_batches=0
live_aggregate_profile input_rows=3261613 input_batches=7323 evaluation_ms=8.672 ingestion_ms=627.649 finish_ms=0.122 output_ms=0.033 output_rows=175 output_batches=4 spilled_bytes=0
[lance-scan]    13.2ms     8000000 rows 3 cols ["ps_partkey", "ps_suppkey", "ps_supplycost"]
[lance-scan]     0.5ms          25 rows 2 cols ["n_nationkey", "n_name"]
[lance-scan]     0.4ms      100000 rows 2 cols ["s_suppkey", "s_nationkey"]
[lance-scan]    11.1ms    15000000 rows 2 cols ["o_orderkey", "o_orderdate"]
[lance-scan]    12.1ms     2000000 rows 2 cols ["p_partkey", "p_name"]
[lance-scan]   177.2ms    59986052 rows 6 cols ["l_orderkey", "l_partkey", "l_suppkey", "l_quantity", "l_extendedprice", "l_discount"]
[aggregate-frontier] {"admitted_buffers":true,"copy_bound":null,"envelope_bytes":null,"operator":"Project","partitions":16,"slots":16}
live_aggregate_routing key_preparation_ms=353.550 row_dispatch_ms=131.603 prepared_batches=7323 unprepared_batches=0
live_aggregate_workers workers=4 ownership=disjoint routing_ms=485.432 processing_wall_ms=132.497 serial_batches=7323 parallel_batches=0
live_aggregate_profile input_rows=3261613 input_batches=7323 evaluation_ms=8.142 ingestion_ms=630.597 finish_ms=0.121 output_ms=0.032 output_rows=175 output_batches=4 spilled_bytes=0
