[mem-cap] process hard-capped at 12.0G anonymous memory (RLIMIT_DATA; the engine aborts if exceeded, the terminal survives; size with QE_MEM_CAP)
[lance-scan]     2.4ms           5 rows 1 cols ["r_regionkey"]
[lance-scan]     0.9ms           5 rows 2 cols ["r_name", "r_comment"]
[lance-scan]     0.8ms          25 rows 2 cols ["n_nationkey", "n_regionkey"]
[lance-scan]     0.6ms          25 rows 2 cols ["n_name", "n_comment"]
[lance-scan]     1.5ms      100000 rows 2 cols ["s_suppkey", "s_nationkey"]
[lance-scan]    10.5ms      100000 rows 4 cols ["s_name", "s_address", "s_phone", "s_comment"]
[lance-scan]     5.5ms     1500000 rows 2 cols ["c_custkey", "c_nationkey"]
[lance-scan]    27.1ms     1048576 rows 5 cols ["c_name", "c_address", "c_phone", "c_mktsegment", "c_comment"]
[lance-scan]     2.7ms     2000000 rows 2 cols ["p_partkey", "p_size"]
[lance-scan]    16.9ms     1048576 rows 6 cols ["p_name", "p_mfgr", "p_brand", "p_type", "p_container", "p_comment"]
[lance-scan]    10.5ms     8000000 rows 3 cols ["ps_partkey", "ps_suppkey", "ps_availqty"]
[lance-scan]    24.9ms     1048576 rows 1 cols ["ps_comment"]
[lance-scan]    18.0ms    15000000 rows 4 cols ["o_orderkey", "o_custkey", "o_orderdate", "o_shippriority"]
[lance-scan]    16.2ms     1048576 rows 4 cols ["o_orderstatus", "o_orderpriority", "o_clerk", "o_comment"]
[lance-scan]   144.0ms    59986052 rows 7 cols ["l_orderkey", "l_partkey", "l_suppkey", "l_linenumber", "l_shipdate", "l_commitdate", "l_receiptdate"]
[lance-scan]    19.6ms     1048576 rows 5 cols ["l_returnflag", "l_linestatus", "l_shipinstruct", "l_shipmode", "l_comment"]
[lance-scan]    11.7ms     8000000 rows 3 cols ["ps_partkey", "ps_suppkey", "ps_supplycost"]
[lance-scan]     0.3ms          25 rows 2 cols ["n_nationkey", "n_name"]
[lance-scan]     0.4ms      100000 rows 2 cols ["s_suppkey", "s_nationkey"]
[lance-scan]    10.1ms    15000000 rows 2 cols ["o_orderkey", "o_orderdate"]
[lance-scan]    11.2ms     2000000 rows 2 cols ["p_partkey", "p_name"]
[lance-scan]   216.1ms    59986052 rows 6 cols ["l_orderkey", "l_partkey", "l_suppkey", "l_quantity", "l_extendedprice", "l_discount"]
[aggregate-frontier] {"admitted_buffers":true,"copy_bound":null,"envelope_bytes":null,"operator":"Project","partitions":16,"slots":16}
live_aggregate_routing key_preparation_ms=340.614 row_dispatch_ms=136.128 prepared_batches=7323 unprepared_batches=0
live_aggregate_workers workers=4 ownership=disjoint routing_ms=477.004 processing_wall_ms=123.410 serial_batches=7323 parallel_batches=0
live_aggregate_profile input_rows=3261613 input_batches=7323 evaluation_ms=6.823 ingestion_ms=613.319 finish_ms=0.124 output_ms=0.033 output_rows=175 output_batches=4 spilled_bytes=0
[lance-scan]    11.5ms     8000000 rows 3 cols ["ps_partkey", "ps_suppkey", "ps_supplycost"]
[lance-scan]     0.3ms          25 rows 2 cols ["n_nationkey", "n_name"]
[lance-scan]     0.4ms      100000 rows 2 cols ["s_suppkey", "s_nationkey"]
[lance-scan]    10.0ms    15000000 rows 2 cols ["o_orderkey", "o_orderdate"]
[lance-scan]    12.1ms     2000000 rows 2 cols ["p_partkey", "p_name"]
[lance-scan]   209.8ms    59986052 rows 6 cols ["l_orderkey", "l_partkey", "l_suppkey", "l_quantity", "l_extendedprice", "l_discount"]
[aggregate-frontier] {"admitted_buffers":true,"copy_bound":null,"envelope_bytes":null,"operator":"Project","partitions":16,"slots":16}
live_aggregate_routing key_preparation_ms=341.674 row_dispatch_ms=133.583 prepared_batches=7323 unprepared_batches=0
live_aggregate_workers workers=4 ownership=disjoint routing_ms=475.542 processing_wall_ms=135.772 serial_batches=7323 parallel_batches=0
live_aggregate_profile input_rows=3261613 input_batches=7323 evaluation_ms=8.421 ingestion_ms=623.064 finish_ms=0.122 output_ms=0.032 output_rows=175 output_batches=4 spilled_bytes=0
[lance-scan]    12.2ms     8000000 rows 3 cols ["ps_partkey", "ps_suppkey", "ps_supplycost"]
[lance-scan]     0.4ms          25 rows 2 cols ["n_nationkey", "n_name"]
[lance-scan]     0.3ms      100000 rows 2 cols ["s_suppkey", "s_nationkey"]
[lance-scan]    11.4ms    15000000 rows 2 cols ["o_orderkey", "o_orderdate"]
[lance-scan]    13.9ms     2000000 rows 2 cols ["p_partkey", "p_name"]
[lance-scan]   174.4ms    59986052 rows 6 cols ["l_orderkey", "l_partkey", "l_suppkey", "l_quantity", "l_extendedprice", "l_discount"]
[aggregate-frontier] {"admitted_buffers":true,"copy_bound":null,"envelope_bytes":null,"operator":"Project","partitions":16,"slots":16}
live_aggregate_routing key_preparation_ms=338.883 row_dispatch_ms=138.361 prepared_batches=7323 unprepared_batches=0
live_aggregate_workers workers=4 ownership=disjoint routing_ms=477.497 processing_wall_ms=123.495 serial_batches=7323 parallel_batches=0
live_aggregate_profile input_rows=3261613 input_batches=7323 evaluation_ms=7.082 ingestion_ms=614.640 finish_ms=0.117 output_ms=0.032 output_rows=175 output_batches=4 spilled_bytes=0
[lance-scan]    12.6ms     8000000 rows 3 cols ["ps_partkey", "ps_suppkey", "ps_supplycost"]
[lance-scan]     0.4ms          25 rows 2 cols ["n_nationkey", "n_name"]
[lance-scan]     0.5ms      100000 rows 2 cols ["s_suppkey", "s_nationkey"]
[lance-scan]    11.2ms    15000000 rows 2 cols ["o_orderkey", "o_orderdate"]
[lance-scan]    13.3ms     2000000 rows 2 cols ["p_partkey", "p_name"]
[lance-scan]   185.9ms    59986052 rows 6 cols ["l_orderkey", "l_partkey", "l_suppkey", "l_quantity", "l_extendedprice", "l_discount"]
[aggregate-frontier] {"admitted_buffers":true,"copy_bound":null,"envelope_bytes":null,"operator":"Project","partitions":16,"slots":16}
live_aggregate_routing key_preparation_ms=344.117 row_dispatch_ms=134.832 prepared_batches=7323 unprepared_batches=0
live_aggregate_workers workers=4 ownership=disjoint routing_ms=479.222 processing_wall_ms=129.801 serial_batches=7323 parallel_batches=0
live_aggregate_profile input_rows=3261613 input_batches=7323 evaluation_ms=7.971 ingestion_ms=621.610 finish_ms=0.120 output_ms=0.032 output_rows=175 output_batches=4 spilled_bytes=0
