[mem-cap] process hard-capped at 12.0G anonymous memory (RLIMIT_DATA; the engine aborts if exceeded, the terminal survives; size with QE_MEM_CAP)
[aggregate-frontier] {"admitted_buffers":false,"copy_bound":null,"envelope_bytes":null,"operator":"NativeStreamingScanExec","partitions":8,"slots":1}
live_aggregate_routing key_preparation_ms=751.397 row_dispatch_ms=354.679 prepared_batches=7323 unprepared_batches=0
live_aggregate_workers workers=4 ownership=disjoint routing_ms=1106.372 processing_wall_ms=1560.092 serial_batches=0 parallel_batches=7323
live_aggregate_profile input_rows=59986052 input_batches=916 evaluation_ms=6.240 ingestion_ms=2673.592 finish_ms=1003.740 output_ms=1003.538 output_rows=624 output_batches=618 spilled_bytes=0
[aggregate-frontier] {"admitted_buffers":false,"copy_bound":null,"envelope_bytes":null,"operator":"SpillableHashJoin","partitions":8,"slots":1}
live_aggregate_routing key_preparation_ms=1.219 row_dispatch_ms=0.377 prepared_batches=469 unprepared_batches=0
live_aggregate_workers workers=4 ownership=disjoint routing_ms=1.611 processing_wall_ms=0.605 serial_batches=469 parallel_batches=0
live_aggregate_profile input_rows=4368 input_batches=469 evaluation_ms=0.955 ingestion_ms=2.369 finish_ms=0.244 output_ms=0.170 output_rows=624 output_batches=4 spilled_bytes=0
[aggregate-frontier] {"admitted_buffers":false,"copy_bound":null,"envelope_bytes":null,"operator":"NativeStreamingScanExec","partitions":8,"slots":1}
live_aggregate_routing key_preparation_ms=755.032 row_dispatch_ms=366.065 prepared_batches=7323 unprepared_batches=0
live_aggregate_workers workers=4 ownership=disjoint routing_ms=1121.397 processing_wall_ms=1620.681 serial_batches=0 parallel_batches=7323
live_aggregate_profile input_rows=59986052 input_batches=916 evaluation_ms=6.566 ingestion_ms=2749.093 finish_ms=1006.083 output_ms=1005.878 output_rows=624 output_batches=614 spilled_bytes=0
[aggregate-frontier] {"admitted_buffers":false,"copy_bound":null,"envelope_bytes":null,"operator":"SpillableHashJoin","partitions":8,"slots":1}
live_aggregate_routing key_preparation_ms=1.186 row_dispatch_ms=0.360 prepared_batches=469 unprepared_batches=0
live_aggregate_workers workers=4 ownership=disjoint routing_ms=1.561 processing_wall_ms=0.619 serial_batches=469 parallel_batches=0
live_aggregate_profile input_rows=4368 input_batches=469 evaluation_ms=0.928 ingestion_ms=2.334 finish_ms=0.267 output_ms=0.179 output_rows=624 output_batches=4 spilled_bytes=0
[aggregate-frontier] {"admitted_buffers":false,"copy_bound":null,"envelope_bytes":null,"operator":"NativeStreamingScanExec","partitions":8,"slots":1}
live_aggregate_routing key_preparation_ms=744.395 row_dispatch_ms=374.101 prepared_batches=7323 unprepared_batches=0
live_aggregate_workers workers=4 ownership=disjoint routing_ms=1118.790 processing_wall_ms=1587.156 serial_batches=0 parallel_batches=7323
live_aggregate_profile input_rows=59986052 input_batches=916 evaluation_ms=6.652 ingestion_ms=2713.144 finish_ms=1016.157 output_ms=1015.947 output_rows=624 output_batches=614 spilled_bytes=0
[aggregate-frontier] {"admitted_buffers":false,"copy_bound":null,"envelope_bytes":null,"operator":"SpillableHashJoin","partitions":8,"slots":1}
live_aggregate_routing key_preparation_ms=1.226 row_dispatch_ms=0.366 prepared_batches=469 unprepared_batches=0
live_aggregate_workers workers=4 ownership=disjoint routing_ms=1.607 processing_wall_ms=0.635 serial_batches=469 parallel_batches=0
live_aggregate_profile input_rows=4368 input_batches=469 evaluation_ms=0.928 ingestion_ms=2.397 finish_ms=0.231 output_ms=0.161 output_rows=624 output_batches=4 spilled_bytes=0
[aggregate-frontier] {"admitted_buffers":false,"copy_bound":null,"envelope_bytes":null,"operator":"NativeStreamingScanExec","partitions":8,"slots":1}
live_aggregate_routing key_preparation_ms=782.473 row_dispatch_ms=367.187 prepared_batches=7323 unprepared_batches=0
live_aggregate_workers workers=4 ownership=disjoint routing_ms=1149.962 processing_wall_ms=1671.257 serial_batches=0 parallel_batches=7323
live_aggregate_profile input_rows=59986052 input_batches=916 evaluation_ms=6.733 ingestion_ms=2828.334 finish_ms=1034.406 output_ms=1034.180 output_rows=624 output_batches=615 spilled_bytes=0
[aggregate-frontier] {"admitted_buffers":false,"copy_bound":null,"envelope_bytes":null,"operator":"SpillableHashJoin","partitions":8,"slots":1}
live_aggregate_routing key_preparation_ms=1.205 row_dispatch_ms=0.362 prepared_batches=469 unprepared_batches=0
live_aggregate_workers workers=4 ownership=disjoint routing_ms=1.581 processing_wall_ms=0.630 serial_batches=469 parallel_batches=0
live_aggregate_profile input_rows=4368 input_batches=469 evaluation_ms=0.919 ingestion_ms=2.362 finish_ms=0.241 output_ms=0.165 output_rows=624 output_batches=4 spilled_bytes=0
