[mem-cap] process hard-capped at 12.0G anonymous memory (RLIMIT_DATA; the engine aborts if exceeded, the terminal survives; size with QE_MEM_CAP)
[aggregate-frontier] {"admitted_buffers":false,"copy_bound":null,"envelope_bytes":null,"operator":"NativeStreamingScanExec","partitions":8,"slots":1}
live_aggregate_routing key_preparation_ms=751.273 row_dispatch_ms=358.484 prepared_batches=7323 unprepared_batches=0
live_aggregate_workers workers=4 ownership=disjoint routing_ms=1110.065 processing_wall_ms=1607.886 serial_batches=0 parallel_batches=7323
live_aggregate_profile input_rows=59986052 input_batches=916 evaluation_ms=6.071 ingestion_ms=2724.805 finish_ms=1004.693 output_ms=1004.461 output_rows=624 output_batches=615 spilled_bytes=0
[aggregate-frontier] {"admitted_buffers":false,"copy_bound":null,"envelope_bytes":null,"operator":"SpillableHashJoin","partitions":8,"slots":1}
live_aggregate_routing key_preparation_ms=1.142 row_dispatch_ms=0.311 prepared_batches=469 unprepared_batches=0
live_aggregate_workers workers=4 ownership=disjoint routing_ms=1.468 processing_wall_ms=0.622 serial_batches=469 parallel_batches=0
live_aggregate_profile input_rows=4368 input_batches=469 evaluation_ms=0.896 ingestion_ms=2.240 finish_ms=0.248 output_ms=0.175 output_rows=624 output_batches=4 spilled_bytes=0
[aggregate-frontier] {"admitted_buffers":false,"copy_bound":null,"envelope_bytes":null,"operator":"NativeStreamingScanExec","partitions":8,"slots":1}
live_aggregate_routing key_preparation_ms=748.370 row_dispatch_ms=361.255 prepared_batches=7323 unprepared_batches=0
live_aggregate_workers workers=4 ownership=disjoint routing_ms=1109.903 processing_wall_ms=1563.260 serial_batches=0 parallel_batches=7323
live_aggregate_profile input_rows=59986052 input_batches=916 evaluation_ms=6.313 ingestion_ms=2680.301 finish_ms=1004.926 output_ms=1004.719 output_rows=624 output_batches=615 spilled_bytes=0
[aggregate-frontier] {"admitted_buffers":false,"copy_bound":null,"envelope_bytes":null,"operator":"SpillableHashJoin","partitions":8,"slots":1}
live_aggregate_routing key_preparation_ms=1.233 row_dispatch_ms=0.313 prepared_batches=469 unprepared_batches=0
live_aggregate_workers workers=4 ownership=disjoint routing_ms=1.562 processing_wall_ms=0.670 serial_batches=469 parallel_batches=0
live_aggregate_profile input_rows=4368 input_batches=469 evaluation_ms=1.009 ingestion_ms=2.390 finish_ms=0.257 output_ms=0.176 output_rows=624 output_batches=4 spilled_bytes=0
[aggregate-frontier] {"admitted_buffers":false,"copy_bound":null,"envelope_bytes":null,"operator":"NativeStreamingScanExec","partitions":8,"slots":1}
live_aggregate_routing key_preparation_ms=734.219 row_dispatch_ms=351.763 prepared_batches=7323 unprepared_batches=0
live_aggregate_workers workers=4 ownership=disjoint routing_ms=1086.258 processing_wall_ms=1600.395 serial_batches=0 parallel_batches=7323
live_aggregate_profile input_rows=59986052 input_batches=916 evaluation_ms=6.312 ingestion_ms=2693.847 finish_ms=1005.611 output_ms=1005.406 output_rows=624 output_batches=615 spilled_bytes=0
[aggregate-frontier] {"admitted_buffers":false,"copy_bound":null,"envelope_bytes":null,"operator":"SpillableHashJoin","partitions":8,"slots":1}
live_aggregate_routing key_preparation_ms=1.172 row_dispatch_ms=0.309 prepared_batches=469 unprepared_batches=0
live_aggregate_workers workers=4 ownership=disjoint routing_ms=1.496 processing_wall_ms=0.641 serial_batches=469 parallel_batches=0
live_aggregate_profile input_rows=4368 input_batches=469 evaluation_ms=0.932 ingestion_ms=2.288 finish_ms=0.244 output_ms=0.165 output_rows=624 output_batches=4 spilled_bytes=0
[aggregate-frontier] {"admitted_buffers":false,"copy_bound":null,"envelope_bytes":null,"operator":"NativeStreamingScanExec","partitions":8,"slots":1}
live_aggregate_routing key_preparation_ms=755.599 row_dispatch_ms=351.682 prepared_batches=7323 unprepared_batches=0
live_aggregate_workers workers=4 ownership=disjoint routing_ms=1107.552 processing_wall_ms=1580.695 serial_batches=0 parallel_batches=7323
live_aggregate_profile input_rows=59986052 input_batches=916 evaluation_ms=5.848 ingestion_ms=2694.964 finish_ms=1010.589 output_ms=1010.387 output_rows=624 output_batches=615 spilled_bytes=0
[aggregate-frontier] {"admitted_buffers":false,"copy_bound":null,"envelope_bytes":null,"operator":"SpillableHashJoin","partitions":8,"slots":1}
live_aggregate_routing key_preparation_ms=1.304 row_dispatch_ms=0.338 prepared_batches=469 unprepared_batches=0
live_aggregate_workers workers=4 ownership=disjoint routing_ms=1.656 processing_wall_ms=0.676 serial_batches=469 parallel_batches=0
live_aggregate_profile input_rows=4368 input_batches=469 evaluation_ms=1.047 ingestion_ms=2.493 finish_ms=0.246 output_ms=0.168 output_rows=624 output_batches=4 spilled_bytes=0
