[mem-cap] process hard-capped at 12.0G anonymous memory (RLIMIT_DATA; the engine aborts if exceeded, the terminal survives; size with QE_MEM_CAP)
[lance-scan]     1.7ms           5 rows 1 cols ["r_regionkey"]
[lance-scan]     0.4ms           5 rows 2 cols ["r_name", "r_comment"]
[lance-scan]     0.4ms          25 rows 2 cols ["n_nationkey", "n_regionkey"]
[lance-scan]     0.4ms          25 rows 2 cols ["n_name", "n_comment"]
[lance-scan]     1.0ms      100000 rows 2 cols ["s_suppkey", "s_nationkey"]
[lance-scan]     6.1ms      100000 rows 4 cols ["s_name", "s_address", "s_phone", "s_comment"]
[lance-scan]     5.2ms     1500000 rows 2 cols ["c_custkey", "c_nationkey"]
[lance-scan]    26.4ms     1048576 rows 5 cols ["c_name", "c_address", "c_phone", "c_mktsegment", "c_comment"]
[lance-scan]     2.6ms     2000000 rows 2 cols ["p_partkey", "p_size"]
[lance-scan]    16.8ms     1048576 rows 6 cols ["p_name", "p_mfgr", "p_brand", "p_type", "p_container", "p_comment"]
[lance-scan]    10.9ms     8000000 rows 3 cols ["ps_partkey", "ps_suppkey", "ps_availqty"]
[lance-scan]    23.3ms     1048576 rows 1 cols ["ps_comment"]
[lance-scan]    18.3ms    15000000 rows 4 cols ["o_orderkey", "o_custkey", "o_orderdate", "o_shippriority"]
[lance-scan]    16.4ms     1048576 rows 4 cols ["o_orderstatus", "o_orderpriority", "o_clerk", "o_comment"]
[lance-scan]   148.9ms    59986052 rows 7 cols ["l_orderkey", "l_partkey", "l_suppkey", "l_linenumber", "l_shipdate", "l_commitdate", "l_receiptdate"]
[lance-scan]    19.7ms     1048576 rows 5 cols ["l_returnflag", "l_linestatus", "l_shipinstruct", "l_shipmode", "l_comment"]
[lance-scan]   309.8ms    59986052 rows 7 cols ["l_quantity", "l_extendedprice", "l_discount", "l_tax", "l_returnflag", "l_linestatus", "l_shipdate"]
[aggregate-frontier] {"admitted_buffers":true,"copy_bound":null,"envelope_bytes":null,"operator":"Project","partitions":16,"slots":16}
live_aggregate_routing key_preparation_ms=968.642 row_dispatch_ms=361.344 prepared_batches=7323 unprepared_batches=0
live_aggregate_workers workers=4 ownership=disjoint routing_ms=1330.303 processing_wall_ms=2836.078 serial_batches=0 parallel_batches=7323
live_aggregate_profile input_rows=59142609 input_batches=7323 evaluation_ms=1426.621 ingestion_ms=4173.199 finish_ms=0.114 output_ms=0.026 output_rows=4 output_batches=3 spilled_bytes=0
[lance-scan]   267.9ms    59986052 rows 7 cols ["l_quantity", "l_extendedprice", "l_discount", "l_tax", "l_returnflag", "l_linestatus", "l_shipdate"]
[aggregate-frontier] {"admitted_buffers":true,"copy_bound":null,"envelope_bytes":null,"operator":"Project","partitions":16,"slots":16}
live_aggregate_routing key_preparation_ms=906.672 row_dispatch_ms=367.275 prepared_batches=7323 unprepared_batches=0
live_aggregate_workers workers=4 ownership=disjoint routing_ms=1274.256 processing_wall_ms=2515.191 serial_batches=0 parallel_batches=7323
live_aggregate_profile input_rows=59142609 input_batches=7323 evaluation_ms=1418.493 ingestion_ms=3796.608 finish_ms=0.108 output_ms=0.020 output_rows=4 output_batches=3 spilled_bytes=0
[lance-scan]   229.1ms    59986052 rows 7 cols ["l_quantity", "l_extendedprice", "l_discount", "l_tax", "l_returnflag", "l_linestatus", "l_shipdate"]
[aggregate-frontier] {"admitted_buffers":true,"copy_bound":null,"envelope_bytes":null,"operator":"Project","partitions":16,"slots":16}
live_aggregate_routing key_preparation_ms=919.343 row_dispatch_ms=362.260 prepared_batches=7323 unprepared_batches=0
live_aggregate_workers workers=4 ownership=disjoint routing_ms=1281.904 processing_wall_ms=2459.459 serial_batches=0 parallel_batches=7323
live_aggregate_profile input_rows=59142609 input_batches=7323 evaluation_ms=1435.445 ingestion_ms=3748.367 finish_ms=0.107 output_ms=0.021 output_rows=4 output_batches=3 spilled_bytes=0
[lance-scan]   265.2ms    59986052 rows 7 cols ["l_quantity", "l_extendedprice", "l_discount", "l_tax", "l_returnflag", "l_linestatus", "l_shipdate"]
[aggregate-frontier] {"admitted_buffers":true,"copy_bound":null,"envelope_bytes":null,"operator":"Project","partitions":16,"slots":16}
live_aggregate_routing key_preparation_ms=891.305 row_dispatch_ms=363.076 prepared_batches=7323 unprepared_batches=0
live_aggregate_workers workers=4 ownership=disjoint routing_ms=1254.686 processing_wall_ms=2530.664 serial_batches=0 parallel_batches=7323
live_aggregate_profile input_rows=59142609 input_batches=7323 evaluation_ms=1428.276 ingestion_ms=3792.211 finish_ms=0.120 output_ms=0.021 output_rows=4 output_batches=3 spilled_bytes=0
